Archive member included to satisfy reference by file (symbol)

e:/app_windows/mounriver_studio/base_file/mounriver_studio/toolchain/risc-v embedded gcc/bin/../lib/gcc/riscv-none-embed/8.2.0/../../../../riscv-none-embed/lib/rv32imafc/ilp32f\libm.a(lib_a-s_floor.o)
                              CMakeFiles/CH32V307VCT6_CMake_RT_Thread_2024_11_27.elf.dir/CMyLib/Src/cJSON.c.obj (floor)
e:/app_windows/mounriver_studio/base_file/mounriver_studio/toolchain/risc-v embedded gcc/bin/../lib/gcc/riscv-none-embed/8.2.0/../../../../riscv-none-embed/lib/rv32imafc/ilp32f\libm.a(lib_a-w_pow.o)
                              CMakeFiles/CH32V307VCT6_CMake_RT_Thread_2024_11_27.elf.dir/CMyLib/Src/cJSON.c.obj (pow)
e:/app_windows/mounriver_studio/base_file/mounriver_studio/toolchain/risc-v embedded gcc/bin/../lib/gcc/riscv-none-embed/8.2.0/../../../../riscv-none-embed/lib/rv32imafc/ilp32f\libm.a(lib_a-e_pow.o)
                              e:/app_windows/mounriver_studio/base_file/mounriver_studio/toolchain/risc-v embedded gcc/bin/../lib/gcc/riscv-none-embed/8.2.0/../../../../riscv-none-embed/lib/rv32imafc/ilp32f\libm.a(lib_a-w_pow.o) (__ieee754_pow)
e:/app_windows/mounriver_studio/base_file/mounriver_studio/toolchain/risc-v embedded gcc/bin/../lib/gcc/riscv-none-embed/8.2.0/../../../../riscv-none-embed/lib/rv32imafc/ilp32f\libm.a(lib_a-e_sqrt.o)
                              e:/app_windows/mounriver_studio/base_file/mounriver_studio/toolchain/risc-v embedded gcc/bin/../lib/gcc/riscv-none-embed/8.2.0/../../../../riscv-none-embed/lib/rv32imafc/ilp32f\libm.a(lib_a-e_pow.o) (__ieee754_sqrt)
e:/app_windows/mounriver_studio/base_file/mounriver_studio/toolchain/risc-v embedded gcc/bin/../lib/gcc/riscv-none-embed/8.2.0/../../../../riscv-none-embed/lib/rv32imafc/ilp32f\libm.a(lib_a-s_fabs.o)
                              e:/app_windows/mounriver_studio/base_file/mounriver_studio/toolchain/risc-v embedded gcc/bin/../lib/gcc/riscv-none-embed/8.2.0/../../../../riscv-none-embed/lib/rv32imafc/ilp32f\libm.a(lib_a-e_pow.o) (fabs)
e:/app_windows/mounriver_studio/base_file/mounriver_studio/toolchain/risc-v embedded gcc/bin/../lib/gcc/riscv-none-embed/8.2.0/../../../../riscv-none-embed/lib/rv32imafc/ilp32f\libm.a(lib_a-s_finite.o)
                              e:/app_windows/mounriver_studio/base_file/mounriver_studio/toolchain/risc-v embedded gcc/bin/../lib/gcc/riscv-none-embed/8.2.0/../../../../riscv-none-embed/lib/rv32imafc/ilp32f\libm.a(lib_a-w_pow.o) (finite)
e:/app_windows/mounriver_studio/base_file/mounriver_studio/toolchain/risc-v embedded gcc/bin/../lib/gcc/riscv-none-embed/8.2.0/../../../../riscv-none-embed/lib/rv32imafc/ilp32f\libm.a(lib_a-s_lib_ver.o)
                              e:/app_windows/mounriver_studio/base_file/mounriver_studio/toolchain/risc-v embedded gcc/bin/../lib/gcc/riscv-none-embed/8.2.0/../../../../riscv-none-embed/lib/rv32imafc/ilp32f\libm.a(lib_a-w_pow.o) (__fdlib_version)
e:/app_windows/mounriver_studio/base_file/mounriver_studio/toolchain/risc-v embedded gcc/bin/../lib/gcc/riscv-none-embed/8.2.0/../../../../riscv-none-embed/lib/rv32imafc/ilp32f\libm.a(lib_a-s_matherr.o)
                              e:/app_windows/mounriver_studio/base_file/mounriver_studio/toolchain/risc-v embedded gcc/bin/../lib/gcc/riscv-none-embed/8.2.0/../../../../riscv-none-embed/lib/rv32imafc/ilp32f\libm.a(lib_a-w_pow.o) (matherr)
e:/app_windows/mounriver_studio/base_file/mounriver_studio/toolchain/risc-v embedded gcc/bin/../lib/gcc/riscv-none-embed/8.2.0/../../../../riscv-none-embed/lib/rv32imafc/ilp32f\libm.a(lib_a-s_nan.o)
                              e:/app_windows/mounriver_studio/base_file/mounriver_studio/toolchain/risc-v embedded gcc/bin/../lib/gcc/riscv-none-embed/8.2.0/../../../../riscv-none-embed/lib/rv32imafc/ilp32f\libm.a(lib_a-e_pow.o) (nan)
e:/app_windows/mounriver_studio/base_file/mounriver_studio/toolchain/risc-v embedded gcc/bin/../lib/gcc/riscv-none-embed/8.2.0/../../../../riscv-none-embed/lib/rv32imafc/ilp32f\libm.a(lib_a-s_rint.o)
                              e:/app_windows/mounriver_studio/base_file/mounriver_studio/toolchain/risc-v embedded gcc/bin/../lib/gcc/riscv-none-embed/8.2.0/../../../../riscv-none-embed/lib/rv32imafc/ilp32f\libm.a(lib_a-w_pow.o) (rint)
e:/app_windows/mounriver_studio/base_file/mounriver_studio/toolchain/risc-v embedded gcc/bin/../lib/gcc/riscv-none-embed/8.2.0/../../../../riscv-none-embed/lib/rv32imafc/ilp32f\libm.a(lib_a-s_scalbn.o)
                              e:/app_windows/mounriver_studio/base_file/mounriver_studio/toolchain/risc-v embedded gcc/bin/../lib/gcc/riscv-none-embed/8.2.0/../../../../riscv-none-embed/lib/rv32imafc/ilp32f\libm.a(lib_a-e_pow.o) (scalbn)
e:/app_windows/mounriver_studio/base_file/mounriver_studio/toolchain/risc-v embedded gcc/bin/../lib/gcc/riscv-none-embed/8.2.0/../../../../riscv-none-embed/lib/rv32imafc/ilp32f\libm.a(lib_a-s_copysign.o)
[...]
Memory Configuration

Name             Origin             Length             Attributes
FLASH            0x0000000000000000 0x0000000000040000 xr
RAM              0x0000000020000000 0x0000000000010000 xrw
*default*        0x0000000000000000 0xffffffffffffffff

Linker script and memory map

LOAD CMakeFiles/CH32V307VCT6_CMake_RT_Thread_2024_11_27.elf.dir/App/Drivers/Led/led.c.obj
LOAD CMakeFiles/CH32V307VCT6_CMake_RT_Thread_2024_11_27.elf.dir/CMyLib/Src/cJSON.c.obj
LOAD CMakeFiles/CH32V307VCT6_CMake_RT_Thread_2024_11_27.elf.dir/CMyLib/cMyLib.c.obj
LOAD CMakeFiles/CH32V307VCT6_CMake_RT_Thread_2024_11_27.elf.dir/Core/core_riscv.c.obj
LOAD CMakeFiles/CH32V307VCT6_CMake_RT_Thread_2024_11_27.elf.dir/Debug/debug.c.obj
LOAD CMakeFiles/CH32V307VCT6_CMake_RT_Thread_2024_11_27.elf.dir/Peripheral/src/ch32v30x_adc.c.obj
LOAD CMakeFiles/CH32V307VCT6_CMake_RT_Thread_2024_11_27.elf.dir/Peripheral/src/ch32v30x_bkp.c.obj
LOAD CMakeFiles/CH32V307VCT6_CMake_RT_Thread_2024_11_27.elf.dir/Peripheral/src/ch32v30x_can.c.obj
LOAD CMakeFiles/CH32V307VCT6_CMake_RT_Thread_2024_11_27.elf.dir/Peripheral/src/ch32v30x_crc.c.obj
LOAD CMakeFiles/CH32V307VCT6_CMake_RT_Thread_2024_11_27.elf.dir/Peripheral/src/ch32v30x_dac.c.obj
LOAD CMakeFiles/CH32V307VCT6_CMake_RT_Thread_2024_11_27.elf.dir/Peripheral/src/ch32v30x_dbgmcu.c.obj
LOAD CMakeFiles/CH32V307VCT6_CMake_RT_Thread_2024_11_27.elf.dir/Peripheral/src/ch32v30x_dma.c.obj
LOAD CMakeFiles/CH32V307VCT6_CMake_RT_Thread_2024_11_27.elf.dir/Peripheral/src/ch32v30x_dvp.c.obj
LOAD CMakeFiles/CH32V307VCT6_CMake_RT_Thread_2024_11_27.elf.dir/Peripheral/src/ch32v30x_eth.c.obj
LOAD CMakeFiles/CH32V307VCT6_CMake_RT_Thread_2024_11_27.elf.dir/Peripheral/src/ch32v30x_exti.c.obj
LOAD CMakeFiles/CH32V307VCT6_CMake_RT_Thread_2024_11_27.elf.dir/Peripheral/src/ch32v30x_flash.c.obj
LOAD CMakeFiles/CH32V307VCT6_CMake_RT_Thread_2024_11_27.elf.dir/Peripheral/src/ch32v30x_fsmc.c.obj
LOAD CMakeFiles/CH32V307VCT6_CMake_RT_Thread_2024_11_27.elf.dir/Peripheral/src/ch32v30x_gpio.c.obj
LOAD CMakeFiles/CH32V307VCT6_CMake_RT_Thread_2024_11_27.elf.dir/Peripheral/src/ch32v30x_i2c.c.obj
LOAD CMakeFiles/CH32V307VCT6_CMake_RT_Thread_2024_11_27.elf.dir/Peripheral/src/ch32v30x_iwdg.c.obj
LOAD CMakeFiles/CH32V307VCT6_CMake_RT_Thread_2024_11_27.elf.dir/Peripheral/src/ch32v30x_misc.c.obj
LOAD CMakeFiles/CH32V307VCT6_CMake_RT_Thread_2024_11_27.elf.dir/Peripheral/src/ch32v30x_opa.c.obj
LOAD CMakeFiles/CH32V307VCT6_CMake_RT_Thread_2024_11_27.elf.dir/Peripheral/src/ch32v30x_pwr.c.obj
LOAD CMakeFiles/CH32V307VCT6_CMake_RT_Thread_2024_11_27.elf.dir/Peripheral/src/ch32v30x_rcc.c.obj
LOAD CMakeFiles/CH32V307VCT6_CMake_RT_Thread_2024_11_27.elf.dir/Peripheral/src/ch32v30x_rng.c.obj
LOAD CMakeFiles/CH32V307VCT6_CMake_RT_Thread_2024_11_27.elf.dir/Peripheral/src/ch32v30x_rtc.c.obj
LOAD CMakeFiles/CH32V307VCT6_CMake_RT_Thread_2024_11_27.elf.dir/Peripheral/src/ch32v30x_sdio.c.obj
LOAD CMakeFiles/CH32V307VCT6_CMake_RT_Thread_2024_11_27.elf.dir/Peripheral/src/ch32v30x_spi.c.obj
LOAD CMakeFiles/CH32V307VCT6_CMake_RT_Thread_2024_11_27.elf.dir/Peripheral/src/ch32v30x_tim.c.obj
LOAD CMakeFiles/CH32V307VCT6_CMake_RT_Thread_2024_11_27.elf.dir/Peripheral/src/ch32v30x_usart.c.obj
LOAD CMakeFiles/CH32V307VCT6_CMake_RT_Thread_2024_11_27.elf.dir/Peripheral/src/ch32v30x_wwdg.c.obj
LOAD CMakeFiles/CH32V307VCT6_CMake_RT_Thread_2024_11_27.elf.dir/Startup/startup_ch32v30x_D8C.S.obj
LOAD CMakeFiles/CH32V307VCT6_CMake_RT_Thread_2024_11_27.elf.dir/User/ch32v30x_it.c.obj
LOAD CMakeFiles/CH32V307VCT6_CMake_RT_Thread_2024_11_27.elf.dir/User/main.c.obj
LOAD CMakeFiles/CH32V307VCT6_CMake_RT_Thread_2024_11_27.elf.dir/User/system_ch32v30x.c.obj
LOAD CMakeFiles/CH32V307VCT6_CMake_RT_Thread_2024_11_27.elf.dir/drivers/drv_gpio.c.obj
LOAD CMakeFiles/CH32V307VCT6_CMake_RT_Thread_2024_11_27.elf.dir/drivers/drv_usart.c.obj
LOAD CMakeFiles/CH32V307VCT6_CMake_RT_Thread_2024_11_27.elf.dir/rtthread/board.c.obj
LOAD CMakeFiles/CH32V307VCT6_CMake_RT_Thread_2024_11_27.elf.dir/rtthread/components/drivers/misc/pin.c.obj
LOAD CMakeFiles/CH32V307VCT6_CMake_RT_Thread_2024_11_27.elf.dir/rtthread/components/drivers/serial/serial.c.obj
LOAD CMakeFiles/CH32V307VCT6_CMake_RT_Thread_2024_11_27.elf.dir/rtthread/components/finsh/cmd.c.obj
LOAD CMakeFiles/CH32V307VCT6_CMake_RT_Thread_2024_11_27.elf.dir/rtthread/components/finsh/msh.c.obj
LOAD CMakeFiles/CH32V307VCT6_CMake_RT_Thread_2024_11_27.elf.dir/rtthread/components/finsh/msh_cmd.c.obj
LOAD CMakeFiles/CH32V307VCT6_CMake_RT_Thread_2024_11_27.elf.dir/rtthread/components/finsh/msh_file.c.obj
LOAD CMakeFiles/CH32V307VCT6_CMake_RT_Thread_2024_11_27.elf.dir/rtthread/components/finsh/shell.c.obj
LOAD CMakeFiles/CH32V307VCT6_CMake_RT_Thread_2024_11_27.elf.dir/rtthread/components/finsh/symbol.c.obj
LOAD CMakeFiles/CH32V307VCT6_CMake_RT_Thread_2024_11_27.elf.dir/rtthread/libcpu/risc-v/common/context_gcc.S.obj
LOAD CMakeFiles/CH32V307VCT6_CMake_RT_Thread_2024_11_27.elf.dir/rtthread/libcpu/risc-v/common/cpuport.c.obj
LOAD CMakeFiles/CH32V307VCT6_CMake_RT_Thread_2024_11_27.elf.dir/rtthread/libcpu/risc-v/common/interrupt_gcc.S.obj
LOAD CMakeFiles/CH32V307VCT6_CMake_RT_Thread_2024_11_27.elf.dir/rtthread/src/clock.c.obj
LOAD CMakeFiles/CH32V307VCT6_CMake_RT_Thread_2024_11_27.elf.dir/rtthread/src/components.c.obj
LOAD CMakeFiles/CH32V307VCT6_CMake_RT_Thread_2024_11_27.elf.dir/rtthread/src/cpu.c.obj
LOAD CMakeFiles/CH32V307VCT6_CMake_RT_Thread_2024_11_27.elf.dir/rtthread/src/device.c.obj
LOAD CMakeFiles/CH32V307VCT6_CMake_RT_Thread_2024_11_27.elf.dir/rtthread/src/idle.c.obj
LOAD CMakeFiles/CH32V307VCT6_CMake_RT_Thread_2024_11_27.elf.dir/rtthread/src/ipc.c.obj
LOAD CMakeFiles/CH32V307VCT6_CMake_RT_Thread_2024_11_27.elf.dir/rtthread/src/irq.c.obj
LOAD CMakeFiles/CH32V307VCT6_CMake_RT_Thread_2024_11_27.elf.dir/rtthread/src/kservice.c.obj
LOAD CMakeFiles/CH32V307VCT6_CMake_RT_Thread_2024_11_27.elf.dir/rtthread/src/mem.c.obj
LOAD CMakeFiles/CH32V307VCT6_CMake_RT_Thread_2024_11_27.elf.dir/rtthread/src/memheap.c.obj
LOAD CMakeFiles/CH32V307VCT6_CMake_RT_Thread_2024_11_27.elf.dir/rtthread/src/mempool.c.obj
LOAD CMakeFiles/CH32V307VCT6_CMake_RT_Thread_2024_11_27.elf.dir/rtthread/src/object.c.obj
LOAD CMakeFiles/CH32V307VCT6_CMake_RT_Thread_2024_11_27.elf.dir/rtthread/src/scheduler.c.obj
LOAD CMakeFiles/CH32V307VCT6_CMake_RT_Thread_2024_11_27.elf.dir/rtthread/src/slab.c.obj
LOAD CMakeFiles/CH32V307VCT6_CMake_RT_Thread_2024_11_27.elf.dir/rtthread/src/thread.c.obj
LOAD CMakeFiles/CH32V307VCT6_CMake_RT_Thread_2024_11_27.elf.dir/rtthread/src/timer.c.obj
LOAD e:/app_windows/mounriver_studio/base_file/mounriver_studio/toolchain/risc-v embedded gcc/bin/../lib/gcc/riscv-none-embed/8.2.0/../../../../riscv-none-embed/lib/rv32imafc/ilp32f\libm.a
LOAD e:/app_windows/mounriver_studio/base_file/mounriver_studio/toolchain/risc-v embedded gcc/bin/../lib/gcc/riscv-none-embed/8.2.0/rv32imafc/ilp32f\libgcc.a
LOAD e:/app_windows/mounriver_studio/base_file/mounriver_studio/toolchain/risc-v embedded gcc/bin/../lib/gcc/riscv-none-embed/8.2.0/../../../../riscv-none-embed/lib/rv32imafc/ilp32f\libc_nano.a
LOAD e:/app_windows/mounriver_studio/base_file/mounriver_studio/toolchain/risc-v embedded gcc/bin/../lib/gcc/riscv-none-embed/8.2.0/rv32imafc/ilp32f\libgcc.a
START GROUP
LOAD e:/app_windows/mounriver_studio/base_file/mounriver_studio/toolchain/risc-v embedded gcc/bin/../lib/gcc/riscv-none-embed/8.2.0/rv32imafc/ilp32f\libgcc.a
LOAD e:/app_windows/mounriver_studio/base_file/mounriver_studio/toolchain/risc-v embedded gcc/bin/../lib/gcc/riscv-none-embed/8.2.0/../../../../riscv-none-embed/lib/rv32imafc/ilp32f\libc_nano.a
LOAD e:/app_windows/mounriver_studio/base_file/mounriver_studio/toolchain/risc-v embedded gcc/bin/../lib/gcc/riscv-none-embed/8.2.0/../../../../riscv-none-embed/lib/rv32imafc/ilp32f\libnosys.a
END GROUP
START GROUP
LOAD e:/app_windows/mounriver_studio/base_file/mounriver_studio/toolchain/risc-v embedded gcc/bin/../lib/gcc/riscv-none-embed/8.2.0/rv32imafc/ilp32f\libgcc.a
LOAD e:/app_windows/mounriver_studio/base_file/mounriver_studio/toolchain/risc-v embedded gcc/bin/../lib/gcc/riscv-none-embed/8.2.0/../../../../riscv-none-embed/lib/rv32imafc/ilp32f\libc_nano.a
LOAD e:/app_windows/mounriver_studio/base_file/mounriver_studio/toolchain/risc-v embedded gcc/bin/../lib/gcc/riscv-none-embed/8.2.0/../../../../riscv-none-embed/lib/rv32imafc/ilp32f\libnosys.a
END GROUP
                0x0000000000000800                __stack_size = 0x800
                [!provide]                        PROVIDE (_stack_size = __stack_size)

.init           0x0000000000000000        0x4
                0x0000000000000000                _sinit = .
                0x0000000000000000                . = ALIGN (0x4)
 *(SORT_NONE(.init))
 .init          0x0000000000000000        0x4 CMakeFiles/CH32V307VCT6_CMake_RT_Thread_2024_11_27.elf.dir/Startup/startup_ch32v30x_D8C.S.obj
                0x0000000000000000                _start
                0x0000000000000004                . = ALIGN (0x4)
                0x0000000000000004                _einit = .

.vector         0x0000000000000004      0x1bc
 *(.vector)
 .vector        0x0000000000000004      0x1a0 CMakeFiles/CH32V307VCT6_CMake_RT_Thread_2024_11_27.elf.dir/Startup/startup_ch32v30x_D8C.S.obj
                0x00000000000001c0                . = ALIGN (0x40)
 *fill*         0x00000000000001a4       0x1c 

.text           0x00000000000001c0     0x7bec
                0x00000000000001c0                . = ALIGN (0x4)
 *(.text)
 .text          0x00000000000001c0       0xce CMakeFiles/CH32V307VCT6_CMake_RT_Thread_2024_11_27.elf.dir/rtthread/libcpu/risc-v/common/context_gcc.S.obj
                0x00000000000001c0                rt_hw_context_switch_to
                0x00000000000001dc                rt_hw_context_switch
                0x0000000000000236                rt_hw_context_switch_exit
 *fill*         0x000000000000028e        0x2 
 .text          0x0000000000000290       0xe2 CMakeFiles/CH32V307VCT6_CMake_RT_Thread_2024_11_27.elf.dir/rtthread/libcpu/risc-v/common/interrupt_gcc.S.obj
                0x0000000000000290                SW_Handler
 .text          0x0000000000000372       0xa8 e:/app_windows/mounriver_studio/base_file/mounriver_studio/toolchain/risc-v embedded gcc/bin/../lib/gcc/riscv-none-embed/8.2.0/../../../../riscv-none-embed/lib/rv32imafc/ilp32f\libc_nano.a(lib_a-memset.o)
                0x0000000000000372                memset
 *(.text.*)
 .text.led      0x000000000000041a       0x7c CMakeFiles/CH32V307VCT6_CMake_RT_Thread_2024_11_27.elf.dir/App/Drivers/Led/led.c.obj
                0x000000000000041a                led
 .text.LED1_BLINK_INIT
                0x0000000000000496       0x30 CMakeFiles/CH32V307VCT6_CMake_RT_Thread_2024_11_27.elf.dir/App/Drivers/Led/led.c.obj
                0x0000000000000496                LED1_BLINK_INIT
 .text.__get_SP
                0x00000000000004c6        0x4 CMakeFiles/CH32V307VCT6_CMake_RT_Thread_2024_11_27.elf.dir/Core/core_riscv.c.obj
                0x00000000000004c6                __get_SP
 .text._write   0x00000000000004ca       0x4c CMakeFiles/CH32V307VCT6_CMake_RT_Thread_2024_11_27.elf.dir/Debug/debug.c.obj
                0x00000000000004ca                _write
 .text._sbrk    0x0000000000000516       0x36 CMakeFiles/CH32V307VCT6_CMake_RT_Thread_2024_11_27.elf.dir/Debug/debug.c.obj
                0x0000000000000516                _sbrk
 .text.DBGMCU_GetCHIPID
                0x000000000000054c        0xa CMakeFiles/CH32V307VCT6_CMake_RT_Thread_2024_11_27.elf.dir/Peripheral/src/ch32v30x_dbgmcu.c.obj
                0x000000000000054c                DBGMCU_GetCHIPID
 .text.EXTI_Init
                0x0000000000000556       0x6e CMakeFiles/CH32V307VCT6_CMake_RT_Thread_2024_11_27.elf.dir/Peripheral/src/ch32v30x_exti.c.obj
                0x0000000000000556                EXTI_Init
 .text.EXTI_GetITStatus
                0x00000000000005c4       0x1e CMakeFiles/CH32V307VCT6_CMake_RT_Thread_2024_11_27.elf.dir/Peripheral/src/ch32v30x_exti.c.obj
                0x00000000000005c4                EXTI_GetITStatus
 .text.EXTI_ClearITPendingBit
                0x00000000000005e2        0xa CMakeFiles/CH32V307VCT6_CMake_RT_Thread_2024_11_27.elf.dir/Peripheral/src/ch32v30x_exti.c.obj
                0x00000000000005e2                EXTI_ClearITPendingBit
 .text.GPIO_Init
                0x00000000000005ec       0xd4 CMakeFiles/CH32V307VCT6_CMake_RT_Thread_2024_11_27.elf.dir/Peripheral/src/ch32v30x_gpio.c.obj
                0x00000000000005ec                GPIO_Init
 .text.GPIO_ReadInputDataBit
                0x00000000000006c0        0xa CMakeFiles/CH32V307VCT6_CMake_RT_Thread_2024_11_27.elf.dir/Peripheral/src/ch32v30x_gpio.c.obj
                0x00000000000006c0                GPIO_ReadInputDataBit
 .text.GPIO_SetBits
                0x00000000000006ca        0x4 CMakeFiles/CH32V307VCT6_CMake_RT_Thread_2024_11_27.elf.dir/Peripheral/src/ch32v30x_gpio.c.obj
                0x00000000000006ca                GPIO_SetBits
 .text.GPIO_ResetBits
                0x00000000000006ce        0x4 CMakeFiles/CH32V307VCT6_CMake_RT_Thread_2024_11_27.elf.dir/Peripheral/src/ch32v30x_gpio.c.obj
                0x00000000000006ce                GPIO_ResetBits
 .text.GPIO_WriteBit
                0x00000000000006d2        0xa CMakeFiles/CH32V307VCT6_CMake_RT_Thread_2024_11_27.elf.dir/Peripheral/src/ch32v30x_gpio.c.obj
                0x00000000000006d2                GPIO_WriteBit
 .text.GPIO_EXTILineConfig
                0x00000000000006dc       0x2a CMakeFiles/CH32V307VCT6_CMake_RT_Thread_2024_11_27.elf.dir/Peripheral/src/ch32v30x_gpio.c.obj
                0x00000000000006dc                GPIO_EXTILineConfig
 .text.RCC_GetClocksFreq
                0x0000000000000706      0x192 CMakeFiles/CH32V307VCT6_CMake_RT_Thread_2024_11_27.elf.dir/Peripheral/src/ch32v30x_rcc.c.obj
                0x0000000000000706                RCC_GetClocksFreq
 .text.RCC_APB2PeriphClockCmd
                0x0000000000000898       0x1e CMakeFiles/CH32V307VCT6_CMake_RT_Thread_2024_11_27.elf.dir/Peripheral/src/ch32v30x_rcc.c.obj
                0x0000000000000898                RCC_APB2PeriphClockCmd
 .text.USART_Init
                0x00000000000008b6       0xae CMakeFiles/CH32V307VCT6_CMake_RT_Thread_2024_11_27.elf.dir/Peripheral/src/ch32v30x_usart.c.obj
                0x00000000000008b6                USART_Init
 .text.USART_Cmd
                0x0000000000000964       0x20 CMakeFiles/CH32V307VCT6_CMake_RT_Thread_2024_11_27.elf.dir/Peripheral/src/ch32v30x_usart.c.obj
                0x0000000000000964                USART_Cmd
 .text.USART_ITConfig
                0x0000000000000984       0x3c CMakeFiles/CH32V307VCT6_CMake_RT_Thread_2024_11_27.elf.dir/Peripheral/src/ch32v30x_usart.c.obj
                0x0000000000000984                USART_ITConfig
 .text.USART_SendData
                0x00000000000009c0        0xa CMakeFiles/CH32V307VCT6_CMake_RT_Thread_2024_11_27.elf.dir/Peripheral/src/ch32v30x_usart.c.obj
                0x00000000000009c0                USART_SendData
 .text.USART_GetFlagStatus
                0x00000000000009ca        0xc CMakeFiles/CH32V307VCT6_CMake_RT_Thread_2024_11_27.elf.dir/Peripheral/src/ch32v30x_usart.c.obj
                0x00000000000009ca                USART_GetFlagStatus
 .text.USART_GetITStatus
                0x00000000000009d6       0x48 CMakeFiles/CH32V307VCT6_CMake_RT_Thread_2024_11_27.elf.dir/Peripheral/src/ch32v30x_usart.c.obj
                0x00000000000009d6                USART_GetITStatus
 .text.USART_ClearITPendingBit
                0x0000000000000a1e       0x16 CMakeFiles/CH32V307VCT6_CMake_RT_Thread_2024_11_27.elf.dir/Peripheral/src/ch32v30x_usart.c.obj
                0x0000000000000a1e                USART_ClearITPendingBit
 .text.vector_handler
                0x0000000000000a34        0x2 CMakeFiles/CH32V307VCT6_CMake_RT_Thread_2024_11_27.elf.dir/Startup/startup_ch32v30x_D8C.S.obj
                0x0000000000000a34                TIM8_TRG_COM_IRQHandler
                0x0000000000000a34                TIM8_CC_IRQHandler
                0x0000000000000a34                UART8_IRQHandler
                0x0000000000000a34                TIM1_CC_IRQHandler
                0x0000000000000a34                TIM6_IRQHandler
                0x0000000000000a34                PVD_IRQHandler
                0x0000000000000a34                SDIO_IRQHandler
                0x0000000000000a34                TIM9_BRK_IRQHandler
                0x0000000000000a34                DMA2_Channel8_IRQHandler
                0x0000000000000a34                CAN2_RX1_IRQHandler
                0x0000000000000a34                USBHS_IRQHandler
                0x0000000000000a34                DMA2_Channel9_IRQHandler
                0x0000000000000a34                TIM10_CC_IRQHandler
                0x0000000000000a34                USBFS_IRQHandler
                0x0000000000000a34                I2C2_EV_IRQHandler
                0x0000000000000a34                TIM10_TRG_COM_IRQHandler
                0x0000000000000a34                CAN2_SCE_IRQHandler
                0x0000000000000a34                ADC1_2_IRQHandler
                0x0000000000000a34                Break_Point_Handler
                0x0000000000000a34                SPI1_IRQHandler
                0x0000000000000a34                TAMPER_IRQHandler
                0x0000000000000a34                CAN2_RX0_IRQHandler
                0x0000000000000a34                TIM8_UP_IRQHandler
                0x0000000000000a34                Ecall_M_Mode_Handler
                0x0000000000000a34                DMA2_Channel2_IRQHandler
                0x0000000000000a34                DMA1_Channel4_IRQHandler
                0x0000000000000a34                TIM9_UP_IRQHandler
                0x0000000000000a34                USART3_IRQHandler
                0x0000000000000a34                RTC_IRQHandler
                0x0000000000000a34                DMA1_Channel7_IRQHandler
                0x0000000000000a34                CAN1_RX1_IRQHandler
                0x0000000000000a34                DVP_IRQHandler
                0x0000000000000a34                UART5_IRQHandler
                0x0000000000000a34                TIM4_IRQHandler
                0x0000000000000a34                DMA2_Channel1_IRQHandler
                0x0000000000000a34                I2C1_EV_IRQHandler
                0x0000000000000a34                DMA1_Channel6_IRQHandler
                0x0000000000000a34                UART4_IRQHandler
                0x0000000000000a34                DMA2_Channel4_IRQHandler
                0x0000000000000a34                TIM3_IRQHandler
                0x0000000000000a34                RCC_IRQHandler
                0x0000000000000a34                TIM1_TRG_COM_IRQHandler
                0x0000000000000a34                DMA1_Channel1_IRQHandler
                0x0000000000000a34                DMA2_Channel7_IRQHandler
                0x0000000000000a34                TIM7_IRQHandler
                0x0000000000000a34                CAN2_TX_IRQHandler
                0x0000000000000a34                TIM5_IRQHandler
                0x0000000000000a34                ETH_WKUP_IRQHandler
                0x0000000000000a34                SPI2_IRQHandler
                0x0000000000000a34                TIM10_BRK_IRQHandler
                0x0000000000000a34                TIM9_CC_IRQHandler
                0x0000000000000a34                DMA2_Channel5_IRQHandler
                0x0000000000000a34                DMA1_Channel5_IRQHandler
                0x0000000000000a34                USB_LP_CAN1_RX0_IRQHandler
                0x0000000000000a34                RNG_IRQHandler
                0x0000000000000a34                USB_HP_CAN1_TX_IRQHandler
                0x0000000000000a34                DMA1_Channel3_IRQHandler
                0x0000000000000a34                ETH_IRQHandler
                0x0000000000000a34                TIM1_UP_IRQHandler
                0x0000000000000a34                WWDG_IRQHandler
                0x0000000000000a34                USBHSWakeup_IRQHandler
                0x0000000000000a34                DMA2_Channel11_IRQHandler
                0x0000000000000a34                Ecall_U_Mode_Handler
                0x0000000000000a34                DMA2_Channel6_IRQHandler
                0x0000000000000a34                TIM2_IRQHandler
                0x0000000000000a34                TIM1_BRK_IRQHandler
                0x0000000000000a34                DMA2_Channel10_IRQHandler
                0x0000000000000a34                RTCAlarm_IRQHandler
                0x0000000000000a34                TIM10_UP_IRQHandler
                0x0000000000000a34                TIM9_TRG_COM_IRQHandler
                0x0000000000000a34                UART7_IRQHandler
                0x0000000000000a34                USART2_IRQHandler
                0x0000000000000a34                UART6_IRQHandler
                0x0000000000000a34                I2C2_ER_IRQHandler
                0x0000000000000a34                DMA1_Channel2_IRQHandler
                0x0000000000000a34                TIM8_BRK_IRQHandler
                0x0000000000000a34                CAN1_SCE_IRQHandler
                0x0000000000000a34                FLASH_IRQHandler
                0x0000000000000a34                SPI3_IRQHandler
                0x0000000000000a34                I2C1_ER_IRQHandler
                0x0000000000000a34                USBWakeUp_IRQHandler
                0x0000000000000a34                DMA2_Channel3_IRQHandler
 .text.handle_reset
                0x0000000000000a36       0x92 CMakeFiles/CH32V307VCT6_CMake_RT_Thread_2024_11_27.elf.dir/Startup/startup_ch32v30x_D8C.S.obj
                0x0000000000000a36                handle_reset
 .text.NMI_Handler
                0x0000000000000ac8       0x74 CMakeFiles/CH32V307VCT6_CMake_RT_Thread_2024_11_27.elf.dir/User/ch32v30x_it.c.obj
                0x0000000000000ac8                NMI_Handler
 .text.HardFault_Handler
                0x0000000000000b3c       0x74 CMakeFiles/CH32V307VCT6_CMake_RT_Thread_2024_11_27.elf.dir/User/ch32v30x_it.c.obj
                0x0000000000000b3c                HardFault_Handler
 .text.startup.main
                0x0000000000000bb0       0x72 CMakeFiles/CH32V307VCT6_CMake_RT_Thread_2024_11_27.elf.dir/User/main.c.obj
                0x0000000000000bb0                main
 .text.SystemInit
                0x0000000000000c22      0x10a CMakeFiles/CH32V307VCT6_CMake_RT_Thread_2024_11_27.elf.dir/User/system_ch32v30x.c.obj
                0x0000000000000c22                SystemInit
 .text.SystemCoreClockUpdate
                0x0000000000000d2c      0x136 CMakeFiles/CH32V307VCT6_CMake_RT_Thread_2024_11_27.elf.dir/User/system_ch32v30x.c.obj
                0x0000000000000d2c                SystemCoreClockUpdate
 .text.GPIOD_CLK_ENABLE
                0x0000000000000e62        0x8 CMakeFiles/CH32V307VCT6_CMake_RT_Thread_2024_11_27.elf.dir/drivers/drv_gpio.c.obj
 .text.GPIOB_CLK_ENABLE
                0x0000000000000e6a        0x6 CMakeFiles/CH32V307VCT6_CMake_RT_Thread_2024_11_27.elf.dir/drivers/drv_gpio.c.obj
 .text.GPIOA_CLK_ENABLE
                0x0000000000000e70        0x6 CMakeFiles/CH32V307VCT6_CMake_RT_Thread_2024_11_27.elf.dir/drivers/drv_gpio.c.obj
 .text.GPIOC_CLK_ENABLE
                0x0000000000000e76        0x6 CMakeFiles/CH32V307VCT6_CMake_RT_Thread_2024_11_27.elf.dir/drivers/drv_gpio.c.obj
 .text.GPIOE_CLK_ENABLE
                0x0000000000000e7c        0x8 CMakeFiles/CH32V307VCT6_CMake_RT_Thread_2024_11_27.elf.dir/drivers/drv_gpio.c.obj
 .text.ch32_pin_write
                0x0000000000000e84       0x30 CMakeFiles/CH32V307VCT6_CMake_RT_Thread_2024_11_27.elf.dir/drivers/drv_gpio.c.obj
                0x0000000000000e84                ch32_pin_write
 .text.ch32_pin_read
                0x0000000000000eb4       0x3c CMakeFiles/CH32V307VCT6_CMake_RT_Thread_2024_11_27.elf.dir/drivers/drv_gpio.c.obj
                0x0000000000000eb4                ch32_pin_read
 .text.ch32_pin_mode
                0x0000000000000ef0       0xbe CMakeFiles/CH32V307VCT6_CMake_RT_Thread_2024_11_27.elf.dir/drivers/drv_gpio.c.obj
                0x0000000000000ef0                ch32_pin_mode
 .text.ch32_pin_attach_irq
                0x0000000000000fae       0xfe CMakeFiles/CH32V307VCT6_CMake_RT_Thread_2024_11_27.elf.dir/drivers/drv_gpio.c.obj
                0x0000000000000fae                ch32_pin_attach_irq
 .text.ch32_pin_dettach_irq
                0x00000000000010ac       0x94 CMakeFiles/CH32V307VCT6_CMake_RT_Thread_2024_11_27.elf.dir/drivers/drv_gpio.c.obj
                0x00000000000010ac                ch32_pin_dettach_irq
 .text.ch32_pin_irq_enable
                0x0000000000001140      0x1c6 CMakeFiles/CH32V307VCT6_CMake_RT_Thread_2024_11_27.elf.dir/drivers/drv_gpio.c.obj
                0x0000000000001140                ch32_pin_irq_enable
 .text.rt_hw_pin_init
                0x0000000000001306       0x16 CMakeFiles/CH32V307VCT6_CMake_RT_Thread_2024_11_27.elf.dir/drivers/drv_gpio.c.obj
                0x0000000000001306                rt_hw_pin_init
 .text.EXTI0_IRQHandler
                0x000000000000131c       0x86 CMakeFiles/CH32V307VCT6_CMake_RT_Thread_2024_11_27.elf.dir/drivers/drv_gpio.c.obj
                0x000000000000131c                EXTI0_IRQHandler
 .text.EXTI1_IRQHandler
                0x00000000000013a2       0x88 CMakeFiles/CH32V307VCT6_CMake_RT_Thread_2024_11_27.elf.dir/drivers/drv_gpio.c.obj
                0x00000000000013a2                EXTI1_IRQHandler
 .text.EXTI2_IRQHandler
                0x000000000000142a       0x86 CMakeFiles/CH32V307VCT6_CMake_RT_Thread_2024_11_27.elf.dir/drivers/drv_gpio.c.obj
                0x000000000000142a                EXTI2_IRQHandler
 .text.EXTI3_IRQHandler
                0x00000000000014b0       0x86 CMakeFiles/CH32V307VCT6_CMake_RT_Thread_2024_11_27.elf.dir/drivers/drv_gpio.c.obj
                0x00000000000014b0                EXTI3_IRQHandler
 .text.EXTI4_IRQHandler
                0x0000000000001536       0x86 CMakeFiles/CH32V307VCT6_CMake_RT_Thread_2024_11_27.elf.dir/drivers/drv_gpio.c.obj
                0x0000000000001536                EXTI4_IRQHandler
 .text.EXTI9_5_IRQHandler
                0x00000000000015bc       0xd8 CMakeFiles/CH32V307VCT6_CMake_RT_Thread_2024_11_27.elf.dir/drivers/drv_gpio.c.obj
                0x00000000000015bc                EXTI9_5_IRQHandler
 .text.EXTI15_10_IRQHandler
                0x0000000000001694       0xfc CMakeFiles/CH32V307VCT6_CMake_RT_Thread_2024_11_27.elf.dir/drivers/drv_gpio.c.obj
                0x0000000000001694                EXTI15_10_IRQHandler
 .text.ch32dma_transmit
                0x0000000000001790        0x4 CMakeFiles/CH32V307VCT6_CMake_RT_Thread_2024_11_27.elf.dir/drivers/drv_usart.c.obj
                0x0000000000001790                ch32dma_transmit
 .text.ch32_configure
                0x0000000000001794      0x10a CMakeFiles/CH32V307VCT6_CMake_RT_Thread_2024_11_27.elf.dir/drivers/drv_usart.c.obj
 .text.rt_hw_usart_init
                0x000000000000189e       0xc8 CMakeFiles/CH32V307VCT6_CMake_RT_Thread_2024_11_27.elf.dir/drivers/drv_usart.c.obj
                0x000000000000189e                rt_hw_usart_init
 .text.ch32_getc
                0x0000000000001966       0x2a CMakeFiles/CH32V307VCT6_CMake_RT_Thread_2024_11_27.elf.dir/drivers/drv_usart.c.obj
 .text.ch32_putc
                0x0000000000001990       0x2e CMakeFiles/CH32V307VCT6_CMake_RT_Thread_2024_11_27.elf.dir/drivers/drv_usart.c.obj
 .text.ch32_control
                0x00000000000019be       0x6e CMakeFiles/CH32V307VCT6_CMake_RT_Thread_2024_11_27.elf.dir/drivers/drv_usart.c.obj
 .text.USART1_IRQHandler
                0x0000000000001a2c       0x94 CMakeFiles/CH32V307VCT6_CMake_RT_Thread_2024_11_27.elf.dir/drivers/drv_usart.c.obj
                0x0000000000001a2c                USART1_IRQHandler
 .text.rt_heap_begin_get
                0x0000000000001ac0        0xa CMakeFiles/CH32V307VCT6_CMake_RT_Thread_2024_11_27.elf.dir/rtthread/board.c.obj
                0x0000000000001ac0                rt_heap_begin_get
 .text.rt_heap_end_get
                0x0000000000001aca        0xa CMakeFiles/CH32V307VCT6_CMake_RT_Thread_2024_11_27.elf.dir/rtthread/board.c.obj
                0x0000000000001aca                rt_heap_end_get
 .text.rt_hw_board_init
                0x0000000000001ad4       0x74 CMakeFiles/CH32V307VCT6_CMake_RT_Thread_2024_11_27.elf.dir/rtthread/board.c.obj
                0x0000000000001ad4                rt_hw_board_init
 .text.SysTick_Handler
                0x0000000000001b48       0x74 CMakeFiles/CH32V307VCT6_CMake_RT_Thread_2024_11_27.elf.dir/rtthread/board.c.obj
                0x0000000000001b48                SysTick_Handler
 .text._pin_control
                0x0000000000001bbc       0x22 CMakeFiles/CH32V307VCT6_CMake_RT_Thread_2024_11_27.elf.dir/rtthread/components/drivers/misc/pin.c.obj
 .text.rt_pin_mode
                0x0000000000001bde       0x16 CMakeFiles/CH32V307VCT6_CMake_RT_Thread_2024_11_27.elf.dir/rtthread/components/drivers/misc/pin.c.obj
                0x0000000000001bde                rt_pin_mode
 .text.rt_pin_write
                0x0000000000001bf4       0x16 CMakeFiles/CH32V307VCT6_CMake_RT_Thread_2024_11_27.elf.dir/rtthread/components/drivers/misc/pin.c.obj
                0x0000000000001bf4                rt_pin_write
 .text.rt_pin_read
                0x0000000000001c0a       0x14 CMakeFiles/CH32V307VCT6_CMake_RT_Thread_2024_11_27.elf.dir/rtthread/components/drivers/misc/pin.c.obj
                0x0000000000001c0a                rt_pin_read
 .text._pin_read
                0x0000000000001c1e       0x36 CMakeFiles/CH32V307VCT6_CMake_RT_Thread_2024_11_27.elf.dir/rtthread/components/drivers/misc/pin.c.obj
 .text._pin_write
                0x0000000000001c54       0x32 CMakeFiles/CH32V307VCT6_CMake_RT_Thread_2024_11_27.elf.dir/rtthread/components/drivers/misc/pin.c.obj
 .text.rt_device_pin_register
                0x0000000000001c86       0x58 CMakeFiles/CH32V307VCT6_CMake_RT_Thread_2024_11_27.elf.dir/rtthread/components/drivers/misc/pin.c.obj
                0x0000000000001c86                rt_device_pin_register
 .text.rt_serial_init
                0x0000000000001cde       0x1c CMakeFiles/CH32V307VCT6_CMake_RT_Thread_2024_11_27.elf.dir/rtthread/components/drivers/serial/serial.c.obj
 .text.rt_serial_write
                0x0000000000001cfa       0x66 CMakeFiles/CH32V307VCT6_CMake_RT_Thread_2024_11_27.elf.dir/rtthread/components/drivers/serial/serial.c.obj
 .text.rt_serial_open
                0x0000000000001d60       0xc8 CMakeFiles/CH32V307VCT6_CMake_RT_Thread_2024_11_27.elf.dir/rtthread/components/drivers/serial/serial.c.obj
 .text.rt_serial_control
                0x0000000000001e28       0x94 CMakeFiles/CH32V307VCT6_CMake_RT_Thread_2024_11_27.elf.dir/rtthread/components/drivers/serial/serial.c.obj
 .text.rt_serial_read
                0x0000000000001ebc       0xd0 CMakeFiles/CH32V307VCT6_CMake_RT_Thread_2024_11_27.elf.dir/rtthread/components/drivers/serial/serial.c.obj
 .text.rt_serial_close
                0x0000000000001f8c       0x4e CMakeFiles/CH32V307VCT6_CMake_RT_Thread_2024_11_27.elf.dir/rtthread/components/drivers/serial/serial.c.obj
 .text.rt_hw_serial_register
                0x0000000000001fda       0x52 CMakeFiles/CH32V307VCT6_CMake_RT_Thread_2024_11_27.elf.dir/rtthread/components/drivers/serial/serial.c.obj
                0x0000000000001fda                rt_hw_serial_register
 .text.rt_hw_serial_isr
                0x000000000000202c       0xd6 CMakeFiles/CH32V307VCT6_CMake_RT_Thread_2024_11_27.elf.dir/rtthread/components/drivers/serial/serial.c.obj
                0x000000000000202c                rt_hw_serial_isr
 .text.reboot   0x0000000000002102       0x12 CMakeFiles/CH32V307VCT6_CMake_RT_Thread_2024_11_27.elf.dir/rtthread/components/finsh/cmd.c.obj
                0x0000000000002102                reboot
 .text.clear    0x0000000000002114       0x18 CMakeFiles/CH32V307VCT6_CMake_RT_Thread_2024_11_27.elf.dir/rtthread/components/finsh/cmd.c.obj
                0x0000000000002114                clear
 .text.show_wait_queue
                0x000000000000212c       0x50 CMakeFiles/CH32V307VCT6_CMake_RT_Thread_2024_11_27.elf.dir/rtthread/components/finsh/cmd.c.obj
 .text.object_name_maxlen
                0x000000000000217c       0x5c CMakeFiles/CH32V307VCT6_CMake_RT_Thread_2024_11_27.elf.dir/rtthread/components/finsh/cmd.c.obj
 .text.list_thread
                0x00000000000021d8      0x16e CMakeFiles/CH32V307VCT6_CMake_RT_Thread_2024_11_27.elf.dir/rtthread/components/finsh/cmd.c.obj
                0x00000000000021d8                list_thread
 .text.list_sem
                0x0000000000002346       0xe2 CMakeFiles/CH32V307VCT6_CMake_RT_Thread_2024_11_27.elf.dir/rtthread/components/finsh/cmd.c.obj
                0x0000000000002346                list_sem
 .text.list_event
                0x0000000000002428       0xe0 CMakeFiles/CH32V307VCT6_CMake_RT_Thread_2024_11_27.elf.dir/rtthread/components/finsh/cmd.c.obj
                0x0000000000002428                list_event
 .text.list_mutex
                0x0000000000002508       0xbc CMakeFiles/CH32V307VCT6_CMake_RT_Thread_2024_11_27.elf.dir/rtthread/components/finsh/cmd.c.obj
                0x0000000000002508                list_mutex
 .text.list_mailbox
                0x00000000000025c4       0xe8 CMakeFiles/CH32V307VCT6_CMake_RT_Thread_2024_11_27.elf.dir/rtthread/components/finsh/cmd.c.obj
                0x00000000000025c4                list_mailbox
 .text.list_msgqueue
                0x00000000000026ac       0xe6 CMakeFiles/CH32V307VCT6_CMake_RT_Thread_2024_11_27.elf.dir/rtthread/components/finsh/cmd.c.obj
                0x00000000000026ac                list_msgqueue
 .text.list_device
                0x0000000000002792       0xf4 CMakeFiles/CH32V307VCT6_CMake_RT_Thread_2024_11_27.elf.dir/rtthread/components/finsh/cmd.c.obj
                0x0000000000002792                list_device
 .text.list_timer
                0x0000000000002886       0xd8 CMakeFiles/CH32V307VCT6_CMake_RT_Thread_2024_11_27.elf.dir/rtthread/components/finsh/cmd.c.obj
                0x0000000000002886                list_timer
 .text.list     0x000000000000295e       0x70 CMakeFiles/CH32V307VCT6_CMake_RT_Thread_2024_11_27.elf.dir/rtthread/components/finsh/cmd.c.obj
                0x000000000000295e                list
 .text.msh_help
                0x00000000000029ce       0x7e CMakeFiles/CH32V307VCT6_CMake_RT_Thread_2024_11_27.elf.dir/rtthread/components/finsh/msh.c.obj
                0x00000000000029ce                msh_help
 .text.msh_is_used
                0x0000000000002a4c        0x4 CMakeFiles/CH32V307VCT6_CMake_RT_Thread_2024_11_27.elf.dir/rtthread/components/finsh/msh.c.obj
                0x0000000000002a4c                msh_is_used
 .text.msh_exec
                0x0000000000002a50      0x23e CMakeFiles/CH32V307VCT6_CMake_RT_Thread_2024_11_27.elf.dir/rtthread/components/finsh/msh.c.obj
                0x0000000000002a50                msh_exec
 .text.msh_auto_complete
                0x0000000000002c8e      0x118 CMakeFiles/CH32V307VCT6_CMake_RT_Thread_2024_11_27.elf.dir/rtthread/components/finsh/msh.c.obj
                0x0000000000002c8e                msh_auto_complete
 .text.cmd_ps   0x0000000000002da6       0x10 CMakeFiles/CH32V307VCT6_CMake_RT_Thread_2024_11_27.elf.dir/rtthread/components/finsh/msh_cmd.c.obj
                0x0000000000002da6                cmd_ps
 .text.cmd_free
                0x0000000000002db6       0x10 CMakeFiles/CH32V307VCT6_CMake_RT_Thread_2024_11_27.elf.dir/rtthread/components/finsh/msh_cmd.c.obj
                0x0000000000002db6                cmd_free
 .text.finsh_rx_ind
                0x0000000000002dc6       0x16 CMakeFiles/CH32V307VCT6_CMake_RT_Thread_2024_11_27.elf.dir/rtthread/components/finsh/shell.c.obj
 .text.finsh_system_init
                0x0000000000002ddc       0xa4 CMakeFiles/CH32V307VCT6_CMake_RT_Thread_2024_11_27.elf.dir/rtthread/components/finsh/shell.c.obj
                0x0000000000002ddc                finsh_system_init
 .text.finsh_get_prompt
                0x0000000000002e80       0x72 CMakeFiles/CH32V307VCT6_CMake_RT_Thread_2024_11_27.elf.dir/rtthread/components/finsh/shell.c.obj
                0x0000000000002e80                finsh_get_prompt
 .text.shell_handle_history
                0x0000000000002ef2       0x32 CMakeFiles/CH32V307VCT6_CMake_RT_Thread_2024_11_27.elf.dir/rtthread/components/finsh/shell.c.obj
 .text.finsh_set_device
                0x0000000000002f24       0x9c CMakeFiles/CH32V307VCT6_CMake_RT_Thread_2024_11_27.elf.dir/rtthread/components/finsh/shell.c.obj
                0x0000000000002f24                finsh_set_device
 .text.finsh_thread_entry
                0x0000000000002fc0      0x4d4 CMakeFiles/CH32V307VCT6_CMake_RT_Thread_2024_11_27.elf.dir/rtthread/components/finsh/shell.c.obj
                0x0000000000002fc0                finsh_thread_entry
 .text.rt_hw_stack_init
                0x0000000000003494       0x34 CMakeFiles/CH32V307VCT6_CMake_RT_Thread_2024_11_27.elf.dir/rtthread/libcpu/risc-v/common/cpuport.c.obj
                0x0000000000003494                rt_hw_stack_init
 .text.sw_clearpend
                0x00000000000034c8        0xe CMakeFiles/CH32V307VCT6_CMake_RT_Thread_2024_11_27.elf.dir/rtthread/libcpu/risc-v/common/cpuport.c.obj
                0x00000000000034c8                sw_clearpend
 .text.rt_hw_interrupt_disable
                0x00000000000034d6        0xc CMakeFiles/CH32V307VCT6_CMake_RT_Thread_2024_11_27.elf.dir/rtthread/libcpu/risc-v/common/cpuport.c.obj
                0x00000000000034d6                rt_hw_interrupt_disable
 .text.rt_hw_interrupt_enable
                0x00000000000034e2        0x6 CMakeFiles/CH32V307VCT6_CMake_RT_Thread_2024_11_27.elf.dir/rtthread/libcpu/risc-v/common/cpuport.c.obj
                0x00000000000034e2                rt_hw_interrupt_enable
 .text.rt_hw_context_switch_interrupt
                0x00000000000034e8       0x26 CMakeFiles/CH32V307VCT6_CMake_RT_Thread_2024_11_27.elf.dir/rtthread/libcpu/risc-v/common/cpuport.c.obj
                0x00000000000034e8                rt_hw_context_switch_interrupt
 .text.rt_tick_get
                0x000000000000350e        0x8 CMakeFiles/CH32V307VCT6_CMake_RT_Thread_2024_11_27.elf.dir/rtthread/src/clock.c.obj
                0x000000000000350e                rt_tick_get
 .text.rt_tick_increase
                0x0000000000003516       0x34 CMakeFiles/CH32V307VCT6_CMake_RT_Thread_2024_11_27.elf.dir/rtthread/src/clock.c.obj
                0x0000000000003516                rt_tick_increase
 .text.rt_tick_from_millisecond
                0x000000000000354a       0x28 CMakeFiles/CH32V307VCT6_CMake_RT_Thread_2024_11_27.elf.dir/rtthread/src/clock.c.obj
                0x000000000000354a                rt_tick_from_millisecond
 .text.rti_start
                0x0000000000003572        0x4 CMakeFiles/CH32V307VCT6_CMake_RT_Thread_2024_11_27.elf.dir/rtthread/src/components.c.obj
 .text.main_thread_entry
                0x0000000000003576       0x4c CMakeFiles/CH32V307VCT6_CMake_RT_Thread_2024_11_27.elf.dir/rtthread/src/components.c.obj
                0x0000000000003576                main_thread_entry
 .text.rti_end  0x00000000000035c2        0x4 CMakeFiles/CH32V307VCT6_CMake_RT_Thread_2024_11_27.elf.dir/rtthread/src/components.c.obj
 .text.rti_board_start
                0x00000000000035c6        0x4 CMakeFiles/CH32V307VCT6_CMake_RT_Thread_2024_11_27.elf.dir/rtthread/src/components.c.obj
 .text.rti_board_end
                0x00000000000035ca        0x4 CMakeFiles/CH32V307VCT6_CMake_RT_Thread_2024_11_27.elf.dir/rtthread/src/components.c.obj
 .text.rt_components_board_init
                0x00000000000035ce       0x4a CMakeFiles/CH32V307VCT6_CMake_RT_Thread_2024_11_27.elf.dir/rtthread/src/components.c.obj
                0x00000000000035ce                rt_components_board_init
 .text.rt_application_init
                0x0000000000003618       0x2a CMakeFiles/CH32V307VCT6_CMake_RT_Thread_2024_11_27.elf.dir/rtthread/src/components.c.obj
                0x0000000000003618                rt_application_init
 .text.rtthread_startup
                0x0000000000003642       0x2a CMakeFiles/CH32V307VCT6_CMake_RT_Thread_2024_11_27.elf.dir/rtthread/src/components.c.obj
                0x0000000000003642                rtthread_startup
 .text.entry    0x000000000000366c        0xe CMakeFiles/CH32V307VCT6_CMake_RT_Thread_2024_11_27.elf.dir/rtthread/src/components.c.obj
                0x000000000000366c                entry
 .text.rt_device_find
                0x000000000000367a       0x72 CMakeFiles/CH32V307VCT6_CMake_RT_Thread_2024_11_27.elf.dir/rtthread/src/device.c.obj
                0x000000000000367a                rt_device_find
 .text.rt_device_register
                0x00000000000036ec       0x44 CMakeFiles/CH32V307VCT6_CMake_RT_Thread_2024_11_27.elf.dir/rtthread/src/device.c.obj
                0x00000000000036ec                rt_device_register
 .text.rt_device_open
                0x0000000000003730       0x9c CMakeFiles/CH32V307VCT6_CMake_RT_Thread_2024_11_27.elf.dir/rtthread/src/device.c.obj
                0x0000000000003730                rt_device_open
 .text.rt_device_close
                0x00000000000037cc       0x4c CMakeFiles/CH32V307VCT6_CMake_RT_Thread_2024_11_27.elf.dir/rtthread/src/device.c.obj
                0x00000000000037cc                rt_device_close
 .text.rt_device_read
                0x0000000000003818       0x30 CMakeFiles/CH32V307VCT6_CMake_RT_Thread_2024_11_27.elf.dir/rtthread/src/device.c.obj
                0x0000000000003818                rt_device_read
 .text.rt_device_write
                0x0000000000003848       0x30 CMakeFiles/CH32V307VCT6_CMake_RT_Thread_2024_11_27.elf.dir/rtthread/src/device.c.obj
                0x0000000000003848                rt_device_write
 .text.rt_device_set_rx_indicate
                0x0000000000003878        0x6 CMakeFiles/CH32V307VCT6_CMake_RT_Thread_2024_11_27.elf.dir/rtthread/src/device.c.obj
                0x0000000000003878                rt_device_set_rx_indicate
 .text.rt_thread_idle_excute
                0x000000000000387e       0x9c CMakeFiles/CH32V307VCT6_CMake_RT_Thread_2024_11_27.elf.dir/rtthread/src/idle.c.obj
                0x000000000000387e                rt_thread_idle_excute
 .text.rt_thread_idle_entry
                0x000000000000391a       0x28 CMakeFiles/CH32V307VCT6_CMake_RT_Thread_2024_11_27.elf.dir/rtthread/src/idle.c.obj
 .text.rt_thread_idle_init
                0x0000000000003942       0x44 CMakeFiles/CH32V307VCT6_CMake_RT_Thread_2024_11_27.elf.dir/rtthread/src/idle.c.obj
                0x0000000000003942                rt_thread_idle_init
 .text.rt_sem_init
                0x0000000000003986       0x36 CMakeFiles/CH32V307VCT6_CMake_RT_Thread_2024_11_27.elf.dir/rtthread/src/ipc.c.obj
                0x0000000000003986                rt_sem_init
 .text.rt_sem_take
                0x00000000000039bc       0xfc CMakeFiles/CH32V307VCT6_CMake_RT_Thread_2024_11_27.elf.dir/rtthread/src/ipc.c.obj
                0x00000000000039bc                rt_sem_take
 .text.rt_sem_release
                0x0000000000003ab8       0x5c CMakeFiles/CH32V307VCT6_CMake_RT_Thread_2024_11_27.elf.dir/rtthread/src/ipc.c.obj
                0x0000000000003ab8                rt_sem_release
 .text.rt_interrupt_enter
                0x0000000000003b14       0x28 CMakeFiles/CH32V307VCT6_CMake_RT_Thread_2024_11_27.elf.dir/rtthread/src/irq.c.obj
                0x0000000000003b14                rt_interrupt_enter
 .text.rt_interrupt_leave
                0x0000000000003b3c       0x28 CMakeFiles/CH32V307VCT6_CMake_RT_Thread_2024_11_27.elf.dir/rtthread/src/irq.c.obj
                0x0000000000003b3c                rt_interrupt_leave
 .text.rt_interrupt_get_nest
                0x0000000000003b64        0x6 CMakeFiles/CH32V307VCT6_CMake_RT_Thread_2024_11_27.elf.dir/rtthread/src/irq.c.obj
                0x0000000000003b64                rt_interrupt_get_nest
 .text.print_number
                0x0000000000003b6a      0x20a CMakeFiles/CH32V307VCT6_CMake_RT_Thread_2024_11_27.elf.dir/rtthread/src/kservice.c.obj
 .text.rt_set_errno
                0x0000000000003d74       0x28 CMakeFiles/CH32V307VCT6_CMake_RT_Thread_2024_11_27.elf.dir/rtthread/src/kservice.c.obj
                0x0000000000003d74                rt_set_errno
 .text.rt_memset
                0x0000000000003d9c       0x8e CMakeFiles/CH32V307VCT6_CMake_RT_Thread_2024_11_27.elf.dir/rtthread/src/kservice.c.obj
                0x0000000000003d9c                rt_memset
 .text.rt_memmove
                0x0000000000003e2a       0x40 CMakeFiles/CH32V307VCT6_CMake_RT_Thread_2024_11_27.elf.dir/rtthread/src/kservice.c.obj
                0x0000000000003e2a                rt_memmove
 .text.rt_strncpy
                0x0000000000003e6a       0x36 CMakeFiles/CH32V307VCT6_CMake_RT_Thread_2024_11_27.elf.dir/rtthread/src/kservice.c.obj
                0x0000000000003e6a                rt_strncpy
 .text.rt_strncmp
                0x0000000000003ea0       0x44 CMakeFiles/CH32V307VCT6_CMake_RT_Thread_2024_11_27.elf.dir/rtthread/src/kservice.c.obj
                0x0000000000003ea0                rt_strncmp
 .text.rt_strlen
                0x0000000000003ee4       0x1a CMakeFiles/CH32V307VCT6_CMake_RT_Thread_2024_11_27.elf.dir/rtthread/src/kservice.c.obj
                0x0000000000003ee4                rt_strlen
 .text.rt_vsnprintf
                0x0000000000003efe      0x426 CMakeFiles/CH32V307VCT6_CMake_RT_Thread_2024_11_27.elf.dir/rtthread/src/kservice.c.obj
                0x0000000000003efe                rt_vsnprintf
 .text.rt_console_get_device
                0x0000000000004324        0x8 CMakeFiles/CH32V307VCT6_CMake_RT_Thread_2024_11_27.elf.dir/rtthread/src/kservice.c.obj
                0x0000000000004324                rt_console_get_device
 .text.rt_console_set_device
                0x000000000000432c       0x3e CMakeFiles/CH32V307VCT6_CMake_RT_Thread_2024_11_27.elf.dir/rtthread/src/kservice.c.obj
                0x000000000000432c                rt_console_set_device
 .text.rt_hw_console_output
                0x000000000000436a        0x2 CMakeFiles/CH32V307VCT6_CMake_RT_Thread_2024_11_27.elf.dir/rtthread/src/kservice.c.obj
                0x000000000000436a                rt_hw_console_output
 .text.rt_kprintf
                0x000000000000436c       0x86 CMakeFiles/CH32V307VCT6_CMake_RT_Thread_2024_11_27.elf.dir/rtthread/src/kservice.c.obj
                0x000000000000436c                rt_kprintf
 .text.rt_show_version
                0x00000000000043f2       0x3e CMakeFiles/CH32V307VCT6_CMake_RT_Thread_2024_11_27.elf.dir/rtthread/src/kservice.c.obj
                0x00000000000043f2                rt_show_version
 .text.__rt_ffs
                0x0000000000004430       0x74 CMakeFiles/CH32V307VCT6_CMake_RT_Thread_2024_11_27.elf.dir/rtthread/src/kservice.c.obj
                0x0000000000004430                __rt_ffs
 .text.plug_holes
                0x00000000000044a4       0x68 CMakeFiles/CH32V307VCT6_CMake_RT_Thread_2024_11_27.elf.dir/rtthread/src/mem.c.obj
 .text.list_mem
                0x000000000000450c       0x3a CMakeFiles/CH32V307VCT6_CMake_RT_Thread_2024_11_27.elf.dir/rtthread/src/mem.c.obj
                0x000000000000450c                list_mem
 .text.rt_system_heap_init
                0x0000000000004546       0x8c CMakeFiles/CH32V307VCT6_CMake_RT_Thread_2024_11_27.elf.dir/rtthread/src/mem.c.obj
                0x0000000000004546                rt_system_heap_init
 .text.rt_malloc
                0x00000000000045d2      0x162 CMakeFiles/CH32V307VCT6_CMake_RT_Thread_2024_11_27.elf.dir/rtthread/src/mem.c.obj
                0x00000000000045d2                rt_malloc
 .text.rt_calloc
                0x0000000000004734       0x28 CMakeFiles/CH32V307VCT6_CMake_RT_Thread_2024_11_27.elf.dir/rtthread/src/mem.c.obj
                0x0000000000004734                rt_calloc
 .text.rt_free  0x000000000000475c       0xd6 CMakeFiles/CH32V307VCT6_CMake_RT_Thread_2024_11_27.elf.dir/rtthread/src/mem.c.obj
                0x000000000000475c                rt_free
 .text.rt_object_get_information
                0x0000000000004832       0x28 CMakeFiles/CH32V307VCT6_CMake_RT_Thread_2024_11_27.elf.dir/rtthread/src/object.c.obj
                0x0000000000004832                rt_object_get_information
 .text.rt_object_init
                0x000000000000485a       0xac CMakeFiles/CH32V307VCT6_CMake_RT_Thread_2024_11_27.elf.dir/rtthread/src/object.c.obj
                0x000000000000485a                rt_object_init
 .text.rt_object_detach
                0x0000000000004906       0x34 CMakeFiles/CH32V307VCT6_CMake_RT_Thread_2024_11_27.elf.dir/rtthread/src/object.c.obj
                0x0000000000004906                rt_object_detach
 .text.rt_object_allocate
                0x000000000000493a       0xac CMakeFiles/CH32V307VCT6_CMake_RT_Thread_2024_11_27.elf.dir/rtthread/src/object.c.obj
                0x000000000000493a                rt_object_allocate
 .text.rt_object_delete
                0x00000000000049e6       0x3a CMakeFiles/CH32V307VCT6_CMake_RT_Thread_2024_11_27.elf.dir/rtthread/src/object.c.obj
                0x00000000000049e6                rt_object_delete
 .text.rt_object_is_systemobject
                0x0000000000004a20        0x8 CMakeFiles/CH32V307VCT6_CMake_RT_Thread_2024_11_27.elf.dir/rtthread/src/object.c.obj
                0x0000000000004a20                rt_object_is_systemobject
 .text.rt_system_scheduler_init
                0x0000000000004a28       0x3a CMakeFiles/CH32V307VCT6_CMake_RT_Thread_2024_11_27.elf.dir/rtthread/src/scheduler.c.obj
                0x0000000000004a28                rt_system_scheduler_init
 .text.rt_system_scheduler_start
                0x0000000000004a62       0x32 CMakeFiles/CH32V307VCT6_CMake_RT_Thread_2024_11_27.elf.dir/rtthread/src/scheduler.c.obj
                0x0000000000004a62                rt_system_scheduler_start
 .text.rt_schedule
                0x0000000000004a94       0x8a CMakeFiles/CH32V307VCT6_CMake_RT_Thread_2024_11_27.elf.dir/rtthread/src/scheduler.c.obj
                0x0000000000004a94                rt_schedule
 .text.rt_schedule_insert_thread
                0x0000000000004b1e       0x54 CMakeFiles/CH32V307VCT6_CMake_RT_Thread_2024_11_27.elf.dir/rtthread/src/scheduler.c.obj
                0x0000000000004b1e                rt_schedule_insert_thread
 .text.rt_schedule_remove_thread
                0x0000000000004b72       0x5a CMakeFiles/CH32V307VCT6_CMake_RT_Thread_2024_11_27.elf.dir/rtthread/src/scheduler.c.obj
                0x0000000000004b72                rt_schedule_remove_thread
 .text.rt_enter_critical
                0x0000000000004bcc       0x1e CMakeFiles/CH32V307VCT6_CMake_RT_Thread_2024_11_27.elf.dir/rtthread/src/scheduler.c.obj
                0x0000000000004bcc                rt_enter_critical
 .text.rt_exit_critical
                0x0000000000004bea       0x40 CMakeFiles/CH32V307VCT6_CMake_RT_Thread_2024_11_27.elf.dir/rtthread/src/scheduler.c.obj
                0x0000000000004bea                rt_exit_critical
 .text.rt_thread_exit
                0x0000000000004c2a       0x62 CMakeFiles/CH32V307VCT6_CMake_RT_Thread_2024_11_27.elf.dir/rtthread/src/thread.c.obj
                0x0000000000004c2a                rt_thread_exit
 .text.rt_thread_timeout
                0x0000000000004c8c       0x24 CMakeFiles/CH32V307VCT6_CMake_RT_Thread_2024_11_27.elf.dir/rtthread/src/thread.c.obj
                0x0000000000004c8c                rt_thread_timeout
 .text._rt_thread_init.isra.0
                0x0000000000004cb0       0x94 CMakeFiles/CH32V307VCT6_CMake_RT_Thread_2024_11_27.elf.dir/rtthread/src/thread.c.obj
 .text.rt_thread_init
                0x0000000000004d44       0x4c CMakeFiles/CH32V307VCT6_CMake_RT_Thread_2024_11_27.elf.dir/rtthread/src/thread.c.obj
                0x0000000000004d44                rt_thread_init
 .text.rt_thread_self
                0x0000000000004d90        0x8 CMakeFiles/CH32V307VCT6_CMake_RT_Thread_2024_11_27.elf.dir/rtthread/src/thread.c.obj
                0x0000000000004d90                rt_thread_self
 .text.rt_thread_create
                0x0000000000004d98       0x5e CMakeFiles/CH32V307VCT6_CMake_RT_Thread_2024_11_27.elf.dir/rtthread/src/thread.c.obj
                0x0000000000004d98                rt_thread_create
 .text.rt_thread_yield
                0x0000000000004df6       0x68 CMakeFiles/CH32V307VCT6_CMake_RT_Thread_2024_11_27.elf.dir/rtthread/src/thread.c.obj
                0x0000000000004df6                rt_thread_yield
 .text.rt_thread_suspend
                0x0000000000004e5e       0x5e CMakeFiles/CH32V307VCT6_CMake_RT_Thread_2024_11_27.elf.dir/rtthread/src/thread.c.obj
                0x0000000000004e5e                rt_thread_suspend
 .text.rt_thread_sleep
                0x0000000000004ebc       0x50 CMakeFiles/CH32V307VCT6_CMake_RT_Thread_2024_11_27.elf.dir/rtthread/src/thread.c.obj
                0x0000000000004ebc                rt_thread_sleep
 .text.rt_thread_mdelay
                0x0000000000004f0c        0xe CMakeFiles/CH32V307VCT6_CMake_RT_Thread_2024_11_27.elf.dir/rtthread/src/thread.c.obj
                0x0000000000004f0c                rt_thread_mdelay
 .text.rt_thread_resume
                0x0000000000004f1a       0x5c CMakeFiles/CH32V307VCT6_CMake_RT_Thread_2024_11_27.elf.dir/rtthread/src/thread.c.obj
                0x0000000000004f1a                rt_thread_resume
 .text.rt_thread_startup
                0x0000000000004f76       0x32 CMakeFiles/CH32V307VCT6_CMake_RT_Thread_2024_11_27.elf.dir/rtthread/src/thread.c.obj
                0x0000000000004f76                rt_thread_startup
 .text.rt_timer_init
                0x0000000000004fa8       0x4e CMakeFiles/CH32V307VCT6_CMake_RT_Thread_2024_11_27.elf.dir/rtthread/src/timer.c.obj
                0x0000000000004fa8                rt_timer_init
 .text.rt_timer_detach
                0x0000000000004ff6       0x30 CMakeFiles/CH32V307VCT6_CMake_RT_Thread_2024_11_27.elf.dir/rtthread/src/timer.c.obj
                0x0000000000004ff6                rt_timer_detach
 .text.rt_timer_start
                0x0000000000005026       0xa4 CMakeFiles/CH32V307VCT6_CMake_RT_Thread_2024_11_27.elf.dir/rtthread/src/timer.c.obj
                0x0000000000005026                rt_timer_start
 .text.rt_timer_stop
                0x00000000000050ca       0x4a CMakeFiles/CH32V307VCT6_CMake_RT_Thread_2024_11_27.elf.dir/rtthread/src/timer.c.obj
                0x00000000000050ca                rt_timer_stop
 .text.rt_timer_control
                0x0000000000005114       0x46 CMakeFiles/CH32V307VCT6_CMake_RT_Thread_2024_11_27.elf.dir/rtthread/src/timer.c.obj
                0x0000000000005114                rt_timer_control
 .text.rt_timer_check
                0x000000000000515a       0xb6 CMakeFiles/CH32V307VCT6_CMake_RT_Thread_2024_11_27.elf.dir/rtthread/src/timer.c.obj
                0x000000000000515a                rt_timer_check
 .text.rt_system_timer_init
                0x0000000000005210        0xa CMakeFiles/CH32V307VCT6_CMake_RT_Thread_2024_11_27.elf.dir/rtthread/src/timer.c.obj
                0x0000000000005210                rt_system_timer_init
 .text.rt_system_timer_thread_init
                0x000000000000521a        0x2 CMakeFiles/CH32V307VCT6_CMake_RT_Thread_2024_11_27.elf.dir/rtthread/src/timer.c.obj
                0x000000000000521a                rt_system_timer_thread_init
 .text.memcmp   0x000000000000521c       0x26 e:/app_windows/mounriver_studio/base_file/mounriver_studio/toolchain/risc-v embedded gcc/bin/../lib/gcc/riscv-none-embed/8.2.0/../../../../riscv-none-embed/lib/rv32imafc/ilp32f\libc_nano.a(lib_a-memcmp.o)
                0x000000000000521c                memcmp
 .text.memcpy   0x0000000000005242       0xb6 e:/app_windows/mounriver_studio/base_file/mounriver_studio/toolchain/risc-v embedded gcc/bin/../lib/gcc/riscv-none-embed/8.2.0/../../../../riscv-none-embed/lib/rv32imafc/ilp32f\libc_nano.a(lib_a-memcpy.o)
                0x0000000000005242                memcpy
 .text._free_r  0x00000000000052f8       0xa4 e:/app_windows/mounriver_studio/base_file/mounriver_studio/toolchain/risc-v embedded gcc/bin/../lib/gcc/riscv-none-embed/8.2.0/../../../../riscv-none-embed/lib/rv32imafc/ilp32f\libc_nano.a(lib_a-nano-freer.o)
                0x00000000000052f8                _free_r
 .text._malloc_r
                0x000000000000539c       0xce e:/app_windows/mounriver_studio/base_file/mounriver_studio/toolchain/risc-v embedded gcc/bin/../lib/gcc/riscv-none-embed/8.2.0/../../../../riscv-none-embed/lib/rv32imafc/ilp32f\libc_nano.a(lib_a-nano-mallocr.o)
                0x000000000000539c                _malloc_r
 .text.printf   0x000000000000546a       0x3e e:/app_windows/mounriver_studio/base_file/mounriver_studio/toolchain/risc-v embedded gcc/bin/../lib/gcc/riscv-none-embed/8.2.0/../../../../riscv-none-embed/lib/rv32imafc/ilp32f\libc_nano.a(lib_a-printf.o)
                0x000000000000546a                iprintf
                0x000000000000546a                printf
 .text._sbrk_r  0x00000000000054a8       0x32 e:/app_windows/mounriver_studio/base_file/mounriver_studio/toolchain/risc-v embedded gcc/bin/../lib/gcc/riscv-none-embed/8.2.0/../../../../riscv-none-embed/lib/rv32imafc/ilp32f\libc_nano.a(lib_a-sbrkr.o)
                0x00000000000054a8                _sbrk_r
 .text.strlen   0x00000000000054da       0x12 e:/app_windows/mounriver_studio/base_file/mounriver_studio/toolchain/risc-v embedded gcc/bin/../lib/gcc/riscv-none-embed/8.2.0/../../../../riscv-none-embed/lib/rv32imafc/ilp32f\libc_nano.a(lib_a-strlen.o)
                0x00000000000054da                strlen
 .text.strncmp  0x00000000000054ec       0x2c e:/app_windows/mounriver_studio/base_file/mounriver_studio/toolchain/risc-v embedded gcc/bin/../lib/gcc/riscv-none-embed/8.2.0/../../../../riscv-none-embed/lib/rv32imafc/ilp32f\libc_nano.a(lib_a-strncmp.o)
                0x00000000000054ec                strncmp
 .text.std      0x0000000000005518       0x6a e:/app_windows/mounriver_studio/base_file/mounriver_studio/toolchain/risc-v embedded gcc/bin/../lib/gcc/riscv-none-embed/8.2.0/../../../../riscv-none-embed/lib/rv32imafc/ilp32f\libc_nano.a(lib_a-findfp.o)
 .text._cleanup_r
                0x0000000000005582        0xa e:/app_windows/mounriver_studio/base_file/mounriver_studio/toolchain/risc-v embedded gcc/bin/../lib/gcc/riscv-none-embed/8.2.0/../../../../riscv-none-embed/lib/rv32imafc/ilp32f\libc_nano.a(lib_a-findfp.o)
                0x0000000000005582                _cleanup_r
 .text.__sfmoreglue
                0x000000000000558c       0x48 e:/app_windows/mounriver_studio/base_file/mounriver_studio/toolchain/risc-v embedded gcc/bin/../lib/gcc/riscv-none-embed/8.2.0/../../../../riscv-none-embed/lib/rv32imafc/ilp32f\libc_nano.a(lib_a-findfp.o)
                0x000000000000558c                __sfmoreglue
 .text.__sinit  0x00000000000055d4       0x6c e:/app_windows/mounriver_studio/base_file/mounriver_studio/toolchain/risc-v embedded gcc/bin/../lib/gcc/riscv-none-embed/8.2.0/../../../../riscv-none-embed/lib/rv32imafc/ilp32f\libc_nano.a(lib_a-findfp.o)
                0x00000000000055d4                __sinit
 .text.__sfp    0x0000000000005640       0xa0 e:/app_windows/mounriver_studio/base_file/mounriver_studio/toolchain/risc-v embedded gcc/bin/../lib/gcc/riscv-none-embed/8.2.0/../../../../riscv-none-embed/lib/rv32imafc/ilp32f\libc_nano.a(lib_a-findfp.o)
                0x0000000000005640                __sfp
 .text._fwalk_reent
                0x00000000000056e0       0x6c e:/app_windows/mounriver_studio/base_file/mounriver_studio/toolchain/risc-v embedded gcc/bin/../lib/gcc/riscv-none-embed/8.2.0/../../../../riscv-none-embed/lib/rv32imafc/ilp32f\libc_nano.a(lib_a-fwalk.o)
                0x00000000000056e0                _fwalk_reent
 .text.__malloc_lock
                0x000000000000574c        0x2 e:/app_windows/mounriver_studio/base_file/mounriver_studio/toolchain/risc-v embedded gcc/bin/../lib/gcc/riscv-none-embed/8.2.0/../../../../riscv-none-embed/lib/rv32imafc/ilp32f\libc_nano.a(lib_a-mlock.o)
                0x000000000000574c                __malloc_lock
 .text.__malloc_unlock
                0x000000000000574e        0x2 e:/app_windows/mounriver_studio/base_file/mounriver_studio/toolchain/risc-v embedded gcc/bin/../lib/gcc/riscv-none-embed/8.2.0/../../../../riscv-none-embed/lib/rv32imafc/ilp32f\libc_nano.a(lib_a-mlock.o)
                0x000000000000574e                __malloc_unlock
 .text.__sfputc_r
                0x0000000000005750       0x28 e:/app_windows/mounriver_studio/base_file/mounriver_studio/toolchain/risc-v embedded gcc/bin/../lib/gcc/riscv-none-embed/8.2.0/../../../../riscv-none-embed/lib/rv32imafc/ilp32f\libc_nano.a(lib_a-nano-vfprintf.o)
 .text.__sfputs_r
                0x0000000000005778       0x44 e:/app_windows/mounriver_studio/base_file/mounriver_studio/toolchain/risc-v embedded gcc/bin/../lib/gcc/riscv-none-embed/8.2.0/../../../../riscv-none-embed/lib/rv32imafc/ilp32f\libc_nano.a(lib_a-nano-vfprintf.o)
                0x0000000000005778                __sfputs_r
 .text._vfprintf_r
                0x00000000000057bc      0x2a0 e:/app_windows/mounriver_studio/base_file/mounriver_studio/toolchain/risc-v embedded gcc/bin/../lib/gcc/riscv-none-embed/8.2.0/../../../../riscv-none-embed/lib/rv32imafc/ilp32f\libc_nano.a(lib_a-nano-vfprintf.o)
                0x00000000000057bc                _vfprintf_r
                0x00000000000057bc                _vfiprintf_r
 .text._printf_common
                0x0000000000005a5c      0x10c e:/app_windows/mounriver_studio/base_file/mounriver_studio/toolchain/risc-v embedded gcc/bin/../lib/gcc/riscv-none-embed/8.2.0/../../../../riscv-none-embed/lib/rv32imafc/ilp32f\libc_nano.a(lib_a-nano-vfprintf_i.o)
                0x0000000000005a5c                _printf_common
 .text._printf_i
                0x0000000000005b68      0x2ac e:/app_windows/mounriver_studio/base_file/mounriver_studio/toolchain/risc-v embedded gcc/bin/../lib/gcc/riscv-none-embed/8.2.0/../../../../riscv-none-embed/lib/rv32imafc/ilp32f\libc_nano.a(lib_a-nano-vfprintf_i.o)
                0x0000000000005b68                _printf_i
 .text.__sread  0x0000000000005e14       0x30 e:/app_windows/mounriver_studio/base_file/mounriver_studio/toolchain/risc-v embedded gcc/bin/../lib/gcc/riscv-none-embed/8.2.0/../../../../riscv-none-embed/lib/rv32imafc/ilp32f\libc_nano.a(lib_a-stdio.o)
                0x0000000000005e14                __sread
 .text.__swrite
                0x0000000000005e44       0x4e e:/app_windows/mounriver_studio/base_file/mounriver_studio/toolchain/risc-v embedded gcc/bin/../lib/gcc/riscv-none-embed/8.2.0/../../../../riscv-none-embed/lib/rv32imafc/ilp32f\libc_nano.a(lib_a-stdio.o)
                0x0000000000005e44                __swrite
 .text.__sseek  0x0000000000005e92       0x36 e:/app_windows/mounriver_studio/base_file/mounriver_studio/toolchain/risc-v embedded gcc/bin/../lib/gcc/riscv-none-embed/8.2.0/../../../../riscv-none-embed/lib/rv32imafc/ilp32f\libc_nano.a(lib_a-stdio.o)
                0x0000000000005e92                __sseek
 .text.__sclose
                0x0000000000005ec8        0x6 e:/app_windows/mounriver_studio/base_file/mounriver_studio/toolchain/risc-v embedded gcc/bin/../lib/gcc/riscv-none-embed/8.2.0/../../../../riscv-none-embed/lib/rv32imafc/ilp32f\libc_nano.a(lib_a-stdio.o)
                0x0000000000005ec8                __sclose
 .text.__swbuf_r
                0x0000000000005ece       0xc2 e:/app_windows/mounriver_studio/base_file/mounriver_studio/toolchain/risc-v embedded gcc/bin/../lib/gcc/riscv-none-embed/8.2.0/../../../../riscv-none-embed/lib/rv32imafc/ilp32f\libc_nano.a(lib_a-wbuf.o)
                0x0000000000005ece                __swbuf_r
 .text._write_r
                0x0000000000005f90       0x36 e:/app_windows/mounriver_studio/base_file/mounriver_studio/toolchain/risc-v embedded gcc/bin/../lib/gcc/riscv-none-embed/8.2.0/../../../../riscv-none-embed/lib/rv32imafc/ilp32f\libc_nano.a(lib_a-writer.o)
                0x0000000000005f90                _write_r
 .text.__swsetup_r
                0x0000000000005fc6      0x110 e:/app_windows/mounriver_studio/base_file/mounriver_studio/toolchain/risc-v embedded gcc/bin/../lib/gcc/riscv-none-embed/8.2.0/../../../../riscv-none-embed/lib/rv32imafc/ilp32f\libc_nano.a(lib_a-wsetup.o)
                0x0000000000005fc6                __swsetup_r
 .text._close_r
                0x00000000000060d6       0x30 e:/app_windows/mounriver_studio/base_file/mounriver_studio/toolchain/risc-v embedded gcc/bin/../lib/gcc/riscv-none-embed/8.2.0/../../../../riscv-none-embed/lib/rv32imafc/ilp32f\libc_nano.a(lib_a-closer.o)
                0x00000000000060d6                _close_r
 .text.__sflush_r
                0x0000000000006106      0x13e e:/app_windows/mounriver_studio/base_file/mounriver_studio/toolchain/risc-v embedded gcc/bin/../lib/gcc/riscv-none-embed/8.2.0/../../../../riscv-none-embed/lib/rv32imafc/ilp32f\libc_nano.a(lib_a-fflush.o)
                0x0000000000006106                __sflush_r
 .text._fflush_r
                0x0000000000006244       0x68 e:/app_windows/mounriver_studio/base_file/mounriver_studio/toolchain/risc-v embedded gcc/bin/../lib/gcc/riscv-none-embed/8.2.0/../../../../riscv-none-embed/lib/rv32imafc/ilp32f\libc_nano.a(lib_a-fflush.o)
                0x0000000000006244                _fflush_r
 .text._lseek_r
                0x00000000000062ac       0x34 e:/app_windows/mounriver_studio/base_file/mounriver_studio/toolchain/risc-v embedded gcc/bin/../lib/gcc/riscv-none-embed/8.2.0/../../../../riscv-none-embed/lib/rv32imafc/ilp32f\libc_nano.a(lib_a-lseekr.o)
                0x00000000000062ac                _lseek_r
 .text.__swhatbuf_r
                0x00000000000062e0       0x58 e:/app_windows/mounriver_studio/base_file/mounriver_studio/toolchain/risc-v embedded gcc/bin/../lib/gcc/riscv-none-embed/8.2.0/../../../../riscv-none-embed/lib/rv32imafc/ilp32f\libc_nano.a(lib_a-makebuf.o)
                0x00000000000062e0                __swhatbuf_r
 .text.__smakebuf_r
                0x0000000000006338       0xa0 e:/app_windows/mounriver_studio/base_file/mounriver_studio/toolchain/risc-v embedded gcc/bin/../lib/gcc/riscv-none-embed/8.2.0/../../../../riscv-none-embed/lib/rv32imafc/ilp32f\libc_nano.a(lib_a-makebuf.o)
                0x0000000000006338                __smakebuf_r
 .text.memchr   0x00000000000063d8       0x1a e:/app_windows/mounriver_studio/base_file/mounriver_studio/toolchain/risc-v embedded gcc/bin/../lib/gcc/riscv-none-embed/8.2.0/../../../../riscv-none-embed/lib/rv32imafc/ilp32f\libc_nano.a(lib_a-memchr.o)
                0x00000000000063d8                memchr
 .text._read_r  0x00000000000063f2       0x34 e:/app_windows/mounriver_studio/base_file/mounriver_studio/toolchain/risc-v embedded gcc/bin/../lib/gcc/riscv-none-embed/8.2.0/../../../../riscv-none-embed/lib/rv32imafc/ilp32f\libc_nano.a(lib_a-readr.o)
                0x00000000000063f2                _read_r
 .text._fstat_r
                0x0000000000006426       0x32 e:/app_windows/mounriver_studio/base_file/mounriver_studio/toolchain/risc-v embedded gcc/bin/../lib/gcc/riscv-none-embed/8.2.0/../../../../riscv-none-embed/lib/rv32imafc/ilp32f\libc_nano.a(lib_a-fstatr.o)
                0x0000000000006426                _fstat_r
 .text._isatty_r
                0x0000000000006458       0x30 e:/app_windows/mounriver_studio/base_file/mounriver_studio/toolchain/risc-v embedded gcc/bin/../lib/gcc/riscv-none-embed/8.2.0/../../../../riscv-none-embed/lib/rv32imafc/ilp32f\libc_nano.a(lib_a-isattyr.o)
                0x0000000000006458                _isatty_r
 .text._close   0x0000000000006488       0x10 e:/app_windows/mounriver_studio/base_file/mounriver_studio/toolchain/risc-v embedded gcc/bin/../lib/gcc/riscv-none-embed/8.2.0/../../../../riscv-none-embed/lib/rv32imafc/ilp32f\libnosys.a(close.o)
                0x0000000000006488                _close
 .text._fstat   0x0000000000006498       0x10 e:/app_windows/mounriver_studio/base_file/mounriver_studio/toolchain/risc-v embedded gcc/bin/../lib/gcc/riscv-none-embed/8.2.0/../../../../riscv-none-embed/lib/rv32imafc/ilp32f\libnosys.a(fstat.o)
                0x0000000000006498                _fstat
 .text._isatty  0x00000000000064a8       0x10 e:/app_windows/mounriver_studio/base_file/mounriver_studio/toolchain/risc-v embedded gcc/bin/../lib/gcc/riscv-none-embed/8.2.0/../../../../riscv-none-embed/lib/rv32imafc/ilp32f\libnosys.a(isatty.o)
                0x00000000000064a8                _isatty
 .text._lseek   0x00000000000064b8       0x10 e:/app_windows/mounriver_studio/base_file/mounriver_studio/toolchain/risc-v embedded gcc/bin/../lib/gcc/riscv-none-embed/8.2.0/../../../../riscv-none-embed/lib/rv32imafc/ilp32f\libnosys.a(lseek.o)
                0x00000000000064b8                _lseek
 .text._read    0x00000000000064c8       0x10 e:/app_windows/mounriver_studio/base_file/mounriver_studio/toolchain/risc-v embedded gcc/bin/../lib/gcc/riscv-none-embed/8.2.0/../../../../riscv-none-embed/lib/rv32imafc/ilp32f\libnosys.a(read.o)
                0x00000000000064c8                _read
 *(.rodata)
 *fill*         0x00000000000064d8        0x0 
 .rodata        0x00000000000064d8       0x50 CMakeFiles/CH32V307VCT6_CMake_RT_Thread_2024_11_27.elf.dir/rtthread/components/finsh/cmd.c.obj
 *(.rodata*)
 .rodata.led.str1.4
                0x0000000000006528       0x32 CMakeFiles/CH32V307VCT6_CMake_RT_Thread_2024_11_27.elf.dir/App/Drivers/Led/led.c.obj
 *fill*         0x000000000000655a        0x2 
 .rodata.name   0x000000000000655c       0x2a CMakeFiles/CH32V307VCT6_CMake_RT_Thread_2024_11_27.elf.dir/App/Drivers/Led/led.c.obj
                0x000000000000655c                __fsym___cmd_led_desc
                0x000000000000657c                __fsym___cmd_led_name
 *fill*         0x0000000000006586        0x2 
 .rodata.HardFault_Handler.str1.4
                0x0000000000006588        0xc CMakeFiles/CH32V307VCT6_CMake_RT_Thread_2024_11_27.elf.dir/User/ch32v30x_it.c.obj
 .rodata.NMI_Handler.str1.4
                0x0000000000006594        0xf CMakeFiles/CH32V307VCT6_CMake_RT_Thread_2024_11_27.elf.dir/User/ch32v30x_it.c.obj
 *fill*         0x00000000000065a3        0x1 
 .rodata.main.str1.4
                0x00000000000065a4       0x42 CMakeFiles/CH32V307VCT6_CMake_RT_Thread_2024_11_27.elf.dir/User/main.c.obj
 *fill*         0x00000000000065e6        0x2 
 .rodata._ch32_pin_ops
                0x00000000000065e8       0x18 CMakeFiles/CH32V307VCT6_CMake_RT_Thread_2024_11_27.elf.dir/drivers/drv_gpio.c.obj
 .rodata.pin_irq_map
                0x0000000000006600       0x80 CMakeFiles/CH32V307VCT6_CMake_RT_Thread_2024_11_27.elf.dir/drivers/drv_gpio.c.obj
 .rodata.pins   0x0000000000006680      0x650 CMakeFiles/CH32V307VCT6_CMake_RT_Thread_2024_11_27.elf.dir/drivers/drv_gpio.c.obj
 .rodata.rt_hw_pin_init.str1.4
                0x0000000000006cd0        0x4 CMakeFiles/CH32V307VCT6_CMake_RT_Thread_2024_11_27.elf.dir/drivers/drv_gpio.c.obj
 .rodata.ch32_uart_ops
                0x0000000000006cd4       0x14 CMakeFiles/CH32V307VCT6_CMake_RT_Thread_2024_11_27.elf.dir/drivers/drv_usart.c.obj
 .rodata.rt_hw_usart_init.str1.4
                0x0000000000006ce8        0x6 CMakeFiles/CH32V307VCT6_CMake_RT_Thread_2024_11_27.elf.dir/drivers/drv_usart.c.obj
 .rodata.rt_hw_board_init.str1.4
                0x0000000000006cee        0x6 CMakeFiles/CH32V307VCT6_CMake_RT_Thread_2024_11_27.elf.dir/rtthread/board.c.obj
 *fill*         0x0000000000006cee        0x2 
 .rodata.name   0x0000000000006cf0       0x70 CMakeFiles/CH32V307VCT6_CMake_RT_Thread_2024_11_27.elf.dir/rtthread/components/drivers/misc/pin.c.obj
                0x0000000000006cf0                __fsym_pinRead_desc
                0x0000000000006d10                __fsym_pinRead_name
                0x0000000000006d18                __fsym_pinWrite_desc
                0x0000000000006d34                __fsym_pinWrite_name
                0x0000000000006d40                __fsym_pinMode_desc
                0x0000000000006d58                __fsym_pinMode_name
 .rodata.clear.str1.4
                0x0000000000006d60        0x8 CMakeFiles/CH32V307VCT6_CMake_RT_Thread_2024_11_27.elf.dir/rtthread/components/finsh/cmd.c.obj
 .rodata.list.str1.4
                0x0000000000006d68       0x25 CMakeFiles/CH32V307VCT6_CMake_RT_Thread_2024_11_27.elf.dir/rtthread/components/finsh/cmd.c.obj
 *fill*         0x0000000000006d8d        0x3 
 .rodata.list_device.str1.4
                0x0000000000006d90       0x67 CMakeFiles/CH32V307VCT6_CMake_RT_Thread_2024_11_27.elf.dir/rtthread/components/finsh/cmd.c.obj
 *fill*         0x0000000000006df7        0x1 
 .rodata.list_event.str1.4
                0x0000000000006df8       0x76 CMakeFiles/CH32V307VCT6_CMake_RT_Thread_2024_11_27.elf.dir/rtthread/components/finsh/cmd.c.obj
 *fill*         0x0000000000006e6e        0x2 
 .rodata.list_mailbox.str1.4
                0x0000000000006e70       0x76 CMakeFiles/CH32V307VCT6_CMake_RT_Thread_2024_11_27.elf.dir/rtthread/components/finsh/cmd.c.obj
 *fill*         0x0000000000006ee6        0x2 
 .rodata.list_msgqueue.str1.4
                0x0000000000006ee8       0x65 CMakeFiles/CH32V307VCT6_CMake_RT_Thread_2024_11_27.elf.dir/rtthread/components/finsh/cmd.c.obj
 *fill*         0x0000000000006f4d        0x3 
 .rodata.list_mutex.str1.4
                0x0000000000006f50       0x63 CMakeFiles/CH32V307VCT6_CMake_RT_Thread_2024_11_27.elf.dir/rtthread/components/finsh/cmd.c.obj
 *fill*         0x0000000000006fb3        0x1 
 .rodata.list_sem.str1.4
                0x0000000000006fb4       0x60 CMakeFiles/CH32V307VCT6_CMake_RT_Thread_2024_11_27.elf.dir/rtthread/components/finsh/cmd.c.obj
                                         0x64 (size before relaxing)
 .rodata.list_thread.str1.4
                0x0000000000007014       0xf4 CMakeFiles/CH32V307VCT6_CMake_RT_Thread_2024_11_27.elf.dir/rtthread/components/finsh/cmd.c.obj
 .rodata.list_timer.str1.4
                0x0000000000007108       0x9d CMakeFiles/CH32V307VCT6_CMake_RT_Thread_2024_11_27.elf.dir/rtthread/components/finsh/cmd.c.obj
 *fill*         0x00000000000071a5        0x3 
 .rodata.name   0x00000000000071a8      0x323 CMakeFiles/CH32V307VCT6_CMake_RT_Thread_2024_11_27.elf.dir/rtthread/components/finsh/cmd.c.obj
                0x00000000000071a8                __fsym_list_desc
                0x00000000000071c4                __fsym_list_name
                0x00000000000071cc                __fsym___cmd_list_device_desc
                0x00000000000071e4                __fsym___cmd_list_device_name
                0x00000000000071f8                __fsym_list_device_desc
                0x0000000000007210                __fsym_list_device_name
                0x000000000000721c                __fsym___cmd_list_timer_desc
                0x0000000000007234                __fsym___cmd_list_timer_name
                0x0000000000007248                __fsym_list_timer_desc
                0x0000000000007260                __fsym_list_timer_name
                0x000000000000726c                __fsym___cmd_list_msgqueue_desc
                0x000000000000728c                __fsym___cmd_list_msgqueue_name
                0x00000000000072a0                __fsym_list_msgqueue_desc
                0x00000000000072c0                __fsym_list_msgqueue_name
                0x00000000000072d0                __fsym___cmd_list_mailbox_desc
                0x00000000000072e8                __fsym___cmd_list_mailbox_name
                0x00000000000072fc                __fsym_list_mailbox_desc
                0x0000000000007314                __fsym_list_mailbox_name
                0x0000000000007324                __fsym___cmd_list_mutex_desc
                0x000000000000733c                __fsym___cmd_list_mutex_name
                0x0000000000007350                __fsym_list_mutex_desc
                0x0000000000007368                __fsym_list_mutex_name
                0x0000000000007374                __fsym___cmd_list_event_desc
                0x000000000000738c                __fsym___cmd_list_event_name
                0x00000000000073a0                __fsym_list_event_desc
                0x00000000000073b8                __fsym_list_event_name
                0x00000000000073c4                __fsym___cmd_list_sem_desc
                0x00000000000073e0                __fsym___cmd_list_sem_name
                0x00000000000073f0                __fsym_list_sem_desc
                0x000000000000740c                __fsym_list_sem_name
                0x0000000000007418                __fsym___cmd_list_thread_desc
                0x0000000000007424                __fsym___cmd_list_thread_name
                0x0000000000007438                __fsym_list_thread_desc
                0x0000000000007444                __fsym_list_thread_name
                0x0000000000007450                __fsym___cmd_clear_desc
                0x0000000000007464                __fsym___cmd_clear_name
                0x0000000000007470                __fsym_clear_desc
                0x0000000000007484                __fsym_clear_name
                0x000000000000748c                __fsym___cmd_reboot_desc
                0x00000000000074a0                __fsym___cmd_reboot_name
                0x00000000000074b0                __fsym_reboot_desc
                0x00000000000074c4                __fsym_reboot_name
 *fill*         0x00000000000074cb        0x1 
 .rodata.show_wait_queue.str1.4
                0x00000000000074cc        0x6 CMakeFiles/CH32V307VCT6_CMake_RT_Thread_2024_11_27.elf.dir/rtthread/components/finsh/cmd.c.obj
 *fill*         0x00000000000074d2        0x2 
 .rodata.str1.4
                0x00000000000074d4      0x119 CMakeFiles/CH32V307VCT6_CMake_RT_Thread_2024_11_27.elf.dir/rtthread/components/finsh/cmd.c.obj
 .rodata.msh_auto_complete.str1.4
                0x00000000000075ed      0x119 CMakeFiles/CH32V307VCT6_CMake_RT_Thread_2024_11_27.elf.dir/rtthread/components/finsh/msh.c.obj
                                          0x4 (size before relaxing)
 *fill*         0x00000000000075ed        0x3 
 .rodata.msh_exec.str1.4
                0x00000000000075f0       0x3c CMakeFiles/CH32V307VCT6_CMake_RT_Thread_2024_11_27.elf.dir/rtthread/components/finsh/msh.c.obj
 .rodata.msh_help.str1.4
                0x000000000000762c       0x30 CMakeFiles/CH32V307VCT6_CMake_RT_Thread_2024_11_27.elf.dir/rtthread/components/finsh/msh.c.obj
                                         0x32 (size before relaxing)
 .rodata.name   0x000000000000765c       0x23 CMakeFiles/CH32V307VCT6_CMake_RT_Thread_2024_11_27.elf.dir/rtthread/components/finsh/msh.c.obj
                0x000000000000765c                __fsym___cmd_help_desc
                0x0000000000007674                __fsym___cmd_help_name
 *fill*         0x000000000000767f        0x1 
 .rodata.name   0x0000000000007680       0x55 CMakeFiles/CH32V307VCT6_CMake_RT_Thread_2024_11_27.elf.dir/rtthread/components/finsh/msh_cmd.c.obj
                0x0000000000007680                __fsym___cmd_free_desc
                0x00000000000076a4                __fsym___cmd_free_name
                0x00000000000076b0                __fsym___cmd_ps_desc
                0x00000000000076cc                __fsym___cmd_ps_name
 *fill*         0x00000000000076d5        0x3 
 .rodata.finsh_set_device.str1.4
                0x00000000000076d8       0x20 CMakeFiles/CH32V307VCT6_CMake_RT_Thread_2024_11_27.elf.dir/rtthread/components/finsh/shell.c.obj
 .rodata.finsh_system_init.str1.4
                0x00000000000076f8       0x25 CMakeFiles/CH32V307VCT6_CMake_RT_Thread_2024_11_27.elf.dir/rtthread/components/finsh/shell.c.obj
 *fill*         0x000000000000771d        0x3 
 .rodata.finsh_thread_entry.str1.4
                0x0000000000007720       0x14 CMakeFiles/CH32V307VCT6_CMake_RT_Thread_2024_11_27.elf.dir/rtthread/components/finsh/shell.c.obj
                                         0x1b (size before relaxing)
 .rodata.shell_handle_history.str1.4
                0x0000000000007734        0xd CMakeFiles/CH32V307VCT6_CMake_RT_Thread_2024_11_27.elf.dir/rtthread/components/finsh/shell.c.obj
 *fill*         0x0000000000007741        0x3 
 .rodata.rt_application_init.str1.4
                0x0000000000007744        0x5 CMakeFiles/CH32V307VCT6_CMake_RT_Thread_2024_11_27.elf.dir/rtthread/src/components.c.obj
 *fill*         0x0000000000007749        0x3 
 .rodata.rt_device_init.str1.4
                0x000000000000774c       0x36 CMakeFiles/CH32V307VCT6_CMake_RT_Thread_2024_11_27.elf.dir/rtthread/src/device.c.obj
 *fill*         0x0000000000007782        0x2 
 .rodata.rt_thread_idle_init.str1.4
                0x0000000000007784        0x6 CMakeFiles/CH32V307VCT6_CMake_RT_Thread_2024_11_27.elf.dir/rtthread/src/idle.c.obj
 *fill*         0x000000000000778a        0x2 
 .rodata.rt_vsnprintf
                0x000000000000778c      0x150 CMakeFiles/CH32V307VCT6_CMake_RT_Thread_2024_11_27.elf.dir/rtthread/src/kservice.c.obj
 .rodata.__lowest_bit_bitmap
                0x00000000000078dc      0x100 CMakeFiles/CH32V307VCT6_CMake_RT_Thread_2024_11_27.elf.dir/rtthread/src/kservice.c.obj
                0x00000000000078dc                __lowest_bit_bitmap
 .rodata.large_digits.2585
                0x00000000000079dc       0x11 CMakeFiles/CH32V307VCT6_CMake_RT_Thread_2024_11_27.elf.dir/rtthread/src/kservice.c.obj
 *fill*         0x00000000000079ed        0x3 
 .rodata.rt_show_version.str1.4
                0x00000000000079f0       0x86 CMakeFiles/CH32V307VCT6_CMake_RT_Thread_2024_11_27.elf.dir/rtthread/src/kservice.c.obj
 *fill*         0x0000000000007a76        0x2 
 .rodata.rt_vsnprintf.str1.4
                0x0000000000007a78        0x7 CMakeFiles/CH32V307VCT6_CMake_RT_Thread_2024_11_27.elf.dir/rtthread/src/kservice.c.obj
 *fill*         0x0000000000007a7f        0x1 
 .rodata.small_digits.2584
                0x0000000000007a80       0x11 CMakeFiles/CH32V307VCT6_CMake_RT_Thread_2024_11_27.elf.dir/rtthread/src/kservice.c.obj
 *fill*         0x0000000000007a91        0x3 
 .rodata.list_mem.str1.4
                0x0000000000007a94       0x46 CMakeFiles/CH32V307VCT6_CMake_RT_Thread_2024_11_27.elf.dir/rtthread/src/mem.c.obj
 *fill*         0x0000000000007ada        0x2 
 .rodata.name   0x0000000000007adc       0x29 CMakeFiles/CH32V307VCT6_CMake_RT_Thread_2024_11_27.elf.dir/rtthread/src/mem.c.obj
                0x0000000000007adc                __fsym_list_mem_desc
                0x0000000000007afc                __fsym_list_mem_name
 *fill*         0x0000000000007b05        0x3 
 .rodata.rt_free.str1.4
                0x0000000000007b08       0x4c CMakeFiles/CH32V307VCT6_CMake_RT_Thread_2024_11_27.elf.dir/rtthread/src/mem.c.obj
 .rodata.rt_system_heap_init.str1.4
                0x0000000000007b54       0x42 CMakeFiles/CH32V307VCT6_CMake_RT_Thread_2024_11_27.elf.dir/rtthread/src/mem.c.obj
 *fill*         0x0000000000007b96        0x2 
 .rodata.__sf_fake_stderr
                0x0000000000007b98       0x20 e:/app_windows/mounriver_studio/base_file/mounriver_studio/toolchain/risc-v embedded gcc/bin/../lib/gcc/riscv-none-embed/8.2.0/../../../../riscv-none-embed/lib/rv32imafc/ilp32f\libc_nano.a(lib_a-findfp.o)
                0x0000000000007b98                __sf_fake_stderr
 .rodata.__sf_fake_stdin
                0x0000000000007bb8       0x20 e:/app_windows/mounriver_studio/base_file/mounriver_studio/toolchain/risc-v embedded gcc/bin/../lib/gcc/riscv-none-embed/8.2.0/../../../../riscv-none-embed/lib/rv32imafc/ilp32f\libc_nano.a(lib_a-findfp.o)
                0x0000000000007bb8                __sf_fake_stdin
 .rodata.__sf_fake_stdout
                0x0000000000007bd8       0x20 e:/app_windows/mounriver_studio/base_file/mounriver_studio/toolchain/risc-v embedded gcc/bin/../lib/gcc/riscv-none-embed/8.2.0/../../../../riscv-none-embed/lib/rv32imafc/ilp32f\libc_nano.a(lib_a-findfp.o)
                0x0000000000007bd8                __sf_fake_stdout
 .rodata._vfprintf_r.str1.4
                0x0000000000007bf8       0x13 e:/app_windows/mounriver_studio/base_file/mounriver_studio/toolchain/risc-v embedded gcc/bin/../lib/gcc/riscv-none-embed/8.2.0/../../../../riscv-none-embed/lib/rv32imafc/ilp32f\libc_nano.a(lib_a-nano-vfprintf.o)
 *fill*         0x0000000000007c0b        0x1 
 .rodata._printf_i.str1.4
                0x0000000000007c0c       0x28 e:/app_windows/mounriver_studio/base_file/mounriver_studio/toolchain/risc-v embedded gcc/bin/../lib/gcc/riscv-none-embed/8.2.0/../../../../riscv-none-embed/lib/rv32imafc/ilp32f\libc_nano.a(lib_a-nano-vfprintf_i.o)
                                         0x25 (size before relaxing)
 *(.gnu.linkonce.t.*)
                0x0000000000007c34                . = ALIGN (0x4)
                0x0000000000007c34                __fsymtab_start = .
 *(FSymTab)
 FSymTab        0x0000000000007c34        0xc CMakeFiles/CH32V307VCT6_CMake_RT_Thread_2024_11_27.elf.dir/App/Drivers/Led/led.c.obj
                0x0000000000007c34                __fsym___cmd_led
 FSymTab        0x0000000000007c40       0x24 CMakeFiles/CH32V307VCT6_CMake_RT_Thread_2024_11_27.elf.dir/rtthread/components/drivers/misc/pin.c.obj
                0x0000000000007c40                __fsym_pinRead
                0x0000000000007c4c                __fsym_pinWrite
                0x0000000000007c58                __fsym_pinMode
 FSymTab        0x0000000000007c64       0xfc CMakeFiles/CH32V307VCT6_CMake_RT_Thread_2024_11_27.elf.dir/rtthread/components/finsh/cmd.c.obj
                0x0000000000007c64                __fsym_list
                0x0000000000007c70                __fsym___cmd_list_device
                0x0000000000007c7c                __fsym_list_device
                0x0000000000007c88                __fsym___cmd_list_timer
                0x0000000000007c94                __fsym_list_timer
                0x0000000000007ca0                __fsym___cmd_list_msgqueue
                0x0000000000007cac                __fsym_list_msgqueue
                0x0000000000007cb8                __fsym___cmd_list_mailbox
                0x0000000000007cc4                __fsym_list_mailbox
                0x0000000000007cd0                __fsym___cmd_list_mutex
                0x0000000000007cdc                __fsym_list_mutex
                0x0000000000007ce8                __fsym___cmd_list_event
                0x0000000000007cf4                __fsym_list_event
                0x0000000000007d00                __fsym___cmd_list_sem
                0x0000000000007d0c                __fsym_list_sem
                0x0000000000007d18                __fsym___cmd_list_thread
                0x0000000000007d24                __fsym_list_thread
                0x0000000000007d30                __fsym___cmd_clear
                0x0000000000007d3c                __fsym_clear
                0x0000000000007d48                __fsym___cmd_reboot
                0x0000000000007d54                __fsym_reboot
 FSymTab        0x0000000000007d60        0xc CMakeFiles/CH32V307VCT6_CMake_RT_Thread_2024_11_27.elf.dir/rtthread/components/finsh/msh.c.obj
                0x0000000000007d60                __fsym___cmd_help
 FSymTab        0x0000000000007d6c       0x18 CMakeFiles/CH32V307VCT6_CMake_RT_Thread_2024_11_27.elf.dir/rtthread/components/finsh/msh_cmd.c.obj
                0x0000000000007d6c                __fsym___cmd_free
                0x0000000000007d78                __fsym___cmd_ps
 FSymTab        0x0000000000007d84        0xc CMakeFiles/CH32V307VCT6_CMake_RT_Thread_2024_11_27.elf.dir/rtthread/src/mem.c.obj
                0x0000000000007d84                __fsym_list_mem
                0x0000000000007d90                __fsymtab_end = .
                0x0000000000007d90                . = ALIGN (0x4)
                0x0000000000007d90                __vsymtab_start = .
 *(VSymTab)
                0x0000000000007d90                __vsymtab_end = .
                0x0000000000007d90                . = ALIGN (0x4)
                0x0000000000007d90                . = ALIGN (0x4)
                0x0000000000007d90                __rt_init_start = .
 *(SORT_BY_NAME(.rti_fn*))
 .rti_fn.0      0x0000000000007d90        0x4 CMakeFiles/CH32V307VCT6_CMake_RT_Thread_2024_11_27.elf.dir/rtthread/src/components.c.obj
                0x0000000000007d90                __rt_init_rti_start
 .rti_fn.0.end  0x0000000000007d94        0x4 CMakeFiles/CH32V307VCT6_CMake_RT_Thread_2024_11_27.elf.dir/rtthread/src/components.c.obj
                0x0000000000007d94                __rt_init_rti_board_start
 .rti_fn.1      0x0000000000007d98        0x4 CMakeFiles/CH32V307VCT6_CMake_RT_Thread_2024_11_27.elf.dir/drivers/drv_gpio.c.obj
                0x0000000000007d98                __rt_init_rt_hw_pin_init
 .rti_fn.1      0x0000000000007d9c        0x4 CMakeFiles/CH32V307VCT6_CMake_RT_Thread_2024_11_27.elf.dir/drivers/drv_usart.c.obj
                0x0000000000007d9c                __rt_init_rt_hw_usart_init
 .rti_fn.1.end  0x0000000000007da0        0x4 CMakeFiles/CH32V307VCT6_CMake_RT_Thread_2024_11_27.elf.dir/rtthread/src/components.c.obj
                0x0000000000007da0                __rt_init_rti_board_end
 .rti_fn.6      0x0000000000007da4        0x4 CMakeFiles/CH32V307VCT6_CMake_RT_Thread_2024_11_27.elf.dir/rtthread/components/finsh/shell.c.obj
                0x0000000000007da4                __rt_init_finsh_system_init
 .rti_fn.6.end  0x0000000000007da8        0x4 CMakeFiles/CH32V307VCT6_CMake_RT_Thread_2024_11_27.elf.dir/rtthread/src/components.c.obj
                0x0000000000007da8                __rt_init_rti_end
                0x0000000000007dac                __rt_init_end = .
                0x0000000000007dac                . = ALIGN (0x4)
                0x0000000000007dac                . = ALIGN (0x4)
                0x0000000000007dac                __rtmsymtab_start = .
 *(RTMSymTab)
                0x0000000000007dac                __rtmsymtab_end = .
                0x0000000000007dac                . = ALIGN (0x4)

.rela.dyn       0x0000000000007dac        0x0
 .rela.text._sbrk
                0x0000000000007dac        0x0 CMakeFiles/CH32V307VCT6_CMake_RT_Thread_2024_11_27.elf.dir/App/Drivers/Led/led.c.obj
 .rela.sdata.curbrk.5280
                0x0000000000007dac        0x0 CMakeFiles/CH32V307VCT6_CMake_RT_Thread_2024_11_27.elf.dir/App/Drivers/Led/led.c.obj
 .rela.init     0x0000000000007dac        0x0 CMakeFiles/CH32V307VCT6_CMake_RT_Thread_2024_11_27.elf.dir/App/Drivers/Led/led.c.obj
 .rela.vector   0x0000000000007dac        0x0 CMakeFiles/CH32V307VCT6_CMake_RT_Thread_2024_11_27.elf.dir/App/Drivers/Led/led.c.obj
 .rela.text.handle_reset
                0x0000000000007dac        0x0 CMakeFiles/CH32V307VCT6_CMake_RT_Thread_2024_11_27.elf.dir/App/Drivers/Led/led.c.obj
 .rela.text.rt_hw_board_init
                0x0000000000007dac        0x0 CMakeFiles/CH32V307VCT6_CMake_RT_Thread_2024_11_27.elf.dir/App/Drivers/Led/led.c.obj
 .rela.text.finsh_system_init
                0x0000000000007dac        0x0 CMakeFiles/CH32V307VCT6_CMake_RT_Thread_2024_11_27.elf.dir/App/Drivers/Led/led.c.obj
 .rela.text     0x0000000000007dac        0x0 CMakeFiles/CH32V307VCT6_CMake_RT_Thread_2024_11_27.elf.dir/App/Drivers/Led/led.c.obj
 .rela.text.rt_kprintf
                0x0000000000007dac        0x0 CMakeFiles/CH32V307VCT6_CMake_RT_Thread_2024_11_27.elf.dir/App/Drivers/Led/led.c.obj
 .rela.text._sbrk_r
                0x0000000000007dac        0x0 CMakeFiles/CH32V307VCT6_CMake_RT_Thread_2024_11_27.elf.dir/App/Drivers/Led/led.c.obj
 .rela.text._vfprintf_r
                0x0000000000007dac        0x0 CMakeFiles/CH32V307VCT6_CMake_RT_Thread_2024_11_27.elf.dir/App/Drivers/Led/led.c.obj
 .rela.text._write_r
                0x0000000000007dac        0x0 CMakeFiles/CH32V307VCT6_CMake_RT_Thread_2024_11_27.elf.dir/App/Drivers/Led/led.c.obj
 .rela.text._close_r
                0x0000000000007dac        0x0 CMakeFiles/CH32V307VCT6_CMake_RT_Thread_2024_11_27.elf.dir/App/Drivers/Led/led.c.obj
 .rela.text._lseek_r
                0x0000000000007dac        0x0 CMakeFiles/CH32V307VCT6_CMake_RT_Thread_2024_11_27.elf.dir/App/Drivers/Led/led.c.obj
 .rela.text._read_r
                0x0000000000007dac        0x0 CMakeFiles/CH32V307VCT6_CMake_RT_Thread_2024_11_27.elf.dir/App/Drivers/Led/led.c.obj
 .rela.text._fstat_r
                0x0000000000007dac        0x0 CMakeFiles/CH32V307VCT6_CMake_RT_Thread_2024_11_27.elf.dir/App/Drivers/Led/led.c.obj
 .rela.text._isatty_r
                0x0000000000007dac        0x0 CMakeFiles/CH32V307VCT6_CMake_RT_Thread_2024_11_27.elf.dir/App/Drivers/Led/led.c.obj
 .rela.text._close
                0x0000000000007dac        0x0 CMakeFiles/CH32V307VCT6_CMake_RT_Thread_2024_11_27.elf.dir/App/Drivers/Led/led.c.obj
 .rela.text._fstat
                0x0000000000007dac        0x0 CMakeFiles/CH32V307VCT6_CMake_RT_Thread_2024_11_27.elf.dir/App/Drivers/Led/led.c.obj
 .rela.text._isatty
                0x0000000000007dac        0x0 CMakeFiles/CH32V307VCT6_CMake_RT_Thread_2024_11_27.elf.dir/App/Drivers/Led/led.c.obj
 .rela.text._lseek
                0x0000000000007dac        0x0 CMakeFiles/CH32V307VCT6_CMake_RT_Thread_2024_11_27.elf.dir/App/Drivers/Led/led.c.obj
 .rela.text._read
                0x0000000000007dac        0x0 CMakeFiles/CH32V307VCT6_CMake_RT_Thread_2024_11_27.elf.dir/App/Drivers/Led/led.c.obj

.fini           0x0000000000007dac        0x0
 *(SORT_NONE(.fini))
                0x0000000000007dac                . = ALIGN (0x4)
                [!provide]                        PROVIDE (_etext = .)
                [!provide]                        PROVIDE (_eitcm = .)

.preinit_array  0x0000000000007dac        0x0
                [!provide]                        PROVIDE (__preinit_array_start = .)
 *(.preinit_array)
                [!provide]                        PROVIDE (__preinit_array_end = .)

.init_array     0x0000000000007dac        0x0
                [!provide]                        PROVIDE (__init_array_start = .)
 *(SORT_BY_INIT_PRIORITY(.init_array.*) SORT_BY_INIT_PRIORITY(.ctors.*))
 *(.init_array EXCLUDE_FILE(*crtend?.o *crtend.o *crtbegin?.o *crtbegin.o) .ctors)
                [!provide]                        PROVIDE (__init_array_end = .)

.fini_array     0x0000000000007dac        0x0
                [!provide]                        PROVIDE (__fini_array_start = .)