Archive member included to satisfy reference by file (symbol)

e:/app_windows/mounriver_studio/base_file/mounriver_studio/toolchain/risc-v embedded gcc/bin/../lib/gcc/riscv-none-embed/8.2.0/../../../../riscv-none-embed/lib/rv32imafc/ilp32f\libm.a(lib_a-s_floor.o)
                              CMakeFiles/CH32V307VCT6_CMake_RT_Thread_2024_11_27.elf.dir/CMyLib/Src/cJSON.c.obj (floor)
e:/app_windows/mounriver_studio/base_file/mounriver_studio/toolchain/risc-v embedded gcc/bin/../lib/gcc/riscv-none-embed/8.2.0/../../../../riscv-none-embed/lib/rv32imafc/ilp32f\libm.a(lib_a-w_pow.o)
                              CMakeFiles/CH32V307VCT6_CMake_RT_Thread_2024_11_27.elf.dir/CMyLib/Src/cJSON.c.obj (pow)
e:/app_windows/mounriver_studio/base_file/mounriver_studio/toolchain/risc-v embedded gcc/bin/../lib/gcc/riscv-none-embed/8.2.0/../../../../riscv-none-embed/lib/rv32imafc/ilp32f\libm.a(lib_a-e_pow.o)
                              e:/app_windows/mounriver_studio/base_file/mounriver_studio/toolchain/risc-v embedded gcc/bin/../lib/gcc/riscv-none-embed/8.2.0/../../../../riscv-none-embed/lib/rv32imafc/ilp32f\libm.a(lib_a-w_pow.o) (__ieee754_pow)
e:/app_windows/mounriver_studio/base_file/mounriver_studio/toolchain/risc-v embedded gcc/bin/../lib/gcc/riscv-none-embed/8.2.0/../../../../riscv-none-embed/lib/rv32imafc/ilp32f\libm.a(lib_a-e_sqrt.o)
                              e:/app_windows/mounriver_studio/base_file/mounriver_studio/toolchain/risc-v embedded gcc/bin/../lib/gcc/riscv-none-embed/8.2.0/../../../../riscv-none-embed/lib/rv32imafc/ilp32f\libm.a(lib_a-e_pow.o) (__ieee754_sqrt)
e:/app_windows/mounriver_studio/base_file/mounriver_studio/toolchain/risc-v embedded gcc/bin/../lib/gcc/riscv-none-embed/8.2.0/../../../../riscv-none-embed/lib/rv32imafc/ilp32f\libm.a(lib_a-s_fabs.o)
                              e:/app_windows/mounriver_studio/base_file/mounriver_studio/toolchain/risc-v embedded gcc/bin/../lib/gcc/riscv-none-embed/8.2.0/../../../../riscv-none-embed/lib/rv32imafc/ilp32f\libm.a(lib_a-e_pow.o) (fabs)
e:/app_windows/mounriver_studio/base_file/mounriver_studio/toolchain/risc-v embedded gcc/bin/../lib/gcc/riscv-none-embed/8.2.0/../../../../riscv-none-embed/lib/rv32imafc/ilp32f\libm.a(lib_a-s_finite.o)
                              e:/app_windows/mounriver_studio/base_file/mounriver_studio/toolchain/risc-v embedded gcc/bin/../lib/gcc/riscv-none-embed/8.2.0/../../../../riscv-none-embed/lib/rv32imafc/ilp32f\libm.a(lib_a-w_pow.o) (finite)
e:/app_windows/mounriver_studio/base_file/mounriver_studio/toolchain/risc-v embedded gcc/bin/../lib/gcc/riscv-none-embed/8.2.0/../../../../riscv-none-embed/lib/rv32imafc/ilp32f\libm.a(lib_a-s_lib_ver.o)
                              e:/app_windows/mounriver_studio/base_file/mounriver_studio/toolchain/risc-v embedded gcc/bin/../lib/gcc/riscv-none-embed/8.2.0/../../../../riscv-none-embed/lib/rv32imafc/ilp32f\libm.a(lib_a-w_pow.o) (__fdlib_version)
e:/app_windows/mounriver_studio/base_file/mounriver_studio/toolchain/risc-v embedded gcc/bin/../lib/gcc/riscv-none-embed/8.2.0/../../../../riscv-none-embed/lib/rv32imafc/ilp32f\libm.a(lib_a-s_matherr.o)
                              e:/app_windows/mounriver_studio/base_file/mounriver_studio/toolchain/risc-v embedded gcc/bin/../lib/gcc/riscv-none-embed/8.2.0/../../../../riscv-none-embed/lib/rv32imafc/ilp32f\libm.a(lib_a-w_pow.o) (matherr)
e:/app_windows/mounriver_studio/base_file/mounriver_studio/toolchain/risc-v embedded gcc/bin/../lib/gcc/riscv-none-embed/8.2.0/../../../../riscv-none-embed/lib/rv32imafc/ilp32f\libm.a(lib_a-s_nan.o)
                              e:/app_windows/mounriver_studio/base_file/mounriver_studio/toolchain/risc-v embedded gcc/bin/../lib/gcc/riscv-none-embed/8.2.0/../../../../riscv-none-embed/lib/rv32imafc/ilp32f\libm.a(lib_a-e_pow.o) (nan)
e:/app_windows/mounriver_studio/base_file/mounriver_studio/toolchain/risc-v embedded gcc/bin/../lib/gcc/riscv-none-embed/8.2.0/../../../../riscv-none-embed/lib/rv32imafc/ilp32f\libm.a(lib_a-s_rint.o)
                              e:/app_windows/mounriver_studio/base_file/mounriver_studio/toolchain/risc-v embedded gcc/bin/../lib/gcc/riscv-none-embed/8.2.0/../../../../riscv-none-embed/lib/rv32imafc/ilp32f\libm.a(lib_a-w_pow.o) (rint)
e:/app_windows/mounriver_studio/base_file/mounriver_studio/toolchain/risc-v embedded gcc/bin/../lib/gcc/riscv-none-embed/8.2.0/../../../../riscv-none-embed/lib/rv32imafc/ilp32f\libm.a(lib_a-s_scalbn.o)
                              e:/app_windows/mounriver_studio/base_file/mounriver_studio/toolchain/risc-v embedded gcc/bin/../lib/gcc/riscv-none-embed/8.2.0/../../../../riscv-none-embed/lib/rv32imafc/ilp32f\libm.a(lib_a-e_pow.o) (scalbn)
e:/app_windows/mounriver_studio/base_file/mounriver_studio/toolchain/risc-v embedded gcc/bin/../lib/gcc/riscv-none-embed/8.2.0/../../../../riscv-none-embed/lib/rv32imafc/ilp32f\libm.a(lib_a-s_copysign.o)
[...]
Memory Configuration

Name             Origin             Length             Attributes
FLASH            0x0000000000000000 0x0000000000040000 xr
RAM              0x0000000020000000 0x0000000000010000 xrw
*default*        0x0000000000000000 0xffffffffffffffff

Linker script and memory map

LOAD CMakeFiles/CH32V307VCT6_CMake_RT_Thread_2024_11_27.elf.dir/App/Drivers/JY61P/JY61P.c.obj
LOAD CMakeFiles/CH32V307VCT6_CMake_RT_Thread_2024_11_27.elf.dir/App/Drivers/JY61P/JY61PSdk.c.obj
LOAD CMakeFiles/CH32V307VCT6_CMake_RT_Thread_2024_11_27.elf.dir/App/Drivers/JY61P/usart2.c.obj
LOAD CMakeFiles/CH32V307VCT6_CMake_RT_Thread_2024_11_27.elf.dir/App/Drivers/Led/led.c.obj
LOAD CMakeFiles/CH32V307VCT6_CMake_RT_Thread_2024_11_27.elf.dir/CMyLib/Src/cJSON.c.obj
LOAD CMakeFiles/CH32V307VCT6_CMake_RT_Thread_2024_11_27.elf.dir/CMyLib/cMyLib.c.obj
LOAD CMakeFiles/CH32V307VCT6_CMake_RT_Thread_2024_11_27.elf.dir/Core/core_riscv.c.obj
LOAD CMakeFiles/CH32V307VCT6_CMake_RT_Thread_2024_11_27.elf.dir/Debug/debug.c.obj
LOAD CMakeFiles/CH32V307VCT6_CMake_RT_Thread_2024_11_27.elf.dir/Peripheral/src/ch32v30x_adc.c.obj
LOAD CMakeFiles/CH32V307VCT6_CMake_RT_Thread_2024_11_27.elf.dir/Peripheral/src/ch32v30x_bkp.c.obj
LOAD CMakeFiles/CH32V307VCT6_CMake_RT_Thread_2024_11_27.elf.dir/Peripheral/src/ch32v30x_can.c.obj
LOAD CMakeFiles/CH32V307VCT6_CMake_RT_Thread_2024_11_27.elf.dir/Peripheral/src/ch32v30x_crc.c.obj
LOAD CMakeFiles/CH32V307VCT6_CMake_RT_Thread_2024_11_27.elf.dir/Peripheral/src/ch32v30x_dac.c.obj
LOAD CMakeFiles/CH32V307VCT6_CMake_RT_Thread_2024_11_27.elf.dir/Peripheral/src/ch32v30x_dbgmcu.c.obj
LOAD CMakeFiles/CH32V307VCT6_CMake_RT_Thread_2024_11_27.elf.dir/Peripheral/src/ch32v30x_dma.c.obj
LOAD CMakeFiles/CH32V307VCT6_CMake_RT_Thread_2024_11_27.elf.dir/Peripheral/src/ch32v30x_dvp.c.obj
LOAD CMakeFiles/CH32V307VCT6_CMake_RT_Thread_2024_11_27.elf.dir/Peripheral/src/ch32v30x_eth.c.obj
LOAD CMakeFiles/CH32V307VCT6_CMake_RT_Thread_2024_11_27.elf.dir/Peripheral/src/ch32v30x_exti.c.obj
LOAD CMakeFiles/CH32V307VCT6_CMake_RT_Thread_2024_11_27.elf.dir/Peripheral/src/ch32v30x_flash.c.obj
LOAD CMakeFiles/CH32V307VCT6_CMake_RT_Thread_2024_11_27.elf.dir/Peripheral/src/ch32v30x_fsmc.c.obj
LOAD CMakeFiles/CH32V307VCT6_CMake_RT_Thread_2024_11_27.elf.dir/Peripheral/src/ch32v30x_gpio.c.obj
LOAD CMakeFiles/CH32V307VCT6_CMake_RT_Thread_2024_11_27.elf.dir/Peripheral/src/ch32v30x_i2c.c.obj
LOAD CMakeFiles/CH32V307VCT6_CMake_RT_Thread_2024_11_27.elf.dir/Peripheral/src/ch32v30x_iwdg.c.obj
LOAD CMakeFiles/CH32V307VCT6_CMake_RT_Thread_2024_11_27.elf.dir/Peripheral/src/ch32v30x_misc.c.obj
LOAD CMakeFiles/CH32V307VCT6_CMake_RT_Thread_2024_11_27.elf.dir/Peripheral/src/ch32v30x_opa.c.obj
LOAD CMakeFiles/CH32V307VCT6_CMake_RT_Thread_2024_11_27.elf.dir/Peripheral/src/ch32v30x_pwr.c.obj
LOAD CMakeFiles/CH32V307VCT6_CMake_RT_Thread_2024_11_27.elf.dir/Peripheral/src/ch32v30x_rcc.c.obj
LOAD CMakeFiles/CH32V307VCT6_CMake_RT_Thread_2024_11_27.elf.dir/Peripheral/src/ch32v30x_rng.c.obj
LOAD CMakeFiles/CH32V307VCT6_CMake_RT_Thread_2024_11_27.elf.dir/Peripheral/src/ch32v30x_rtc.c.obj
LOAD CMakeFiles/CH32V307VCT6_CMake_RT_Thread_2024_11_27.elf.dir/Peripheral/src/ch32v30x_sdio.c.obj
LOAD CMakeFiles/CH32V307VCT6_CMake_RT_Thread_2024_11_27.elf.dir/Peripheral/src/ch32v30x_spi.c.obj
LOAD CMakeFiles/CH32V307VCT6_CMake_RT_Thread_2024_11_27.elf.dir/Peripheral/src/ch32v30x_tim.c.obj
LOAD CMakeFiles/CH32V307VCT6_CMake_RT_Thread_2024_11_27.elf.dir/Peripheral/src/ch32v30x_usart.c.obj
LOAD CMakeFiles/CH32V307VCT6_CMake_RT_Thread_2024_11_27.elf.dir/Peripheral/src/ch32v30x_wwdg.c.obj
LOAD CMakeFiles/CH32V307VCT6_CMake_RT_Thread_2024_11_27.elf.dir/Startup/startup_ch32v30x_D8C.S.obj
LOAD CMakeFiles/CH32V307VCT6_CMake_RT_Thread_2024_11_27.elf.dir/User/ch32v30x_it.c.obj
LOAD CMakeFiles/CH32V307VCT6_CMake_RT_Thread_2024_11_27.elf.dir/User/main.c.obj
LOAD CMakeFiles/CH32V307VCT6_CMake_RT_Thread_2024_11_27.elf.dir/User/system_ch32v30x.c.obj
LOAD CMakeFiles/CH32V307VCT6_CMake_RT_Thread_2024_11_27.elf.dir/drivers/drv_gpio.c.obj
LOAD CMakeFiles/CH32V307VCT6_CMake_RT_Thread_2024_11_27.elf.dir/drivers/drv_usart.c.obj
LOAD CMakeFiles/CH32V307VCT6_CMake_RT_Thread_2024_11_27.elf.dir/rtthread/board.c.obj
LOAD CMakeFiles/CH32V307VCT6_CMake_RT_Thread_2024_11_27.elf.dir/rtthread/components/drivers/misc/pin.c.obj
LOAD CMakeFiles/CH32V307VCT6_CMake_RT_Thread_2024_11_27.elf.dir/rtthread/components/drivers/serial/serial.c.obj
LOAD CMakeFiles/CH32V307VCT6_CMake_RT_Thread_2024_11_27.elf.dir/rtthread/components/finsh/cmd.c.obj
LOAD CMakeFiles/CH32V307VCT6_CMake_RT_Thread_2024_11_27.elf.dir/rtthread/components/finsh/msh.c.obj
LOAD CMakeFiles/CH32V307VCT6_CMake_RT_Thread_2024_11_27.elf.dir/rtthread/components/finsh/msh_cmd.c.obj
LOAD CMakeFiles/CH32V307VCT6_CMake_RT_Thread_2024_11_27.elf.dir/rtthread/components/finsh/msh_file.c.obj
LOAD CMakeFiles/CH32V307VCT6_CMake_RT_Thread_2024_11_27.elf.dir/rtthread/components/finsh/shell.c.obj
LOAD CMakeFiles/CH32V307VCT6_CMake_RT_Thread_2024_11_27.elf.dir/rtthread/components/finsh/symbol.c.obj
LOAD CMakeFiles/CH32V307VCT6_CMake_RT_Thread_2024_11_27.elf.dir/rtthread/libcpu/risc-v/common/context_gcc.S.obj
LOAD CMakeFiles/CH32V307VCT6_CMake_RT_Thread_2024_11_27.elf.dir/rtthread/libcpu/risc-v/common/cpuport.c.obj
LOAD CMakeFiles/CH32V307VCT6_CMake_RT_Thread_2024_11_27.elf.dir/rtthread/libcpu/risc-v/common/interrupt_gcc.S.obj
LOAD CMakeFiles/CH32V307VCT6_CMake_RT_Thread_2024_11_27.elf.dir/rtthread/src/clock.c.obj
LOAD CMakeFiles/CH32V307VCT6_CMake_RT_Thread_2024_11_27.elf.dir/rtthread/src/components.c.obj
LOAD CMakeFiles/CH32V307VCT6_CMake_RT_Thread_2024_11_27.elf.dir/rtthread/src/cpu.c.obj
LOAD CMakeFiles/CH32V307VCT6_CMake_RT_Thread_2024_11_27.elf.dir/rtthread/src/device.c.obj
LOAD CMakeFiles/CH32V307VCT6_CMake_RT_Thread_2024_11_27.elf.dir/rtthread/src/idle.c.obj
LOAD CMakeFiles/CH32V307VCT6_CMake_RT_Thread_2024_11_27.elf.dir/rtthread/src/ipc.c.obj
LOAD CMakeFiles/CH32V307VCT6_CMake_RT_Thread_2024_11_27.elf.dir/rtthread/src/irq.c.obj
LOAD CMakeFiles/CH32V307VCT6_CMake_RT_Thread_2024_11_27.elf.dir/rtthread/src/kservice.c.obj
LOAD CMakeFiles/CH32V307VCT6_CMake_RT_Thread_2024_11_27.elf.dir/rtthread/src/mem.c.obj
LOAD CMakeFiles/CH32V307VCT6_CMake_RT_Thread_2024_11_27.elf.dir/rtthread/src/memheap.c.obj
LOAD CMakeFiles/CH32V307VCT6_CMake_RT_Thread_2024_11_27.elf.dir/rtthread/src/mempool.c.obj
LOAD CMakeFiles/CH32V307VCT6_CMake_RT_Thread_2024_11_27.elf.dir/rtthread/src/object.c.obj
LOAD CMakeFiles/CH32V307VCT6_CMake_RT_Thread_2024_11_27.elf.dir/rtthread/src/scheduler.c.obj
LOAD CMakeFiles/CH32V307VCT6_CMake_RT_Thread_2024_11_27.elf.dir/rtthread/src/slab.c.obj
LOAD CMakeFiles/CH32V307VCT6_CMake_RT_Thread_2024_11_27.elf.dir/rtthread/src/thread.c.obj
LOAD CMakeFiles/CH32V307VCT6_CMake_RT_Thread_2024_11_27.elf.dir/rtthread/src/timer.c.obj
LOAD e:/app_windows/mounriver_studio/base_file/mounriver_studio/toolchain/risc-v embedded gcc/bin/../lib/gcc/riscv-none-embed/8.2.0/../../../../riscv-none-embed/lib/rv32imafc/ilp32f\libm.a
LOAD e:/app_windows/mounriver_studio/base_file/mounriver_studio/toolchain/risc-v embedded gcc/bin/../lib/gcc/riscv-none-embed/8.2.0/rv32imafc/ilp32f\libgcc.a
LOAD e:/app_windows/mounriver_studio/base_file/mounriver_studio/toolchain/risc-v embedded gcc/bin/../lib/gcc/riscv-none-embed/8.2.0/../../../../riscv-none-embed/lib/rv32imafc/ilp32f\libc_nano.a
LOAD e:/app_windows/mounriver_studio/base_file/mounriver_studio/toolchain/risc-v embedded gcc/bin/../lib/gcc/riscv-none-embed/8.2.0/rv32imafc/ilp32f\libgcc.a
START GROUP
LOAD e:/app_windows/mounriver_studio/base_file/mounriver_studio/toolchain/risc-v embedded gcc/bin/../lib/gcc/riscv-none-embed/8.2.0/rv32imafc/ilp32f\libgcc.a
LOAD e:/app_windows/mounriver_studio/base_file/mounriver_studio/toolchain/risc-v embedded gcc/bin/../lib/gcc/riscv-none-embed/8.2.0/../../../../riscv-none-embed/lib/rv32imafc/ilp32f\libc_nano.a
LOAD e:/app_windows/mounriver_studio/base_file/mounriver_studio/toolchain/risc-v embedded gcc/bin/../lib/gcc/riscv-none-embed/8.2.0/../../../../riscv-none-embed/lib/rv32imafc/ilp32f\libnosys.a
END GROUP
START GROUP
LOAD e:/app_windows/mounriver_studio/base_file/mounriver_studio/toolchain/risc-v embedded gcc/bin/../lib/gcc/riscv-none-embed/8.2.0/rv32imafc/ilp32f\libgcc.a
LOAD e:/app_windows/mounriver_studio/base_file/mounriver_studio/toolchain/risc-v embedded gcc/bin/../lib/gcc/riscv-none-embed/8.2.0/../../../../riscv-none-embed/lib/rv32imafc/ilp32f\libc_nano.a
LOAD e:/app_windows/mounriver_studio/base_file/mounriver_studio/toolchain/risc-v embedded gcc/bin/../lib/gcc/riscv-none-embed/8.2.0/../../../../riscv-none-embed/lib/rv32imafc/ilp32f\libnosys.a
END GROUP
                0x0000000000000800                __stack_size = 0x800
                [!provide]                        PROVIDE (_stack_size = __stack_size)

.init           0x0000000000000000        0x4
                0x0000000000000000                _sinit = .
                0x0000000000000000                . = ALIGN (0x4)
 *(SORT_NONE(.init))
 .init          0x0000000000000000        0x4 CMakeFiles/CH32V307VCT6_CMake_RT_Thread_2024_11_27.elf.dir/Startup/startup_ch32v30x_D8C.S.obj
                0x0000000000000000                _start
                0x0000000000000004                . = ALIGN (0x4)
                0x0000000000000004                _einit = .

.vector         0x0000000000000004      0x1bc
 *(.vector)
 .vector        0x0000000000000004      0x1a0 CMakeFiles/CH32V307VCT6_CMake_RT_Thread_2024_11_27.elf.dir/Startup/startup_ch32v30x_D8C.S.obj
                0x00000000000001c0                . = ALIGN (0x40)
 *fill*         0x00000000000001a4       0x1c 

.text           0x00000000000001c0     0x7bc4
                0x00000000000001c0                . = ALIGN (0x4)
 *(.text)
 .text          0x00000000000001c0       0xce CMakeFiles/CH32V307VCT6_CMake_RT_Thread_2024_11_27.elf.dir/rtthread/libcpu/risc-v/common/context_gcc.S.obj
                0x00000000000001c0                rt_hw_context_switch_to
                0x00000000000001dc                rt_hw_context_switch
                0x0000000000000236                rt_hw_context_switch_exit
 *fill*         0x000000000000028e        0x2 
 .text          0x0000000000000290       0xe2 CMakeFiles/CH32V307VCT6_CMake_RT_Thread_2024_11_27.elf.dir/rtthread/libcpu/risc-v/common/interrupt_gcc.S.obj
                0x0000000000000290                SW_Handler
 .text          0x0000000000000372       0xa8 e:/app_windows/mounriver_studio/base_file/mounriver_studio/toolchain/risc-v embedded gcc/bin/../lib/gcc/riscv-none-embed/8.2.0/../../../../riscv-none-embed/lib/rv32imafc/ilp32f\libc_nano.a(lib_a-memset.o)
                0x0000000000000372                memset
 *(.text.*)
 .text.led      0x000000000000041a       0x72 CMakeFiles/CH32V307VCT6_CMake_RT_Thread_2024_11_27.elf.dir/App/Drivers/Led/led.c.obj
                0x000000000000041a                led
 .text.LED1_BLINK_INIT
                0x000000000000048c       0x30 CMakeFiles/CH32V307VCT6_CMake_RT_Thread_2024_11_27.elf.dir/App/Drivers/Led/led.c.obj
                0x000000000000048c                LED1_BLINK_INIT
 .text.__get_SP
                0x00000000000004bc        0x4 CMakeFiles/CH32V307VCT6_CMake_RT_Thread_2024_11_27.elf.dir/Core/core_riscv.c.obj
                0x00000000000004bc                __get_SP
 .text._write   0x00000000000004c0       0x54 CMakeFiles/CH32V307VCT6_CMake_RT_Thread_2024_11_27.elf.dir/Debug/debug.c.obj
                0x00000000000004c0                _write
 .text._sbrk    0x0000000000000514       0x38 CMakeFiles/CH32V307VCT6_CMake_RT_Thread_2024_11_27.elf.dir/Debug/debug.c.obj
                0x0000000000000514                _sbrk
 .text.DBGMCU_GetCHIPID
                0x000000000000054c        0xa CMakeFiles/CH32V307VCT6_CMake_RT_Thread_2024_11_27.elf.dir/Peripheral/src/ch32v30x_dbgmcu.c.obj
                0x000000000000054c                DBGMCU_GetCHIPID
 .text.EXTI_Init
                0x0000000000000556       0xa2 CMakeFiles/CH32V307VCT6_CMake_RT_Thread_2024_11_27.elf.dir/Peripheral/src/ch32v30x_exti.c.obj
                0x0000000000000556                EXTI_Init
 .text.EXTI_GetITStatus
                0x00000000000005f8       0x20 CMakeFiles/CH32V307VCT6_CMake_RT_Thread_2024_11_27.elf.dir/Peripheral/src/ch32v30x_exti.c.obj
                0x00000000000005f8                EXTI_GetITStatus
 .text.EXTI_ClearITPendingBit
                0x0000000000000618        0xa CMakeFiles/CH32V307VCT6_CMake_RT_Thread_2024_11_27.elf.dir/Peripheral/src/ch32v30x_exti.c.obj
                0x0000000000000618                EXTI_ClearITPendingBit
 .text.GPIO_Init
                0x0000000000000622       0xd8 CMakeFiles/CH32V307VCT6_CMake_RT_Thread_2024_11_27.elf.dir/Peripheral/src/ch32v30x_gpio.c.obj
                0x0000000000000622                GPIO_Init
 .text.GPIO_ReadInputDataBit
                0x00000000000006fa        0xe CMakeFiles/CH32V307VCT6_CMake_RT_Thread_2024_11_27.elf.dir/Peripheral/src/ch32v30x_gpio.c.obj
                0x00000000000006fa                GPIO_ReadInputDataBit
 .text.GPIO_SetBits
                0x0000000000000708        0x4 CMakeFiles/CH32V307VCT6_CMake_RT_Thread_2024_11_27.elf.dir/Peripheral/src/ch32v30x_gpio.c.obj
                0x0000000000000708                GPIO_SetBits
 .text.GPIO_ResetBits
                0x000000000000070c        0x4 CMakeFiles/CH32V307VCT6_CMake_RT_Thread_2024_11_27.elf.dir/Peripheral/src/ch32v30x_gpio.c.obj
                0x000000000000070c                GPIO_ResetBits
 .text.GPIO_WriteBit
                0x0000000000000710        0xa CMakeFiles/CH32V307VCT6_CMake_RT_Thread_2024_11_27.elf.dir/Peripheral/src/ch32v30x_gpio.c.obj
                0x0000000000000710                GPIO_WriteBit
 .text.GPIO_EXTILineConfig
                0x000000000000071a       0x2c CMakeFiles/CH32V307VCT6_CMake_RT_Thread_2024_11_27.elf.dir/Peripheral/src/ch32v30x_gpio.c.obj
                0x000000000000071a                GPIO_EXTILineConfig
 .text.RCC_GetClocksFreq
                0x0000000000000746      0x1d8 CMakeFiles/CH32V307VCT6_CMake_RT_Thread_2024_11_27.elf.dir/Peripheral/src/ch32v30x_rcc.c.obj
                0x0000000000000746                RCC_GetClocksFreq
 .text.RCC_APB2PeriphClockCmd
                0x000000000000091e       0x1e CMakeFiles/CH32V307VCT6_CMake_RT_Thread_2024_11_27.elf.dir/Peripheral/src/ch32v30x_rcc.c.obj
                0x000000000000091e                RCC_APB2PeriphClockCmd
 .text.USART_Init
                0x000000000000093c       0xbc CMakeFiles/CH32V307VCT6_CMake_RT_Thread_2024_11_27.elf.dir/Peripheral/src/ch32v30x_usart.c.obj
                0x000000000000093c                USART_Init
 .text.USART_Cmd
                0x00000000000009f8       0x20 CMakeFiles/CH32V307VCT6_CMake_RT_Thread_2024_11_27.elf.dir/Peripheral/src/ch32v30x_usart.c.obj
                0x00000000000009f8                USART_Cmd
 .text.USART_ITConfig
                0x0000000000000a18       0x36 CMakeFiles/CH32V307VCT6_CMake_RT_Thread_2024_11_27.elf.dir/Peripheral/src/ch32v30x_usart.c.obj
                0x0000000000000a18                USART_ITConfig
 .text.USART_SendData
                0x0000000000000a4e        0xa CMakeFiles/CH32V307VCT6_CMake_RT_Thread_2024_11_27.elf.dir/Peripheral/src/ch32v30x_usart.c.obj
                0x0000000000000a4e                USART_SendData
 .text.USART_GetFlagStatus
                0x0000000000000a58       0x10 CMakeFiles/CH32V307VCT6_CMake_RT_Thread_2024_11_27.elf.dir/Peripheral/src/ch32v30x_usart.c.obj
                0x0000000000000a58                USART_GetFlagStatus
 .text.USART_GetITStatus
                0x0000000000000a68       0x4a CMakeFiles/CH32V307VCT6_CMake_RT_Thread_2024_11_27.elf.dir/Peripheral/src/ch32v30x_usart.c.obj
                0x0000000000000a68                USART_GetITStatus
 .text.USART_ClearITPendingBit
                0x0000000000000ab2       0x1a CMakeFiles/CH32V307VCT6_CMake_RT_Thread_2024_11_27.elf.dir/Peripheral/src/ch32v30x_usart.c.obj
                0x0000000000000ab2                USART_ClearITPendingBit
 .text.vector_handler
                0x0000000000000acc        0x2 CMakeFiles/CH32V307VCT6_CMake_RT_Thread_2024_11_27.elf.dir/Startup/startup_ch32v30x_D8C.S.obj
                0x0000000000000acc                TIM8_TRG_COM_IRQHandler
                0x0000000000000acc                TIM8_CC_IRQHandler
                0x0000000000000acc                UART8_IRQHandler
                0x0000000000000acc                TIM1_CC_IRQHandler
                0x0000000000000acc                TIM6_IRQHandler
                0x0000000000000acc                PVD_IRQHandler
                0x0000000000000acc                SDIO_IRQHandler
                0x0000000000000acc                TIM9_BRK_IRQHandler
                0x0000000000000acc                DMA2_Channel8_IRQHandler
                0x0000000000000acc                CAN2_RX1_IRQHandler
                0x0000000000000acc                USBHS_IRQHandler
                0x0000000000000acc                DMA2_Channel9_IRQHandler
                0x0000000000000acc                TIM10_CC_IRQHandler
                0x0000000000000acc                USBFS_IRQHandler
                0x0000000000000acc                I2C2_EV_IRQHandler
                0x0000000000000acc                TIM10_TRG_COM_IRQHandler
                0x0000000000000acc                CAN2_SCE_IRQHandler
                0x0000000000000acc                ADC1_2_IRQHandler
                0x0000000000000acc                Break_Point_Handler
                0x0000000000000acc                SPI1_IRQHandler
                0x0000000000000acc                TAMPER_IRQHandler
                0x0000000000000acc                CAN2_RX0_IRQHandler
                0x0000000000000acc                TIM8_UP_IRQHandler
                0x0000000000000acc                Ecall_M_Mode_Handler
                0x0000000000000acc                DMA2_Channel2_IRQHandler
                0x0000000000000acc                DMA1_Channel4_IRQHandler
                0x0000000000000acc                TIM9_UP_IRQHandler
                0x0000000000000acc                USART3_IRQHandler
                0x0000000000000acc                RTC_IRQHandler
                0x0000000000000acc                DMA1_Channel7_IRQHandler
                0x0000000000000acc                CAN1_RX1_IRQHandler
                0x0000000000000acc                DVP_IRQHandler
                0x0000000000000acc                UART5_IRQHandler
                0x0000000000000acc                TIM4_IRQHandler
                0x0000000000000acc                DMA2_Channel1_IRQHandler
                0x0000000000000acc                I2C1_EV_IRQHandler
                0x0000000000000acc                DMA1_Channel6_IRQHandler
                0x0000000000000acc                UART4_IRQHandler
                0x0000000000000acc                DMA2_Channel4_IRQHandler
                0x0000000000000acc                TIM3_IRQHandler
                0x0000000000000acc                RCC_IRQHandler
                0x0000000000000acc                TIM1_TRG_COM_IRQHandler
                0x0000000000000acc                DMA1_Channel1_IRQHandler
                0x0000000000000acc                DMA2_Channel7_IRQHandler
                0x0000000000000acc                TIM7_IRQHandler
                0x0000000000000acc                CAN2_TX_IRQHandler
                0x0000000000000acc                TIM5_IRQHandler
                0x0000000000000acc                ETH_WKUP_IRQHandler
                0x0000000000000acc                SPI2_IRQHandler
                0x0000000000000acc                TIM10_BRK_IRQHandler
                0x0000000000000acc                TIM9_CC_IRQHandler
                0x0000000000000acc                DMA2_Channel5_IRQHandler
                0x0000000000000acc                DMA1_Channel5_IRQHandler
                0x0000000000000acc                USB_LP_CAN1_RX0_IRQHandler
                0x0000000000000acc                RNG_IRQHandler
                0x0000000000000acc                USB_HP_CAN1_TX_IRQHandler
                0x0000000000000acc                DMA1_Channel3_IRQHandler
                0x0000000000000acc                ETH_IRQHandler
                0x0000000000000acc                TIM1_UP_IRQHandler
                0x0000000000000acc                WWDG_IRQHandler
                0x0000000000000acc                USBHSWakeup_IRQHandler
                0x0000000000000acc                DMA2_Channel11_IRQHandler
                0x0000000000000acc                Ecall_U_Mode_Handler
                0x0000000000000acc                DMA2_Channel6_IRQHandler
                0x0000000000000acc                TIM2_IRQHandler
                0x0000000000000acc                TIM1_BRK_IRQHandler
                0x0000000000000acc                DMA2_Channel10_IRQHandler
                0x0000000000000acc                RTCAlarm_IRQHandler
                0x0000000000000acc                TIM10_UP_IRQHandler
                0x0000000000000acc                TIM9_TRG_COM_IRQHandler
                0x0000000000000acc                UART7_IRQHandler
                0x0000000000000acc                USART2_IRQHandler
                0x0000000000000acc                UART6_IRQHandler
                0x0000000000000acc                I2C2_ER_IRQHandler
                0x0000000000000acc                DMA1_Channel2_IRQHandler
                0x0000000000000acc                TIM8_BRK_IRQHandler
                0x0000000000000acc                CAN1_SCE_IRQHandler
                0x0000000000000acc                FLASH_IRQHandler
                0x0000000000000acc                SPI3_IRQHandler
                0x0000000000000acc                I2C1_ER_IRQHandler
                0x0000000000000acc                USBWakeUp_IRQHandler
                0x0000000000000acc                DMA2_Channel3_IRQHandler
 .text.handle_reset
                0x0000000000000ace       0x92 CMakeFiles/CH32V307VCT6_CMake_RT_Thread_2024_11_27.elf.dir/Startup/startup_ch32v30x_D8C.S.obj
                0x0000000000000ace                handle_reset
 .text.NMI_Handler
                0x0000000000000b60       0x74 CMakeFiles/CH32V307VCT6_CMake_RT_Thread_2024_11_27.elf.dir/User/ch32v30x_it.c.obj
                0x0000000000000b60                NMI_Handler
 .text.HardFault_Handler
                0x0000000000000bd4       0x74 CMakeFiles/CH32V307VCT6_CMake_RT_Thread_2024_11_27.elf.dir/User/ch32v30x_it.c.obj
                0x0000000000000bd4                HardFault_Handler
 .text.main     0x0000000000000c48       0x78 CMakeFiles/CH32V307VCT6_CMake_RT_Thread_2024_11_27.elf.dir/User/main.c.obj
                0x0000000000000c48                main
 .text.SetSysClockTo96_HSE
                0x0000000000000cc0       0xb8 CMakeFiles/CH32V307VCT6_CMake_RT_Thread_2024_11_27.elf.dir/User/system_ch32v30x.c.obj
 .text.SetSysClock
                0x0000000000000d78        0xc CMakeFiles/CH32V307VCT6_CMake_RT_Thread_2024_11_27.elf.dir/User/system_ch32v30x.c.obj
 .text.SystemInit
                0x0000000000000d84       0x5c CMakeFiles/CH32V307VCT6_CMake_RT_Thread_2024_11_27.elf.dir/User/system_ch32v30x.c.obj
                0x0000000000000d84                SystemInit
 .text.SystemCoreClockUpdate
                0x0000000000000de0      0x1a2 CMakeFiles/CH32V307VCT6_CMake_RT_Thread_2024_11_27.elf.dir/User/system_ch32v30x.c.obj
                0x0000000000000de0                SystemCoreClockUpdate
 .text.GPIOD_CLK_ENABLE
                0x0000000000000f82       0x12 CMakeFiles/CH32V307VCT6_CMake_RT_Thread_2024_11_27.elf.dir/drivers/drv_gpio.c.obj
 .text.GPIOB_CLK_ENABLE
                0x0000000000000f94       0x10 CMakeFiles/CH32V307VCT6_CMake_RT_Thread_2024_11_27.elf.dir/drivers/drv_gpio.c.obj
 .text.GPIOA_CLK_ENABLE
                0x0000000000000fa4       0x10 CMakeFiles/CH32V307VCT6_CMake_RT_Thread_2024_11_27.elf.dir/drivers/drv_gpio.c.obj
 .text.GPIOC_CLK_ENABLE
                0x0000000000000fb4       0x10 CMakeFiles/CH32V307VCT6_CMake_RT_Thread_2024_11_27.elf.dir/drivers/drv_gpio.c.obj
 .text.GPIOE_CLK_ENABLE
                0x0000000000000fc4       0x12 CMakeFiles/CH32V307VCT6_CMake_RT_Thread_2024_11_27.elf.dir/drivers/drv_gpio.c.obj
 .text.rt_hw_pin_init
                0x0000000000000fd6       0x20 CMakeFiles/CH32V307VCT6_CMake_RT_Thread_2024_11_27.elf.dir/drivers/drv_gpio.c.obj
                0x0000000000000fd6                rt_hw_pin_init
 .text.get_pin  0x0000000000000ff6       0x28 CMakeFiles/CH32V307VCT6_CMake_RT_Thread_2024_11_27.elf.dir/drivers/drv_gpio.c.obj
                0x0000000000000ff6                get_pin
 .text.ch32_pin_write
                0x000000000000101e       0x24 CMakeFiles/CH32V307VCT6_CMake_RT_Thread_2024_11_27.elf.dir/drivers/drv_gpio.c.obj
                0x000000000000101e                ch32_pin_write
 .text.ch32_pin_read
                0x0000000000001042       0x20 CMakeFiles/CH32V307VCT6_CMake_RT_Thread_2024_11_27.elf.dir/drivers/drv_gpio.c.obj
                0x0000000000001042                ch32_pin_read
 .text.ch32_pin_mode
                0x0000000000001062       0x8e CMakeFiles/CH32V307VCT6_CMake_RT_Thread_2024_11_27.elf.dir/drivers/drv_gpio.c.obj
                0x0000000000001062                ch32_pin_mode
 .text.ch32_pin_attach_irq
                0x00000000000010f0       0xf8 CMakeFiles/CH32V307VCT6_CMake_RT_Thread_2024_11_27.elf.dir/drivers/drv_gpio.c.obj
                0x00000000000010f0                ch32_pin_attach_irq
 .text.ch32_pin_dettach_irq
                0x00000000000011e8       0x9e CMakeFiles/CH32V307VCT6_CMake_RT_Thread_2024_11_27.elf.dir/drivers/drv_gpio.c.obj
                0x00000000000011e8                ch32_pin_dettach_irq
 .text.ch32_pin_irq_enable
                0x0000000000001286      0x1d4 CMakeFiles/CH32V307VCT6_CMake_RT_Thread_2024_11_27.elf.dir/drivers/drv_gpio.c.obj
                0x0000000000001286                ch32_pin_irq_enable
 .text.HAL_GPIO_EXTI_Callback
                0x000000000000145a       0x54 CMakeFiles/CH32V307VCT6_CMake_RT_Thread_2024_11_27.elf.dir/drivers/drv_gpio.c.obj
                0x000000000000145a                HAL_GPIO_EXTI_Callback
 .text.EXTI0_IRQHandler
                0x00000000000014ae       0x7c CMakeFiles/CH32V307VCT6_CMake_RT_Thread_2024_11_27.elf.dir/drivers/drv_gpio.c.obj
                0x00000000000014ae                EXTI0_IRQHandler
 .text.EXTI1_IRQHandler
                0x000000000000152a       0x7c CMakeFiles/CH32V307VCT6_CMake_RT_Thread_2024_11_27.elf.dir/drivers/drv_gpio.c.obj
                0x000000000000152a                EXTI1_IRQHandler
 .text.EXTI2_IRQHandler
                0x00000000000015a6       0x7c CMakeFiles/CH32V307VCT6_CMake_RT_Thread_2024_11_27.elf.dir/drivers/drv_gpio.c.obj
                0x00000000000015a6                EXTI2_IRQHandler
 .text.EXTI3_IRQHandler
                0x0000000000001622       0x7c CMakeFiles/CH32V307VCT6_CMake_RT_Thread_2024_11_27.elf.dir/drivers/drv_gpio.c.obj
                0x0000000000001622                EXTI3_IRQHandler
 .text.EXTI4_IRQHandler
                0x000000000000169e       0x7c CMakeFiles/CH32V307VCT6_CMake_RT_Thread_2024_11_27.elf.dir/drivers/drv_gpio.c.obj
                0x000000000000169e                EXTI4_IRQHandler
 .text.EXTI9_5_IRQHandler
                0x000000000000171a       0xc2 CMakeFiles/CH32V307VCT6_CMake_RT_Thread_2024_11_27.elf.dir/drivers/drv_gpio.c.obj
                0x000000000000171a                EXTI9_5_IRQHandler
 .text.EXTI15_10_IRQHandler
                0x00000000000017dc       0xc8 CMakeFiles/CH32V307VCT6_CMake_RT_Thread_2024_11_27.elf.dir/drivers/drv_gpio.c.obj
                0x00000000000017dc                EXTI15_10_IRQHandler
 .text.ch32dma_transmit
                0x00000000000018a4        0x4 CMakeFiles/CH32V307VCT6_CMake_RT_Thread_2024_11_27.elf.dir/drivers/drv_usart.c.obj
                0x00000000000018a4                ch32dma_transmit
 .text.uart_isr
                0x00000000000018a8       0x36 CMakeFiles/CH32V307VCT6_CMake_RT_Thread_2024_11_27.elf.dir/drivers/drv_usart.c.obj
 .text.ch32_configure
                0x00000000000018de      0x102 CMakeFiles/CH32V307VCT6_CMake_RT_Thread_2024_11_27.elf.dir/drivers/drv_usart.c.obj
 .text.rt_hw_usart_init
                0x00000000000019e0       0xe6 CMakeFiles/CH32V307VCT6_CMake_RT_Thread_2024_11_27.elf.dir/drivers/drv_usart.c.obj
                0x00000000000019e0                rt_hw_usart_init
 .text.ch32_getc
                0x0000000000001ac6       0x2a CMakeFiles/CH32V307VCT6_CMake_RT_Thread_2024_11_27.elf.dir/drivers/drv_usart.c.obj
 .text.ch32_putc
                0x0000000000001af0       0x2e CMakeFiles/CH32V307VCT6_CMake_RT_Thread_2024_11_27.elf.dir/drivers/drv_usart.c.obj
 .text.ch32_control
                0x0000000000001b1e       0x68 CMakeFiles/CH32V307VCT6_CMake_RT_Thread_2024_11_27.elf.dir/drivers/drv_usart.c.obj
 .text.USART1_IRQHandler
                0x0000000000001b86       0x6e CMakeFiles/CH32V307VCT6_CMake_RT_Thread_2024_11_27.elf.dir/drivers/drv_usart.c.obj
                0x0000000000001b86                USART1_IRQHandler
 .text._SysTick_Config
                0x0000000000001bf4       0x40 CMakeFiles/CH32V307VCT6_CMake_RT_Thread_2024_11_27.elf.dir/rtthread/board.c.obj
 .text.rt_heap_begin_get
                0x0000000000001c34        0xa CMakeFiles/CH32V307VCT6_CMake_RT_Thread_2024_11_27.elf.dir/rtthread/board.c.obj
                0x0000000000001c34                rt_heap_begin_get
 .text.rt_heap_end_get
                0x0000000000001c3e        0xa CMakeFiles/CH32V307VCT6_CMake_RT_Thread_2024_11_27.elf.dir/rtthread/board.c.obj
                0x0000000000001c3e                rt_heap_end_get
 .text.rt_hw_board_init
                0x0000000000001c48       0x3c CMakeFiles/CH32V307VCT6_CMake_RT_Thread_2024_11_27.elf.dir/rtthread/board.c.obj
                0x0000000000001c48                rt_hw_board_init
 .text.SysTick_Handler
                0x0000000000001c84       0x74 CMakeFiles/CH32V307VCT6_CMake_RT_Thread_2024_11_27.elf.dir/rtthread/board.c.obj
                0x0000000000001c84                SysTick_Handler
 .text._pin_read
                0x0000000000001cf8       0x36 CMakeFiles/CH32V307VCT6_CMake_RT_Thread_2024_11_27.elf.dir/rtthread/components/drivers/misc/pin.c.obj
 .text._pin_write
                0x0000000000001d2e       0x32 CMakeFiles/CH32V307VCT6_CMake_RT_Thread_2024_11_27.elf.dir/rtthread/components/drivers/misc/pin.c.obj
 .text._pin_control
                0x0000000000001d60       0x22 CMakeFiles/CH32V307VCT6_CMake_RT_Thread_2024_11_27.elf.dir/rtthread/components/drivers/misc/pin.c.obj
 .text.rt_pin_mode
                0x0000000000001d82       0x1e CMakeFiles/CH32V307VCT6_CMake_RT_Thread_2024_11_27.elf.dir/rtthread/components/drivers/misc/pin.c.obj
                0x0000000000001d82                rt_pin_mode
 .text.rt_pin_write
                0x0000000000001da0       0x1e CMakeFiles/CH32V307VCT6_CMake_RT_Thread_2024_11_27.elf.dir/rtthread/components/drivers/misc/pin.c.obj
                0x0000000000001da0                rt_pin_write
 .text.rt_pin_read
                0x0000000000001dbe       0x1c CMakeFiles/CH32V307VCT6_CMake_RT_Thread_2024_11_27.elf.dir/rtthread/components/drivers/misc/pin.c.obj
                0x0000000000001dbe                rt_pin_read
 .text.rt_device_pin_register
                0x0000000000001dda       0x58 CMakeFiles/CH32V307VCT6_CMake_RT_Thread_2024_11_27.elf.dir/rtthread/components/drivers/misc/pin.c.obj
                0x0000000000001dda                rt_device_pin_register
 .text.rt_serial_init
                0x0000000000001e32       0x22 CMakeFiles/CH32V307VCT6_CMake_RT_Thread_2024_11_27.elf.dir/rtthread/components/drivers/serial/serial.c.obj
 .text.rt_serial_write
                0x0000000000001e54       0x62 CMakeFiles/CH32V307VCT6_CMake_RT_Thread_2024_11_27.elf.dir/rtthread/components/drivers/serial/serial.c.obj
 .text.rt_serial_control
                0x0000000000001eb6       0x84 CMakeFiles/CH32V307VCT6_CMake_RT_Thread_2024_11_27.elf.dir/rtthread/components/drivers/serial/serial.c.obj
 .text.rt_serial_read
                0x0000000000001f3a       0xcc CMakeFiles/CH32V307VCT6_CMake_RT_Thread_2024_11_27.elf.dir/rtthread/components/drivers/serial/serial.c.obj
 .text.rt_serial_close
                0x0000000000002006       0x4e CMakeFiles/CH32V307VCT6_CMake_RT_Thread_2024_11_27.elf.dir/rtthread/components/drivers/serial/serial.c.obj
 .text.rt_serial_open
                0x0000000000002054       0xe2 CMakeFiles/CH32V307VCT6_CMake_RT_Thread_2024_11_27.elf.dir/rtthread/components/drivers/serial/serial.c.obj
 .text.rt_hw_serial_register
                0x0000000000002136       0x5c CMakeFiles/CH32V307VCT6_CMake_RT_Thread_2024_11_27.elf.dir/rtthread/components/drivers/serial/serial.c.obj
                0x0000000000002136                rt_hw_serial_register
 .text.rt_hw_serial_isr
                0x0000000000002192       0xca CMakeFiles/CH32V307VCT6_CMake_RT_Thread_2024_11_27.elf.dir/rtthread/components/drivers/serial/serial.c.obj
                0x0000000000002192                rt_hw_serial_isr
 .text.reboot   0x000000000000225c       0x12 CMakeFiles/CH32V307VCT6_CMake_RT_Thread_2024_11_27.elf.dir/rtthread/components/finsh/cmd.c.obj
                0x000000000000225c                reboot
 .text.clear    0x000000000000226e       0x18 CMakeFiles/CH32V307VCT6_CMake_RT_Thread_2024_11_27.elf.dir/rtthread/components/finsh/cmd.c.obj
                0x000000000000226e                clear
 .text.show_wait_queue
                0x0000000000002286       0x42 CMakeFiles/CH32V307VCT6_CMake_RT_Thread_2024_11_27.elf.dir/rtthread/components/finsh/cmd.c.obj
 .text.object_name_maxlen
                0x00000000000022c8       0x54 CMakeFiles/CH32V307VCT6_CMake_RT_Thread_2024_11_27.elf.dir/rtthread/components/finsh/cmd.c.obj
 .text._list_thread
                0x000000000000231c      0x118 CMakeFiles/CH32V307VCT6_CMake_RT_Thread_2024_11_27.elf.dir/rtthread/components/finsh/cmd.c.obj
 .text.list_thread
                0x0000000000002434       0x14 CMakeFiles/CH32V307VCT6_CMake_RT_Thread_2024_11_27.elf.dir/rtthread/components/finsh/cmd.c.obj
                0x0000000000002434                list_thread
 .text._list_sem
                0x0000000000002448       0xda CMakeFiles/CH32V307VCT6_CMake_RT_Thread_2024_11_27.elf.dir/rtthread/components/finsh/cmd.c.obj
 .text.list_sem
                0x0000000000002522       0x14 CMakeFiles/CH32V307VCT6_CMake_RT_Thread_2024_11_27.elf.dir/rtthread/components/finsh/cmd.c.obj
                0x0000000000002522                list_sem
 .text._list_event
                0x0000000000002536       0xc8 CMakeFiles/CH32V307VCT6_CMake_RT_Thread_2024_11_27.elf.dir/rtthread/components/finsh/cmd.c.obj
 .text.list_event
                0x00000000000025fe       0x14 CMakeFiles/CH32V307VCT6_CMake_RT_Thread_2024_11_27.elf.dir/rtthread/components/finsh/cmd.c.obj
                0x00000000000025fe                list_event
 .text._list_mutex
                0x0000000000002612       0x9a CMakeFiles/CH32V307VCT6_CMake_RT_Thread_2024_11_27.elf.dir/rtthread/components/finsh/cmd.c.obj
 .text.list_mutex
                0x00000000000026ac       0x14 CMakeFiles/CH32V307VCT6_CMake_RT_Thread_2024_11_27.elf.dir/rtthread/components/finsh/cmd.c.obj
                0x00000000000026ac                list_mutex
 .text._list_mailbox
                0x00000000000026c0       0xe4 CMakeFiles/CH32V307VCT6_CMake_RT_Thread_2024_11_27.elf.dir/rtthread/components/finsh/cmd.c.obj
 .text.list_mailbox
                0x00000000000027a4       0x14 CMakeFiles/CH32V307VCT6_CMake_RT_Thread_2024_11_27.elf.dir/rtthread/components/finsh/cmd.c.obj
                0x00000000000027a4                list_mailbox
 .text._list_msgqueue
                0x00000000000027b8       0xde CMakeFiles/CH32V307VCT6_CMake_RT_Thread_2024_11_27.elf.dir/rtthread/components/finsh/cmd.c.obj
 .text.list_msgqueue
                0x0000000000002896       0x14 CMakeFiles/CH32V307VCT6_CMake_RT_Thread_2024_11_27.elf.dir/rtthread/components/finsh/cmd.c.obj
                0x0000000000002896                list_msgqueue
 .text._list_device
                0x00000000000028aa       0xcc CMakeFiles/CH32V307VCT6_CMake_RT_Thread_2024_11_27.elf.dir/rtthread/components/finsh/cmd.c.obj
 .text.list_device
                0x0000000000002976       0x14 CMakeFiles/CH32V307VCT6_CMake_RT_Thread_2024_11_27.elf.dir/rtthread/components/finsh/cmd.c.obj
                0x0000000000002976                list_device
 .text._list_timer
                0x000000000000298a       0xba CMakeFiles/CH32V307VCT6_CMake_RT_Thread_2024_11_27.elf.dir/rtthread/components/finsh/cmd.c.obj
 .text.list_timer
                0x0000000000002a44       0x14 CMakeFiles/CH32V307VCT6_CMake_RT_Thread_2024_11_27.elf.dir/rtthread/components/finsh/cmd.c.obj
                0x0000000000002a44                list_timer
 .text.list     0x0000000000002a58       0x5a CMakeFiles/CH32V307VCT6_CMake_RT_Thread_2024_11_27.elf.dir/rtthread/components/finsh/cmd.c.obj
                0x0000000000002a58                list
 .text.str_common
                0x0000000000002ab2       0x1e CMakeFiles/CH32V307VCT6_CMake_RT_Thread_2024_11_27.elf.dir/rtthread/components/finsh/msh.c.obj
 .text.msh_split
                0x0000000000002ad0      0x102 CMakeFiles/CH32V307VCT6_CMake_RT_Thread_2024_11_27.elf.dir/rtthread/components/finsh/msh.c.obj
 .text.msh_help
                0x0000000000002bd2       0x68 CMakeFiles/CH32V307VCT6_CMake_RT_Thread_2024_11_27.elf.dir/rtthread/components/finsh/msh.c.obj
                0x0000000000002bd2                msh_help
 .text.msh_get_cmd
                0x0000000000002c3a       0x66 CMakeFiles/CH32V307VCT6_CMake_RT_Thread_2024_11_27.elf.dir/rtthread/components/finsh/msh.c.obj
 .text._msh_exec_cmd
                0x0000000000002ca0       0x7e CMakeFiles/CH32V307VCT6_CMake_RT_Thread_2024_11_27.elf.dir/rtthread/components/finsh/msh.c.obj
 .text.msh_is_used
                0x0000000000002d1e        0x4 CMakeFiles/CH32V307VCT6_CMake_RT_Thread_2024_11_27.elf.dir/rtthread/components/finsh/msh.c.obj
                0x0000000000002d1e                msh_is_used
 .text.msh_exec
                0x0000000000002d22       0x62 CMakeFiles/CH32V307VCT6_CMake_RT_Thread_2024_11_27.elf.dir/rtthread/components/finsh/msh.c.obj
                0x0000000000002d22                msh_exec
 .text.msh_auto_complete
                0x0000000000002d84       0xae CMakeFiles/CH32V307VCT6_CMake_RT_Thread_2024_11_27.elf.dir/rtthread/components/finsh/msh.c.obj
                0x0000000000002d84                msh_auto_complete
 .text.cmd_ps   0x0000000000002e32       0x10 CMakeFiles/CH32V307VCT6_CMake_RT_Thread_2024_11_27.elf.dir/rtthread/components/finsh/msh_cmd.c.obj
                0x0000000000002e32                cmd_ps
 .text.cmd_free
                0x0000000000002e42       0x10 CMakeFiles/CH32V307VCT6_CMake_RT_Thread_2024_11_27.elf.dir/rtthread/components/finsh/msh_cmd.c.obj
                0x0000000000002e42                cmd_free
 .text.finsh_rx_ind
                0x0000000000002e52       0x16 CMakeFiles/CH32V307VCT6_CMake_RT_Thread_2024_11_27.elf.dir/rtthread/components/finsh/shell.c.obj
 .text.finsh_getchar
                0x0000000000002e68       0x38 CMakeFiles/CH32V307VCT6_CMake_RT_Thread_2024_11_27.elf.dir/rtthread/components/finsh/shell.c.obj
 .text.shell_push_history
                0x0000000000002ea0      0x11e CMakeFiles/CH32V307VCT6_CMake_RT_Thread_2024_11_27.elf.dir/rtthread/components/finsh/shell.c.obj
 .text.finsh_get_prompt
                0x0000000000002fbe       0x68 CMakeFiles/CH32V307VCT6_CMake_RT_Thread_2024_11_27.elf.dir/rtthread/components/finsh/shell.c.obj
                0x0000000000002fbe                finsh_get_prompt
 .text.shell_handle_history
                0x0000000000003026       0x32 CMakeFiles/CH32V307VCT6_CMake_RT_Thread_2024_11_27.elf.dir/rtthread/components/finsh/shell.c.obj
 .text.shell_auto_complete
                0x0000000000003058       0x40 CMakeFiles/CH32V307VCT6_CMake_RT_Thread_2024_11_27.elf.dir/rtthread/components/finsh/shell.c.obj
 .text.finsh_set_device
                0x0000000000003098       0x92 CMakeFiles/CH32V307VCT6_CMake_RT_Thread_2024_11_27.elf.dir/rtthread/components/finsh/shell.c.obj
                0x0000000000003098                finsh_set_device
 .text.finsh_thread_entry
                0x000000000000312a      0x3ec CMakeFiles/CH32V307VCT6_CMake_RT_Thread_2024_11_27.elf.dir/rtthread/components/finsh/shell.c.obj
                0x000000000000312a                finsh_thread_entry
 .text.finsh_system_function_init
                0x0000000000003516        0xa CMakeFiles/CH32V307VCT6_CMake_RT_Thread_2024_11_27.elf.dir/rtthread/components/finsh/shell.c.obj
                0x0000000000003516                finsh_system_function_init
 .text.finsh_system_var_init
                0x0000000000003520        0xa CMakeFiles/CH32V307VCT6_CMake_RT_Thread_2024_11_27.elf.dir/rtthread/components/finsh/shell.c.obj
                0x0000000000003520                finsh_system_var_init
 .text.finsh_system_init
                0x000000000000352a       0x94 CMakeFiles/CH32V307VCT6_CMake_RT_Thread_2024_11_27.elf.dir/rtthread/components/finsh/shell.c.obj
                0x000000000000352a                finsh_system_init
 .text.rt_hw_stack_init
                0x00000000000035be       0x40 CMakeFiles/CH32V307VCT6_CMake_RT_Thread_2024_11_27.elf.dir/rtthread/libcpu/risc-v/common/cpuport.c.obj
                0x00000000000035be                rt_hw_stack_init
 .text.sw_setpend
                0x00000000000035fe       0x10 CMakeFiles/CH32V307VCT6_CMake_RT_Thread_2024_11_27.elf.dir/rtthread/libcpu/risc-v/common/cpuport.c.obj
                0x00000000000035fe                sw_setpend
 .text.sw_clearpend
                0x000000000000360e       0x14 CMakeFiles/CH32V307VCT6_CMake_RT_Thread_2024_11_27.elf.dir/rtthread/libcpu/risc-v/common/cpuport.c.obj
                0x000000000000360e                sw_clearpend
 .text.rt_hw_interrupt_disable
                0x0000000000003622        0xc CMakeFiles/CH32V307VCT6_CMake_RT_Thread_2024_11_27.elf.dir/rtthread/libcpu/risc-v/common/cpuport.c.obj
                0x0000000000003622                rt_hw_interrupt_disable
 .text.rt_hw_interrupt_enable
                0x000000000000362e        0x6 CMakeFiles/CH32V307VCT6_CMake_RT_Thread_2024_11_27.elf.dir/rtthread/libcpu/risc-v/common/cpuport.c.obj
                0x000000000000362e                rt_hw_interrupt_enable
 .text.rt_hw_context_switch_interrupt
                0x0000000000003634       0x22 CMakeFiles/CH32V307VCT6_CMake_RT_Thread_2024_11_27.elf.dir/rtthread/libcpu/risc-v/common/cpuport.c.obj
                0x0000000000003634                rt_hw_context_switch_interrupt
 .text.rt_tick_get
                0x0000000000003656        0x8 CMakeFiles/CH32V307VCT6_CMake_RT_Thread_2024_11_27.elf.dir/rtthread/src/clock.c.obj
                0x0000000000003656                rt_tick_get
 .text.rt_tick_increase
                0x000000000000365e       0x2e CMakeFiles/CH32V307VCT6_CMake_RT_Thread_2024_11_27.elf.dir/rtthread/src/clock.c.obj
                0x000000000000365e                rt_tick_increase
 .text.rt_tick_from_millisecond
                0x000000000000368c       0x28 CMakeFiles/CH32V307VCT6_CMake_RT_Thread_2024_11_27.elf.dir/rtthread/src/clock.c.obj
                0x000000000000368c                rt_tick_from_millisecond
 .text.rti_start
                0x00000000000036b4        0x4 CMakeFiles/CH32V307VCT6_CMake_RT_Thread_2024_11_27.elf.dir/rtthread/src/components.c.obj
 .text.rti_board_start
                0x00000000000036b8        0x4 CMakeFiles/CH32V307VCT6_CMake_RT_Thread_2024_11_27.elf.dir/rtthread/src/components.c.obj
 .text.rti_board_end
                0x00000000000036bc        0x4 CMakeFiles/CH32V307VCT6_CMake_RT_Thread_2024_11_27.elf.dir/rtthread/src/components.c.obj
 .text.rti_end  0x00000000000036c0        0x4 CMakeFiles/CH32V307VCT6_CMake_RT_Thread_2024_11_27.elf.dir/rtthread/src/components.c.obj
 .text.rt_components_board_init
                0x00000000000036c4       0x2a CMakeFiles/CH32V307VCT6_CMake_RT_Thread_2024_11_27.elf.dir/rtthread/src/components.c.obj
                0x00000000000036c4                rt_components_board_init
 .text.rt_components_init
                0x00000000000036ee       0x2a CMakeFiles/CH32V307VCT6_CMake_RT_Thread_2024_11_27.elf.dir/rtthread/src/components.c.obj
                0x00000000000036ee                rt_components_init
 .text.main_thread_entry
                0x0000000000003718       0x10 CMakeFiles/CH32V307VCT6_CMake_RT_Thread_2024_11_27.elf.dir/rtthread/src/components.c.obj
                0x0000000000003718                main_thread_entry
 .text.rt_application_init
                0x0000000000003728       0x2c CMakeFiles/CH32V307VCT6_CMake_RT_Thread_2024_11_27.elf.dir/rtthread/src/components.c.obj
                0x0000000000003728                rt_application_init
 .text.rtthread_startup
                0x0000000000003754       0x2a CMakeFiles/CH32V307VCT6_CMake_RT_Thread_2024_11_27.elf.dir/rtthread/src/components.c.obj
                0x0000000000003754                rtthread_startup
 .text.entry    0x000000000000377e        0xe CMakeFiles/CH32V307VCT6_CMake_RT_Thread_2024_11_27.elf.dir/rtthread/src/components.c.obj
                0x000000000000377e                entry
 .text.rt_device_find
                0x000000000000378c       0x6a CMakeFiles/CH32V307VCT6_CMake_RT_Thread_2024_11_27.elf.dir/rtthread/src/device.c.obj
                0x000000000000378c                rt_device_find
 .text.rt_device_register
                0x00000000000037f6       0x44 CMakeFiles/CH32V307VCT6_CMake_RT_Thread_2024_11_27.elf.dir/rtthread/src/device.c.obj
                0x00000000000037f6                rt_device_register
 .text.rt_device_open
                0x000000000000383a       0xa2 CMakeFiles/CH32V307VCT6_CMake_RT_Thread_2024_11_27.elf.dir/rtthread/src/device.c.obj
                0x000000000000383a                rt_device_open
 .text.rt_device_close
                0x00000000000038dc       0x40 CMakeFiles/CH32V307VCT6_CMake_RT_Thread_2024_11_27.elf.dir/rtthread/src/device.c.obj
                0x00000000000038dc                rt_device_close
 .text.rt_device_read
                0x000000000000391c       0x26 CMakeFiles/CH32V307VCT6_CMake_RT_Thread_2024_11_27.elf.dir/rtthread/src/device.c.obj
                0x000000000000391c                rt_device_read
 .text.rt_device_write
                0x0000000000003942       0x26 CMakeFiles/CH32V307VCT6_CMake_RT_Thread_2024_11_27.elf.dir/rtthread/src/device.c.obj
                0x0000000000003942                rt_device_write
 .text.rt_device_set_rx_indicate
                0x0000000000003968        0x6 CMakeFiles/CH32V307VCT6_CMake_RT_Thread_2024_11_27.elf.dir/rtthread/src/device.c.obj
                0x0000000000003968                rt_device_set_rx_indicate
 .text.rt_thread_idle_excute
                0x000000000000396e       0x98 CMakeFiles/CH32V307VCT6_CMake_RT_Thread_2024_11_27.elf.dir/rtthread/src/idle.c.obj
                0x000000000000396e                rt_thread_idle_excute
 .text.rt_thread_idle_entry
                0x0000000000003a06       0x2c CMakeFiles/CH32V307VCT6_CMake_RT_Thread_2024_11_27.elf.dir/rtthread/src/idle.c.obj
 .text.rt_thread_idle_init
                0x0000000000003a32       0x46 CMakeFiles/CH32V307VCT6_CMake_RT_Thread_2024_11_27.elf.dir/rtthread/src/idle.c.obj
                0x0000000000003a32                rt_thread_idle_init
 .text.rt_sem_init
                0x0000000000003a78       0x36 CMakeFiles/CH32V307VCT6_CMake_RT_Thread_2024_11_27.elf.dir/rtthread/src/ipc.c.obj
                0x0000000000003a78                rt_sem_init
 .text.rt_sem_take
                0x0000000000003aae      0x10a CMakeFiles/CH32V307VCT6_CMake_RT_Thread_2024_11_27.elf.dir/rtthread/src/ipc.c.obj
                0x0000000000003aae                rt_sem_take
 .text.rt_sem_release
                0x0000000000003bb8       0x54 CMakeFiles/CH32V307VCT6_CMake_RT_Thread_2024_11_27.elf.dir/rtthread/src/ipc.c.obj
                0x0000000000003bb8                rt_sem_release
 .text.rt_interrupt_enter
                0x0000000000003c0c       0x36 CMakeFiles/CH32V307VCT6_CMake_RT_Thread_2024_11_27.elf.dir/rtthread/src/irq.c.obj
                0x0000000000003c0c                rt_interrupt_enter
 .text.rt_interrupt_leave
                0x0000000000003c42       0x36 CMakeFiles/CH32V307VCT6_CMake_RT_Thread_2024_11_27.elf.dir/rtthread/src/irq.c.obj
                0x0000000000003c42                rt_interrupt_leave
 .text.rt_interrupt_get_nest
                0x0000000000003c78        0xa CMakeFiles/CH32V307VCT6_CMake_RT_Thread_2024_11_27.elf.dir/rtthread/src/irq.c.obj
                0x0000000000003c78                rt_interrupt_get_nest
 .text.print_number
                0x0000000000003c82      0x174 CMakeFiles/CH32V307VCT6_CMake_RT_Thread_2024_11_27.elf.dir/rtthread/src/kservice.c.obj
 .text.rt_set_errno
                0x0000000000003df6       0x2a CMakeFiles/CH32V307VCT6_CMake_RT_Thread_2024_11_27.elf.dir/rtthread/src/kservice.c.obj
                0x0000000000003df6                rt_set_errno
 .text.rt_memset
                0x0000000000003e20       0x5a CMakeFiles/CH32V307VCT6_CMake_RT_Thread_2024_11_27.elf.dir/rtthread/src/kservice.c.obj
                0x0000000000003e20                rt_memset
 .text.rt_memmove
                0x0000000000003e7a       0x46 CMakeFiles/CH32V307VCT6_CMake_RT_Thread_2024_11_27.elf.dir/rtthread/src/kservice.c.obj
                0x0000000000003e7a                rt_memmove
 .text.rt_strncpy
                0x0000000000003ec0       0x2c CMakeFiles/CH32V307VCT6_CMake_RT_Thread_2024_11_27.elf.dir/rtthread/src/kservice.c.obj
                0x0000000000003ec0                rt_strncpy
 .text.rt_strncmp
                0x0000000000003eec       0x2a CMakeFiles/CH32V307VCT6_CMake_RT_Thread_2024_11_27.elf.dir/rtthread/src/kservice.c.obj
                0x0000000000003eec                rt_strncmp
 .text.rt_strlen
                0x0000000000003f16       0x12 CMakeFiles/CH32V307VCT6_CMake_RT_Thread_2024_11_27.elf.dir/rtthread/src/kservice.c.obj
                0x0000000000003f16                rt_strlen
 .text.rt_vsnprintf
                0x0000000000003f28      0x37c CMakeFiles/CH32V307VCT6_CMake_RT_Thread_2024_11_27.elf.dir/rtthread/src/kservice.c.obj
                0x0000000000003f28                rt_vsnprintf
 .text.rt_console_get_device
                0x00000000000042a4        0x8 CMakeFiles/CH32V307VCT6_CMake_RT_Thread_2024_11_27.elf.dir/rtthread/src/kservice.c.obj
                0x00000000000042a4                rt_console_get_device
 .text.rt_console_set_device
                0x00000000000042ac       0x3c CMakeFiles/CH32V307VCT6_CMake_RT_Thread_2024_11_27.elf.dir/rtthread/src/kservice.c.obj
                0x00000000000042ac                rt_console_set_device
 .text.rt_hw_console_output
                0x00000000000042e8        0x2 CMakeFiles/CH32V307VCT6_CMake_RT_Thread_2024_11_27.elf.dir/rtthread/src/kservice.c.obj
                0x00000000000042e8                rt_hw_console_output
 .text.rt_kprintf
                0x00000000000042ea       0x7a CMakeFiles/CH32V307VCT6_CMake_RT_Thread_2024_11_27.elf.dir/rtthread/src/kservice.c.obj
                0x00000000000042ea                rt_kprintf
 .text.rt_show_version
                0x0000000000004364       0x40 CMakeFiles/CH32V307VCT6_CMake_RT_Thread_2024_11_27.elf.dir/rtthread/src/kservice.c.obj
                0x0000000000004364                rt_show_version
 .text.__rt_ffs
                0x00000000000043a4       0x70 CMakeFiles/CH32V307VCT6_CMake_RT_Thread_2024_11_27.elf.dir/rtthread/src/kservice.c.obj
                0x00000000000043a4                __rt_ffs
 .text.plug_holes
                0x0000000000004414       0x68 CMakeFiles/CH32V307VCT6_CMake_RT_Thread_2024_11_27.elf.dir/rtthread/src/mem.c.obj
 .text.list_mem
                0x000000000000447c       0x40 CMakeFiles/CH32V307VCT6_CMake_RT_Thread_2024_11_27.elf.dir/rtthread/src/mem.c.obj
                0x000000000000447c                list_mem
 .text.rt_system_heap_init
                0x00000000000044bc       0x90 CMakeFiles/CH32V307VCT6_CMake_RT_Thread_2024_11_27.elf.dir/rtthread/src/mem.c.obj
                0x00000000000044bc                rt_system_heap_init
 .text.rt_malloc
                0x000000000000454c      0x15a CMakeFiles/CH32V307VCT6_CMake_RT_Thread_2024_11_27.elf.dir/rtthread/src/mem.c.obj
                0x000000000000454c                rt_malloc
 .text.rt_calloc
                0x00000000000046a6       0x2a CMakeFiles/CH32V307VCT6_CMake_RT_Thread_2024_11_27.elf.dir/rtthread/src/mem.c.obj
                0x00000000000046a6                rt_calloc
 .text.rt_free  0x00000000000046d0       0xc8 CMakeFiles/CH32V307VCT6_CMake_RT_Thread_2024_11_27.elf.dir/rtthread/src/mem.c.obj
                0x00000000000046d0                rt_free
 .text.rt_object_get_information
                0x0000000000004798       0x30 CMakeFiles/CH32V307VCT6_CMake_RT_Thread_2024_11_27.elf.dir/rtthread/src/object.c.obj
                0x0000000000004798                rt_object_get_information
 .text.rt_object_init
                0x00000000000047c8       0x76 CMakeFiles/CH32V307VCT6_CMake_RT_Thread_2024_11_27.elf.dir/rtthread/src/object.c.obj
                0x00000000000047c8                rt_object_init
 .text.rt_object_detach
                0x000000000000483e       0x38 CMakeFiles/CH32V307VCT6_CMake_RT_Thread_2024_11_27.elf.dir/rtthread/src/object.c.obj
                0x000000000000483e                rt_object_detach
 .text.rt_object_allocate
                0x0000000000004876       0x76 CMakeFiles/CH32V307VCT6_CMake_RT_Thread_2024_11_27.elf.dir/rtthread/src/object.c.obj
                0x0000000000004876                rt_object_allocate
 .text.rt_object_delete
                0x00000000000048ec       0x3e CMakeFiles/CH32V307VCT6_CMake_RT_Thread_2024_11_27.elf.dir/rtthread/src/object.c.obj
                0x00000000000048ec                rt_object_delete
 .text.rt_object_is_systemobject
                0x000000000000492a       0x10 CMakeFiles/CH32V307VCT6_CMake_RT_Thread_2024_11_27.elf.dir/rtthread/src/object.c.obj
                0x000000000000492a                rt_object_is_systemobject
 .text.rt_system_scheduler_init
                0x000000000000493a       0x38 CMakeFiles/CH32V307VCT6_CMake_RT_Thread_2024_11_27.elf.dir/rtthread/src/scheduler.c.obj
                0x000000000000493a                rt_system_scheduler_init
 .text.rt_system_scheduler_start
                0x0000000000004972       0x34 CMakeFiles/CH32V307VCT6_CMake_RT_Thread_2024_11_27.elf.dir/rtthread/src/scheduler.c.obj
                0x0000000000004972                rt_system_scheduler_start
 .text.rt_schedule
                0x00000000000049a6       0x9a CMakeFiles/CH32V307VCT6_CMake_RT_Thread_2024_11_27.elf.dir/rtthread/src/scheduler.c.obj
                0x00000000000049a6                rt_schedule
 .text.rt_schedule_insert_thread
                0x0000000000004a40       0x54 CMakeFiles/CH32V307VCT6_CMake_RT_Thread_2024_11_27.elf.dir/rtthread/src/scheduler.c.obj
                0x0000000000004a40                rt_schedule_insert_thread
 .text.rt_schedule_remove_thread
                0x0000000000004a94       0x54 CMakeFiles/CH32V307VCT6_CMake_RT_Thread_2024_11_27.elf.dir/rtthread/src/scheduler.c.obj
                0x0000000000004a94                rt_schedule_remove_thread
 .text.rt_enter_critical
                0x0000000000004ae8       0x20 CMakeFiles/CH32V307VCT6_CMake_RT_Thread_2024_11_27.elf.dir/rtthread/src/scheduler.c.obj
                0x0000000000004ae8                rt_enter_critical
 .text.rt_exit_critical
                0x0000000000004b08       0x3e CMakeFiles/CH32V307VCT6_CMake_RT_Thread_2024_11_27.elf.dir/rtthread/src/scheduler.c.obj
                0x0000000000004b08                rt_exit_critical
 .text.rt_thread_exit
                0x0000000000004b46       0x64 CMakeFiles/CH32V307VCT6_CMake_RT_Thread_2024_11_27.elf.dir/rtthread/src/thread.c.obj
                0x0000000000004b46                rt_thread_exit
 .text._rt_thread_init
                0x0000000000004baa       0x96 CMakeFiles/CH32V307VCT6_CMake_RT_Thread_2024_11_27.elf.dir/rtthread/src/thread.c.obj
 .text.rt_thread_timeout
                0x0000000000004c40       0x28 CMakeFiles/CH32V307VCT6_CMake_RT_Thread_2024_11_27.elf.dir/rtthread/src/thread.c.obj
                0x0000000000004c40                rt_thread_timeout
 .text.rt_thread_init
                0x0000000000004c68       0x56 CMakeFiles/CH32V307VCT6_CMake_RT_Thread_2024_11_27.elf.dir/rtthread/src/thread.c.obj
                0x0000000000004c68                rt_thread_init
 .text.rt_thread_self
                0x0000000000004cbe        0x8 CMakeFiles/CH32V307VCT6_CMake_RT_Thread_2024_11_27.elf.dir/rtthread/src/thread.c.obj
                0x0000000000004cbe                rt_thread_self
 .text.rt_thread_create
                0x0000000000004cc6       0x6a CMakeFiles/CH32V307VCT6_CMake_RT_Thread_2024_11_27.elf.dir/rtthread/src/thread.c.obj
                0x0000000000004cc6                rt_thread_create
 .text.rt_thread_yield
                0x0000000000004d30       0x62 CMakeFiles/CH32V307VCT6_CMake_RT_Thread_2024_11_27.elf.dir/rtthread/src/thread.c.obj
                0x0000000000004d30                rt_thread_yield
 .text.rt_thread_suspend
                0x0000000000004d92       0x5c CMakeFiles/CH32V307VCT6_CMake_RT_Thread_2024_11_27.elf.dir/rtthread/src/thread.c.obj
                0x0000000000004d92                rt_thread_suspend
 .text.rt_thread_sleep
                0x0000000000004dee       0x54 CMakeFiles/CH32V307VCT6_CMake_RT_Thread_2024_11_27.elf.dir/rtthread/src/thread.c.obj
                0x0000000000004dee                rt_thread_sleep
 .text.rt_thread_mdelay
                0x0000000000004e42       0x12 CMakeFiles/CH32V307VCT6_CMake_RT_Thread_2024_11_27.elf.dir/rtthread/src/thread.c.obj
                0x0000000000004e42                rt_thread_mdelay
 .text.rt_thread_resume
                0x0000000000004e54       0x60 CMakeFiles/CH32V307VCT6_CMake_RT_Thread_2024_11_27.elf.dir/rtthread/src/thread.c.obj
                0x0000000000004e54                rt_thread_resume
 .text.rt_thread_startup
                0x0000000000004eb4       0x30 CMakeFiles/CH32V307VCT6_CMake_RT_Thread_2024_11_27.elf.dir/rtthread/src/thread.c.obj
                0x0000000000004eb4                rt_thread_startup
 .text._rt_timer_init
                0x0000000000004ee4       0x2e CMakeFiles/CH32V307VCT6_CMake_RT_Thread_2024_11_27.elf.dir/rtthread/src/timer.c.obj
 .text.rt_timer_init
                0x0000000000004f12       0x3e CMakeFiles/CH32V307VCT6_CMake_RT_Thread_2024_11_27.elf.dir/rtthread/src/timer.c.obj
                0x0000000000004f12                rt_timer_init
 .text.rt_timer_detach
                0x0000000000004f50       0x44 CMakeFiles/CH32V307VCT6_CMake_RT_Thread_2024_11_27.elf.dir/rtthread/src/timer.c.obj
                0x0000000000004f50                rt_timer_detach
 .text.rt_timer_start
                0x0000000000004f94       0xe2 CMakeFiles/CH32V307VCT6_CMake_RT_Thread_2024_11_27.elf.dir/rtthread/src/timer.c.obj
                0x0000000000004f94                rt_timer_start
 .text.rt_timer_stop
                0x0000000000005076       0x5e CMakeFiles/CH32V307VCT6_CMake_RT_Thread_2024_11_27.elf.dir/rtthread/src/timer.c.obj
                0x0000000000005076                rt_timer_stop
 .text.rt_timer_control
                0x00000000000050d4       0x40 CMakeFiles/CH32V307VCT6_CMake_RT_Thread_2024_11_27.elf.dir/rtthread/src/timer.c.obj
                0x00000000000050d4                rt_timer_control
 .text.rt_timer_check
                0x0000000000005114       0xc6 CMakeFiles/CH32V307VCT6_CMake_RT_Thread_2024_11_27.elf.dir/rtthread/src/timer.c.obj
                0x0000000000005114                rt_timer_check
 .text.rt_system_timer_init
                0x00000000000051da       0x18 CMakeFiles/CH32V307VCT6_CMake_RT_Thread_2024_11_27.elf.dir/rtthread/src/timer.c.obj
                0x00000000000051da                rt_system_timer_init
 .text.rt_system_timer_thread_init
                0x00000000000051f2        0x2 CMakeFiles/CH32V307VCT6_CMake_RT_Thread_2024_11_27.elf.dir/rtthread/src/timer.c.obj
                0x00000000000051f2                rt_system_timer_thread_init
 .text.memcmp   0x00000000000051f4       0x26 e:/app_windows/mounriver_studio/base_file/mounriver_studio/toolchain/risc-v embedded gcc/bin/../lib/gcc/riscv-none-embed/8.2.0/../../../../riscv-none-embed/lib/rv32imafc/ilp32f\libc_nano.a(lib_a-memcmp.o)
                0x00000000000051f4                memcmp
 .text.memcpy   0x000000000000521a       0xb6 e:/app_windows/mounriver_studio/base_file/mounriver_studio/toolchain/risc-v embedded gcc/bin/../lib/gcc/riscv-none-embed/8.2.0/../../../../riscv-none-embed/lib/rv32imafc/ilp32f\libc_nano.a(lib_a-memcpy.o)
                0x000000000000521a                memcpy
 .text._free_r  0x00000000000052d0       0xa4 e:/app_windows/mounriver_studio/base_file/mounriver_studio/toolchain/risc-v embedded gcc/bin/../lib/gcc/riscv-none-embed/8.2.0/../../../../riscv-none-embed/lib/rv32imafc/ilp32f\libc_nano.a(lib_a-nano-freer.o)
                0x00000000000052d0                _free_r
 .text._malloc_r
                0x0000000000005374       0xce e:/app_windows/mounriver_studio/base_file/mounriver_studio/toolchain/risc-v embedded gcc/bin/../lib/gcc/riscv-none-embed/8.2.0/../../../../riscv-none-embed/lib/rv32imafc/ilp32f\libc_nano.a(lib_a-nano-mallocr.o)
                0x0000000000005374                _malloc_r
 .text.printf   0x0000000000005442       0x3e e:/app_windows/mounriver_studio/base_file/mounriver_studio/toolchain/risc-v embedded gcc/bin/../lib/gcc/riscv-none-embed/8.2.0/../../../../riscv-none-embed/lib/rv32imafc/ilp32f\libc_nano.a(lib_a-printf.o)
                0x0000000000005442                iprintf
                0x0000000000005442                printf
 .text._sbrk_r  0x0000000000005480       0x32 e:/app_windows/mounriver_studio/base_file/mounriver_studio/toolchain/risc-v embedded gcc/bin/../lib/gcc/riscv-none-embed/8.2.0/../../../../riscv-none-embed/lib/rv32imafc/ilp32f\libc_nano.a(lib_a-sbrkr.o)
                0x0000000000005480                _sbrk_r
 .text.strlen   0x00000000000054b2       0x12 e:/app_windows/mounriver_studio/base_file/mounriver_studio/toolchain/risc-v embedded gcc/bin/../lib/gcc/riscv-none-embed/8.2.0/../../../../riscv-none-embed/lib/rv32imafc/ilp32f\libc_nano.a(lib_a-strlen.o)
                0x00000000000054b2                strlen
 .text.strncmp  0x00000000000054c4       0x2c e:/app_windows/mounriver_studio/base_file/mounriver_studio/toolchain/risc-v embedded gcc/bin/../lib/gcc/riscv-none-embed/8.2.0/../../../../riscv-none-embed/lib/rv32imafc/ilp32f\libc_nano.a(lib_a-strncmp.o)
                0x00000000000054c4                strncmp
 .text.std      0x00000000000054f0       0x6a e:/app_windows/mounriver_studio/base_file/mounriver_studio/toolchain/risc-v embedded gcc/bin/../lib/gcc/riscv-none-embed/8.2.0/../../../../riscv-none-embed/lib/rv32imafc/ilp32f\libc_nano.a(lib_a-findfp.o)
 .text._cleanup_r
                0x000000000000555a        0xa e:/app_windows/mounriver_studio/base_file/mounriver_studio/toolchain/risc-v embedded gcc/bin/../lib/gcc/riscv-none-embed/8.2.0/../../../../riscv-none-embed/lib/rv32imafc/ilp32f\libc_nano.a(lib_a-findfp.o)
                0x000000000000555a                _cleanup_r
 .text.__sfmoreglue
                0x0000000000005564       0x48 e:/app_windows/mounriver_studio/base_file/mounriver_studio/toolchain/risc-v embedded gcc/bin/../lib/gcc/riscv-none-embed/8.2.0/../../../../riscv-none-embed/lib/rv32imafc/ilp32f\libc_nano.a(lib_a-findfp.o)
                0x0000000000005564                __sfmoreglue
 .text.__sinit  0x00000000000055ac       0x6c e:/app_windows/mounriver_studio/base_file/mounriver_studio/toolchain/risc-v embedded gcc/bin/../lib/gcc/riscv-none-embed/8.2.0/../../../../riscv-none-embed/lib/rv32imafc/ilp32f\libc_nano.a(lib_a-findfp.o)
                0x00000000000055ac                __sinit
 .text.__sfp    0x0000000000005618       0xa0 e:/app_windows/mounriver_studio/base_file/mounriver_studio/toolchain/risc-v embedded gcc/bin/../lib/gcc/riscv-none-embed/8.2.0/../../../../riscv-none-embed/lib/rv32imafc/ilp32f\libc_nano.a(lib_a-findfp.o)
                0x0000000000005618                __sfp
 .text._fwalk_reent
                0x00000000000056b8       0x6c e:/app_windows/mounriver_studio/base_file/mounriver_studio/toolchain/risc-v embedded gcc/bin/../lib/gcc/riscv-none-embed/8.2.0/../../../../riscv-none-embed/lib/rv32imafc/ilp32f\libc_nano.a(lib_a-fwalk.o)
                0x00000000000056b8                _fwalk_reent
 .text.__malloc_lock
                0x0000000000005724        0x2 e:/app_windows/mounriver_studio/base_file/mounriver_studio/toolchain/risc-v embedded gcc/bin/../lib/gcc/riscv-none-embed/8.2.0/../../../../riscv-none-embed/lib/rv32imafc/ilp32f\libc_nano.a(lib_a-mlock.o)
                0x0000000000005724                __malloc_lock
 .text.__malloc_unlock
                0x0000000000005726        0x2 e:/app_windows/mounriver_studio/base_file/mounriver_studio/toolchain/risc-v embedded gcc/bin/../lib/gcc/riscv-none-embed/8.2.0/../../../../riscv-none-embed/lib/rv32imafc/ilp32f\libc_nano.a(lib_a-mlock.o)
                0x0000000000005726                __malloc_unlock
 .text.__sfputc_r
                0x0000000000005728       0x28 e:/app_windows/mounriver_studio/base_file/mounriver_studio/toolchain/risc-v embedded gcc/bin/../lib/gcc/riscv-none-embed/8.2.0/../../../../riscv-none-embed/lib/rv32imafc/ilp32f\libc_nano.a(lib_a-nano-vfprintf.o)
 .text.__sfputs_r
                0x0000000000005750       0x44 e:/app_windows/mounriver_studio/base_file/mounriver_studio/toolchain/risc-v embedded gcc/bin/../lib/gcc/riscv-none-embed/8.2.0/../../../../riscv-none-embed/lib/rv32imafc/ilp32f\libc_nano.a(lib_a-nano-vfprintf.o)
                0x0000000000005750                __sfputs_r
 .text._vfprintf_r
                0x0000000000005794      0x2a0 e:/app_windows/mounriver_studio/base_file/mounriver_studio/toolchain/risc-v embedded gcc/bin/../lib/gcc/riscv-none-embed/8.2.0/../../../../riscv-none-embed/lib/rv32imafc/ilp32f\libc_nano.a(lib_a-nano-vfprintf.o)
                0x0000000000005794                _vfprintf_r
                0x0000000000005794                _vfiprintf_r
 .text._printf_common
                0x0000000000005a34      0x10c e:/app_windows/mounriver_studio/base_file/mounriver_studio/toolchain/risc-v embedded gcc/bin/../lib/gcc/riscv-none-embed/8.2.0/../../../../riscv-none-embed/lib/rv32imafc/ilp32f\libc_nano.a(lib_a-nano-vfprintf_i.o)
                0x0000000000005a34                _printf_common
 .text._printf_i
                0x0000000000005b40      0x2ac e:/app_windows/mounriver_studio/base_file/mounriver_studio/toolchain/risc-v embedded gcc/bin/../lib/gcc/riscv-none-embed/8.2.0/../../../../riscv-none-embed/lib/rv32imafc/ilp32f\libc_nano.a(lib_a-nano-vfprintf_i.o)
                0x0000000000005b40                _printf_i
 .text.__sread  0x0000000000005dec       0x30 e:/app_windows/mounriver_studio/base_file/mounriver_studio/toolchain/risc-v embedded gcc/bin/../lib/gcc/riscv-none-embed/8.2.0/../../../../riscv-none-embed/lib/rv32imafc/ilp32f\libc_nano.a(lib_a-stdio.o)
                0x0000000000005dec                __sread
 .text.__swrite
                0x0000000000005e1c       0x4e e:/app_windows/mounriver_studio/base_file/mounriver_studio/toolchain/risc-v embedded gcc/bin/../lib/gcc/riscv-none-embed/8.2.0/../../../../riscv-none-embed/lib/rv32imafc/ilp32f\libc_nano.a(lib_a-stdio.o)
                0x0000000000005e1c                __swrite
 .text.__sseek  0x0000000000005e6a       0x36 e:/app_windows/mounriver_studio/base_file/mounriver_studio/toolchain/risc-v embedded gcc/bin/../lib/gcc/riscv-none-embed/8.2.0/../../../../riscv-none-embed/lib/rv32imafc/ilp32f\libc_nano.a(lib_a-stdio.o)
                0x0000000000005e6a                __sseek
 .text.__sclose
                0x0000000000005ea0        0x6 e:/app_windows/mounriver_studio/base_file/mounriver_studio/toolchain/risc-v embedded gcc/bin/../lib/gcc/riscv-none-embed/8.2.0/../../../../riscv-none-embed/lib/rv32imafc/ilp32f\libc_nano.a(lib_a-stdio.o)
                0x0000000000005ea0                __sclose
 .text.__swbuf_r
                0x0000000000005ea6       0xc2 e:/app_windows/mounriver_studio/base_file/mounriver_studio/toolchain/risc-v embedded gcc/bin/../lib/gcc/riscv-none-embed/8.2.0/../../../../riscv-none-embed/lib/rv32imafc/ilp32f\libc_nano.a(lib_a-wbuf.o)
                0x0000000000005ea6                __swbuf_r
 .text._write_r
                0x0000000000005f68       0x36 e:/app_windows/mounriver_studio/base_file/mounriver_studio/toolchain/risc-v embedded gcc/bin/../lib/gcc/riscv-none-embed/8.2.0/../../../../riscv-none-embed/lib/rv32imafc/ilp32f\libc_nano.a(lib_a-writer.o)
                0x0000000000005f68                _write_r
 .text.__swsetup_r
                0x0000000000005f9e      0x110 e:/app_windows/mounriver_studio/base_file/mounriver_studio/toolchain/risc-v embedded gcc/bin/../lib/gcc/riscv-none-embed/8.2.0/../../../../riscv-none-embed/lib/rv32imafc/ilp32f\libc_nano.a(lib_a-wsetup.o)
                0x0000000000005f9e                __swsetup_r
 .text._close_r
                0x00000000000060ae       0x30 e:/app_windows/mounriver_studio/base_file/mounriver_studio/toolchain/risc-v embedded gcc/bin/../lib/gcc/riscv-none-embed/8.2.0/../../../../riscv-none-embed/lib/rv32imafc/ilp32f\libc_nano.a(lib_a-closer.o)
                0x00000000000060ae                _close_r
 .text.__sflush_r
                0x00000000000060de      0x13e e:/app_windows/mounriver_studio/base_file/mounriver_studio/toolchain/risc-v embedded gcc/bin/../lib/gcc/riscv-none-embed/8.2.0/../../../../riscv-none-embed/lib/rv32imafc/ilp32f\libc_nano.a(lib_a-fflush.o)
                0x00000000000060de                __sflush_r
 .text._fflush_r
                0x000000000000621c       0x68 e:/app_windows/mounriver_studio/base_file/mounriver_studio/toolchain/risc-v embedded gcc/bin/../lib/gcc/riscv-none-embed/8.2.0/../../../../riscv-none-embed/lib/rv32imafc/ilp32f\libc_nano.a(lib_a-fflush.o)
                0x000000000000621c                _fflush_r
 .text._lseek_r
                0x0000000000006284       0x34 e:/app_windows/mounriver_studio/base_file/mounriver_studio/toolchain/risc-v embedded gcc/bin/../lib/gcc/riscv-none-embed/8.2.0/../../../../riscv-none-embed/lib/rv32imafc/ilp32f\libc_nano.a(lib_a-lseekr.o)
                0x0000000000006284                _lseek_r
 .text.__swhatbuf_r
                0x00000000000062b8       0x58 e:/app_windows/mounriver_studio/base_file/mounriver_studio/toolchain/risc-v embedded gcc/bin/../lib/gcc/riscv-none-embed/8.2.0/../../../../riscv-none-embed/lib/rv32imafc/ilp32f\libc_nano.a(lib_a-makebuf.o)
                0x00000000000062b8                __swhatbuf_r
 .text.__smakebuf_r
                0x0000000000006310       0xa0 e:/app_windows/mounriver_studio/base_file/mounriver_studio/toolchain/risc-v embedded gcc/bin/../lib/gcc/riscv-none-embed/8.2.0/../../../../riscv-none-embed/lib/rv32imafc/ilp32f\libc_nano.a(lib_a-makebuf.o)
                0x0000000000006310                __smakebuf_r
 .text.memchr   0x00000000000063b0       0x1a e:/app_windows/mounriver_studio/base_file/mounriver_studio/toolchain/risc-v embedded gcc/bin/../lib/gcc/riscv-none-embed/8.2.0/../../../../riscv-none-embed/lib/rv32imafc/ilp32f\libc_nano.a(lib_a-memchr.o)
                0x00000000000063b0                memchr
 .text._read_r  0x00000000000063ca       0x34 e:/app_windows/mounriver_studio/base_file/mounriver_studio/toolchain/risc-v embedded gcc/bin/../lib/gcc/riscv-none-embed/8.2.0/../../../../riscv-none-embed/lib/rv32imafc/ilp32f\libc_nano.a(lib_a-readr.o)
                0x00000000000063ca                _read_r
 .text._fstat_r
                0x00000000000063fe       0x32 e:/app_windows/mounriver_studio/base_file/mounriver_studio/toolchain/risc-v embedded gcc/bin/../lib/gcc/riscv-none-embed/8.2.0/../../../../riscv-none-embed/lib/rv32imafc/ilp32f\libc_nano.a(lib_a-fstatr.o)
                0x00000000000063fe                _fstat_r
 .text._isatty_r
                0x0000000000006430       0x30 e:/app_windows/mounriver_studio/base_file/mounriver_studio/toolchain/risc-v embedded gcc/bin/../lib/gcc/riscv-none-embed/8.2.0/../../../../riscv-none-embed/lib/rv32imafc/ilp32f\libc_nano.a(lib_a-isattyr.o)
                0x0000000000006430                _isatty_r
 .text._close   0x0000000000006460       0x10 e:/app_windows/mounriver_studio/base_file/mounriver_studio/toolchain/risc-v embedded gcc/bin/../lib/gcc/riscv-none-embed/8.2.0/../../../../riscv-none-embed/lib/rv32imafc/ilp32f\libnosys.a(close.o)
                0x0000000000006460                _close
 .text._fstat   0x0000000000006470       0x10 e:/app_windows/mounriver_studio/base_file/mounriver_studio/toolchain/risc-v embedded gcc/bin/../lib/gcc/riscv-none-embed/8.2.0/../../../../riscv-none-embed/lib/rv32imafc/ilp32f\libnosys.a(fstat.o)
                0x0000000000006470                _fstat
 .text._isatty  0x0000000000006480       0x10 e:/app_windows/mounriver_studio/base_file/mounriver_studio/toolchain/risc-v embedded gcc/bin/../lib/gcc/riscv-none-embed/8.2.0/../../../../riscv-none-embed/lib/rv32imafc/ilp32f\libnosys.a(isatty.o)
                0x0000000000006480                _isatty
 .text._lseek   0x0000000000006490       0x10 e:/app_windows/mounriver_studio/base_file/mounriver_studio/toolchain/risc-v embedded gcc/bin/../lib/gcc/riscv-none-embed/8.2.0/../../../../riscv-none-embed/lib/rv32imafc/ilp32f\libnosys.a(lseek.o)
                0x0000000000006490                _lseek
 .text._read    0x00000000000064a0       0x10 e:/app_windows/mounriver_studio/base_file/mounriver_studio/toolchain/risc-v embedded gcc/bin/../lib/gcc/riscv-none-embed/8.2.0/../../../../riscv-none-embed/lib/rv32imafc/ilp32f\libnosys.a(read.o)
                0x00000000000064a0                _read
 *(.rodata)
 *fill*         0x00000000000064b0        0x0 
 .rodata        0x00000000000064b0       0x50 CMakeFiles/CH32V307VCT6_CMake_RT_Thread_2024_11_27.elf.dir/rtthread/components/finsh/cmd.c.obj
 *(.rodata*)
 .rodata.led.str1.4
                0x0000000000006500       0x32 CMakeFiles/CH32V307VCT6_CMake_RT_Thread_2024_11_27.elf.dir/App/Drivers/Led/led.c.obj
 *fill*         0x0000000000006532        0x2 
 .rodata.name   0x0000000000006534       0x2a CMakeFiles/CH32V307VCT6_CMake_RT_Thread_2024_11_27.elf.dir/App/Drivers/Led/led.c.obj
                0x0000000000006534                __fsym___cmd_led_desc
                0x0000000000006554                __fsym___cmd_led_name
 *fill*         0x000000000000655e        0x2 
 .rodata.HardFault_Handler.str1.4
                0x0000000000006560        0xc CMakeFiles/CH32V307VCT6_CMake_RT_Thread_2024_11_27.elf.dir/User/ch32v30x_it.c.obj
 .rodata.NMI_Handler.str1.4
                0x000000000000656c        0xf CMakeFiles/CH32V307VCT6_CMake_RT_Thread_2024_11_27.elf.dir/User/ch32v30x_it.c.obj
 *fill*         0x000000000000657b        0x1 
 .rodata.main.str1.4
                0x000000000000657c       0x42 CMakeFiles/CH32V307VCT6_CMake_RT_Thread_2024_11_27.elf.dir/User/main.c.obj
 *fill*         0x00000000000065be        0x2 
 .rodata._ch32_pin_ops
                0x00000000000065c0       0x18 CMakeFiles/CH32V307VCT6_CMake_RT_Thread_2024_11_27.elf.dir/drivers/drv_gpio.c.obj
 .rodata.pin_irq_map
                0x00000000000065d8       0x80 CMakeFiles/CH32V307VCT6_CMake_RT_Thread_2024_11_27.elf.dir/drivers/drv_gpio.c.obj
 .rodata.pins   0x0000000000006658      0x650 CMakeFiles/CH32V307VCT6_CMake_RT_Thread_2024_11_27.elf.dir/drivers/drv_gpio.c.obj
 .rodata.rt_hw_pin_init.str1.4
                0x0000000000006ca8        0x4 CMakeFiles/CH32V307VCT6_CMake_RT_Thread_2024_11_27.elf.dir/drivers/drv_gpio.c.obj
 .rodata.ch32_uart_ops
                0x0000000000006cac       0x14 CMakeFiles/CH32V307VCT6_CMake_RT_Thread_2024_11_27.elf.dir/drivers/drv_usart.c.obj
 .rodata.rt_hw_usart_init.str1.4
                0x0000000000006cc0        0x6 CMakeFiles/CH32V307VCT6_CMake_RT_Thread_2024_11_27.elf.dir/drivers/drv_usart.c.obj
 .rodata.rt_hw_board_init.str1.4
                0x0000000000006cc6        0x6 CMakeFiles/CH32V307VCT6_CMake_RT_Thread_2024_11_27.elf.dir/rtthread/board.c.obj
 *fill*         0x0000000000006cc6        0x2 
 .rodata.name   0x0000000000006cc8       0x70 CMakeFiles/CH32V307VCT6_CMake_RT_Thread_2024_11_27.elf.dir/rtthread/components/drivers/misc/pin.c.obj
                0x0000000000006cc8                __fsym_pinRead_desc
                0x0000000000006ce8                __fsym_pinRead_name
                0x0000000000006cf0                __fsym_pinWrite_desc
                0x0000000000006d0c                __fsym_pinWrite_name
                0x0000000000006d18                __fsym_pinMode_desc
                0x0000000000006d30                __fsym_pinMode_name
 .rodata._list_device.str1.4
                0x0000000000006d38       0x67 CMakeFiles/CH32V307VCT6_CMake_RT_Thread_2024_11_27.elf.dir/rtthread/components/finsh/cmd.c.obj
 *fill*         0x0000000000006d9f        0x1 
 .rodata._list_event.str1.4
                0x0000000000006da0       0x76 CMakeFiles/CH32V307VCT6_CMake_RT_Thread_2024_11_27.elf.dir/rtthread/components/finsh/cmd.c.obj
 *fill*         0x0000000000006e16        0x2 
 .rodata._list_mailbox.str1.4
                0x0000000000006e18       0x76 CMakeFiles/CH32V307VCT6_CMake_RT_Thread_2024_11_27.elf.dir/rtthread/components/finsh/cmd.c.obj
 *fill*         0x0000000000006e8e        0x2 
 .rodata._list_msgqueue.str1.4
                0x0000000000006e90       0x65 CMakeFiles/CH32V307VCT6_CMake_RT_Thread_2024_11_27.elf.dir/rtthread/components/finsh/cmd.c.obj
 *fill*         0x0000000000006ef5        0x3 
 .rodata._list_mutex.str1.4
                0x0000000000006ef8       0x63 CMakeFiles/CH32V307VCT6_CMake_RT_Thread_2024_11_27.elf.dir/rtthread/components/finsh/cmd.c.obj
 *fill*         0x0000000000006f5b        0x1 
 .rodata._list_sem.str1.4
                0x0000000000006f5c       0x60 CMakeFiles/CH32V307VCT6_CMake_RT_Thread_2024_11_27.elf.dir/rtthread/components/finsh/cmd.c.obj
                                         0x64 (size before relaxing)
 .rodata._list_thread.str1.4
                0x0000000000006fbc       0xf4 CMakeFiles/CH32V307VCT6_CMake_RT_Thread_2024_11_27.elf.dir/rtthread/components/finsh/cmd.c.obj
 .rodata._list_timer.str1.4
                0x00000000000070b0       0x9d CMakeFiles/CH32V307VCT6_CMake_RT_Thread_2024_11_27.elf.dir/rtthread/components/finsh/cmd.c.obj
 *fill*         0x000000000000714d        0x3 
 .rodata.clear.str1.4
                0x0000000000007150        0x8 CMakeFiles/CH32V307VCT6_CMake_RT_Thread_2024_11_27.elf.dir/rtthread/components/finsh/cmd.c.obj
 .rodata.list.str1.4
                0x0000000000007158       0x25 CMakeFiles/CH32V307VCT6_CMake_RT_Thread_2024_11_27.elf.dir/rtthread/components/finsh/cmd.c.obj
 *fill*         0x000000000000717d        0x3 
 .rodata.name   0x0000000000007180      0x323 CMakeFiles/CH32V307VCT6_CMake_RT_Thread_2024_11_27.elf.dir/rtthread/components/finsh/cmd.c.obj
                0x0000000000007180                __fsym_list_desc
                0x000000000000719c                __fsym_list_name
                0x00000000000071a4                __fsym___cmd_list_device_desc
                0x00000000000071bc                __fsym___cmd_list_device_name
                0x00000000000071d0                __fsym_list_device_desc
                0x00000000000071e8                __fsym_list_device_name
                0x00000000000071f4                __fsym___cmd_list_timer_desc
                0x000000000000720c                __fsym___cmd_list_timer_name
                0x0000000000007220                __fsym_list_timer_desc
                0x0000000000007238                __fsym_list_timer_name
                0x0000000000007244                __fsym___cmd_list_msgqueue_desc
                0x0000000000007264                __fsym___cmd_list_msgqueue_name
                0x0000000000007278                __fsym_list_msgqueue_desc
                0x0000000000007298                __fsym_list_msgqueue_name
                0x00000000000072a8                __fsym___cmd_list_mailbox_desc
                0x00000000000072c0                __fsym___cmd_list_mailbox_name
                0x00000000000072d4                __fsym_list_mailbox_desc
                0x00000000000072ec                __fsym_list_mailbox_name
                0x00000000000072fc                __fsym___cmd_list_mutex_desc
                0x0000000000007314                __fsym___cmd_list_mutex_name
                0x0000000000007328                __fsym_list_mutex_desc
                0x0000000000007340                __fsym_list_mutex_name
                0x000000000000734c                __fsym___cmd_list_event_desc
                0x0000000000007364                __fsym___cmd_list_event_name
                0x0000000000007378                __fsym_list_event_desc
                0x0000000000007390                __fsym_list_event_name
                0x000000000000739c                __fsym___cmd_list_sem_desc
                0x00000000000073b8                __fsym___cmd_list_sem_name
                0x00000000000073c8                __fsym_list_sem_desc
                0x00000000000073e4                __fsym_list_sem_name
                0x00000000000073f0                __fsym___cmd_list_thread_desc
                0x00000000000073fc                __fsym___cmd_list_thread_name
                0x0000000000007410                __fsym_list_thread_desc
                0x000000000000741c                __fsym_list_thread_name
                0x0000000000007428                __fsym___cmd_clear_desc
                0x000000000000743c                __fsym___cmd_clear_name
                0x0000000000007448                __fsym_clear_desc
                0x000000000000745c                __fsym_clear_name
                0x0000000000007464                __fsym___cmd_reboot_desc
                0x0000000000007478                __fsym___cmd_reboot_name
                0x0000000000007488                __fsym_reboot_desc
                0x000000000000749c                __fsym_reboot_name
 *fill*         0x00000000000074a3        0x1 
 .rodata.show_wait_queue.str1.4
                0x00000000000074a4        0x6 CMakeFiles/CH32V307VCT6_CMake_RT_Thread_2024_11_27.elf.dir/rtthread/components/finsh/cmd.c.obj
 *fill*         0x00000000000074aa        0x2 
 .rodata.str1.4
                0x00000000000074ac      0x119 CMakeFiles/CH32V307VCT6_CMake_RT_Thread_2024_11_27.elf.dir/rtthread/components/finsh/cmd.c.obj
 .rodata.msh_auto_complete.str1.4
                0x00000000000075c5      0x119 CMakeFiles/CH32V307VCT6_CMake_RT_Thread_2024_11_27.elf.dir/rtthread/components/finsh/msh.c.obj
                                          0x4 (size before relaxing)
 *fill*         0x00000000000075c5        0x3 
 .rodata.msh_exec.str1.4
                0x00000000000075c8       0x18 CMakeFiles/CH32V307VCT6_CMake_RT_Thread_2024_11_27.elf.dir/rtthread/components/finsh/msh.c.obj
 .rodata.msh_help.str1.4
                0x00000000000075e0       0x30 CMakeFiles/CH32V307VCT6_CMake_RT_Thread_2024_11_27.elf.dir/rtthread/components/finsh/msh.c.obj
 .rodata.msh_split.str1.4
                0x0000000000007610       0x24 CMakeFiles/CH32V307VCT6_CMake_RT_Thread_2024_11_27.elf.dir/rtthread/components/finsh/msh.c.obj
                                         0x26 (size before relaxing)
 .rodata.name   0x0000000000007634       0x23 CMakeFiles/CH32V307VCT6_CMake_RT_Thread_2024_11_27.elf.dir/rtthread/components/finsh/msh.c.obj
                0x0000000000007634                __fsym___cmd_help_desc
                0x000000000000764c                __fsym___cmd_help_name
 *fill*         0x0000000000007657        0x1 
 .rodata.name   0x0000000000007658       0x55 CMakeFiles/CH32V307VCT6_CMake_RT_Thread_2024_11_27.elf.dir/rtthread/components/finsh/msh_cmd.c.obj
                0x0000000000007658                __fsym___cmd_free_desc
                0x000000000000767c                __fsym___cmd_free_name
                0x0000000000007688                __fsym___cmd_ps_desc
                0x00000000000076a4                __fsym___cmd_ps_name
 *fill*         0x00000000000076ad        0x3 
 .rodata.finsh_set_device.str1.4
                0x00000000000076b0       0x20 CMakeFiles/CH32V307VCT6_CMake_RT_Thread_2024_11_27.elf.dir/rtthread/components/finsh/shell.c.obj
 .rodata.finsh_system_init.str1.4
                0x00000000000076d0       0x25 CMakeFiles/CH32V307VCT6_CMake_RT_Thread_2024_11_27.elf.dir/rtthread/components/finsh/shell.c.obj
 *fill*         0x00000000000076f5        0x3 
 .rodata.finsh_thread_entry.str1.4
                0x00000000000076f8       0x14 CMakeFiles/CH32V307VCT6_CMake_RT_Thread_2024_11_27.elf.dir/rtthread/components/finsh/shell.c.obj
                                         0x17 (size before relaxing)
 .rodata.shell_auto_complete.str1.4
                0x000000000000770c        0x2 CMakeFiles/CH32V307VCT6_CMake_RT_Thread_2024_11_27.elf.dir/rtthread/components/finsh/shell.c.obj
 .rodata.shell_handle_history.str1.4
                0x000000000000770c        0xd CMakeFiles/CH32V307VCT6_CMake_RT_Thread_2024_11_27.elf.dir/rtthread/components/finsh/shell.c.obj
 *fill*         0x0000000000007719        0x3 
 .rodata.rt_application_init.str1.4
                0x000000000000771c        0x5 CMakeFiles/CH32V307VCT6_CMake_RT_Thread_2024_11_27.elf.dir/rtthread/src/components.c.obj
 *fill*         0x0000000000007721        0x3 
 .rodata.rt_device_init.str1.4
                0x0000000000007724       0x36 CMakeFiles/CH32V307VCT6_CMake_RT_Thread_2024_11_27.elf.dir/rtthread/src/device.c.obj
 *fill*         0x000000000000775a        0x2 
 .rodata.rt_thread_idle_init.str1.4
                0x000000000000775c        0x6 CMakeFiles/CH32V307VCT6_CMake_RT_Thread_2024_11_27.elf.dir/rtthread/src/idle.c.obj
 *fill*         0x0000000000007762        0x2 
 .rodata.rt_vsnprintf
                0x0000000000007764      0x150 CMakeFiles/CH32V307VCT6_CMake_RT_Thread_2024_11_27.elf.dir/rtthread/src/kservice.c.obj
 .rodata.__lowest_bit_bitmap
                0x00000000000078b4      0x100 CMakeFiles/CH32V307VCT6_CMake_RT_Thread_2024_11_27.elf.dir/rtthread/src/kservice.c.obj
                0x00000000000078b4                __lowest_bit_bitmap
 .rodata.large_digits.2585
                0x00000000000079b4       0x11 CMakeFiles/CH32V307VCT6_CMake_RT_Thread_2024_11_27.elf.dir/rtthread/src/kservice.c.obj
 *fill*         0x00000000000079c5        0x3 
 .rodata.rt_show_version.str1.4
                0x00000000000079c8       0x86 CMakeFiles/CH32V307VCT6_CMake_RT_Thread_2024_11_27.elf.dir/rtthread/src/kservice.c.obj
 *fill*         0x0000000000007a4e        0x2 
 .rodata.rt_vsnprintf.str1.4
                0x0000000000007a50        0x7 CMakeFiles/CH32V307VCT6_CMake_RT_Thread_2024_11_27.elf.dir/rtthread/src/kservice.c.obj
 *fill*         0x0000000000007a57        0x1 
 .rodata.small_digits.2584
                0x0000000000007a58       0x11 CMakeFiles/CH32V307VCT6_CMake_RT_Thread_2024_11_27.elf.dir/rtthread/src/kservice.c.obj
 *fill*         0x0000000000007a69        0x3 
 .rodata.list_mem.str1.4
                0x0000000000007a6c       0x46 CMakeFiles/CH32V307VCT6_CMake_RT_Thread_2024_11_27.elf.dir/rtthread/src/mem.c.obj
 *fill*         0x0000000000007ab2        0x2 
 .rodata.name   0x0000000000007ab4       0x29 CMakeFiles/CH32V307VCT6_CMake_RT_Thread_2024_11_27.elf.dir/rtthread/src/mem.c.obj
                0x0000000000007ab4                __fsym_list_mem_desc
                0x0000000000007ad4                __fsym_list_mem_name
 *fill*         0x0000000000007add        0x3 
 .rodata.rt_free.str1.4
                0x0000000000007ae0       0x4c CMakeFiles/CH32V307VCT6_CMake_RT_Thread_2024_11_27.elf.dir/rtthread/src/mem.c.obj
 .rodata.rt_system_heap_init.str1.4
                0x0000000000007b2c       0x42 CMakeFiles/CH32V307VCT6_CMake_RT_Thread_2024_11_27.elf.dir/rtthread/src/mem.c.obj
 *fill*         0x0000000000007b6e        0x2 
 .rodata.__sf_fake_stderr
                0x0000000000007b70       0x20 e:/app_windows/mounriver_studio/base_file/mounriver_studio/toolchain/risc-v embedded gcc/bin/../lib/gcc/riscv-none-embed/8.2.0/../../../../riscv-none-embed/lib/rv32imafc/ilp32f\libc_nano.a(lib_a-findfp.o)
                0x0000000000007b70                __sf_fake_stderr
 .rodata.__sf_fake_stdin
                0x0000000000007b90       0x20 e:/app_windows/mounriver_studio/base_file/mounriver_studio/toolchain/risc-v embedded gcc/bin/../lib/gcc/riscv-none-embed/8.2.0/../../../../riscv-none-embed/lib/rv32imafc/ilp32f\libc_nano.a(lib_a-findfp.o)
                0x0000000000007b90                __sf_fake_stdin
 .rodata.__sf_fake_stdout
                0x0000000000007bb0       0x20 e:/app_windows/mounriver_studio/base_file/mounriver_studio/toolchain/risc-v embedded gcc/bin/../lib/gcc/riscv-none-embed/8.2.0/../../../../riscv-none-embed/lib/rv32imafc/ilp32f\libc_nano.a(lib_a-findfp.o)
                0x0000000000007bb0                __sf_fake_stdout
 .rodata._vfprintf_r.str1.4
                0x0000000000007bd0       0x13 e:/app_windows/mounriver_studio/base_file/mounriver_studio/toolchain/risc-v embedded gcc/bin/../lib/gcc/riscv-none-embed/8.2.0/../../../../riscv-none-embed/lib/rv32imafc/ilp32f\libc_nano.a(lib_a-nano-vfprintf.o)
 *fill*         0x0000000000007be3        0x1 
 .rodata._printf_i.str1.4
                0x0000000000007be4       0x28 e:/app_windows/mounriver_studio/base_file/mounriver_studio/toolchain/risc-v embedded gcc/bin/../lib/gcc/riscv-none-embed/8.2.0/../../../../riscv-none-embed/lib/rv32imafc/ilp32f\libc_nano.a(lib_a-nano-vfprintf_i.o)
                                         0x25 (size before relaxing)
 *(.gnu.linkonce.t.*)
                0x0000000000007c0c                . = ALIGN (0x4)
                0x0000000000007c0c                __fsymtab_start = .
 *(FSymTab)
 FSymTab        0x0000000000007c0c        0xc CMakeFiles/CH32V307VCT6_CMake_RT_Thread_2024_11_27.elf.dir/App/Drivers/Led/led.c.obj
                0x0000000000007c0c                __fsym___cmd_led
 FSymTab        0x0000000000007c18       0x24 CMakeFiles/CH32V307VCT6_CMake_RT_Thread_2024_11_27.elf.dir/rtthread/components/drivers/misc/pin.c.obj
                0x0000000000007c18                __fsym_pinRead
                0x0000000000007c24                __fsym_pinWrite
                0x0000000000007c30                __fsym_pinMode
 FSymTab        0x0000000000007c3c       0xfc CMakeFiles/CH32V307VCT6_CMake_RT_Thread_2024_11_27.elf.dir/rtthread/components/finsh/cmd.c.obj
                0x0000000000007c3c                __fsym_list
                0x0000000000007c48                __fsym___cmd_list_device
                0x0000000000007c54                __fsym_list_device
                0x0000000000007c60                __fsym___cmd_list_timer
                0x0000000000007c6c                __fsym_list_timer
                0x0000000000007c78                __fsym___cmd_list_msgqueue
                0x0000000000007c84                __fsym_list_msgqueue
                0x0000000000007c90                __fsym___cmd_list_mailbox
                0x0000000000007c9c                __fsym_list_mailbox
                0x0000000000007ca8                __fsym___cmd_list_mutex
                0x0000000000007cb4                __fsym_list_mutex
                0x0000000000007cc0                __fsym___cmd_list_event
                0x0000000000007ccc                __fsym_list_event
                0x0000000000007cd8                __fsym___cmd_list_sem
                0x0000000000007ce4                __fsym_list_sem
                0x0000000000007cf0                __fsym___cmd_list_thread
                0x0000000000007cfc                __fsym_list_thread
                0x0000000000007d08                __fsym___cmd_clear
                0x0000000000007d14                __fsym_clear
                0x0000000000007d20                __fsym___cmd_reboot
                0x0000000000007d2c                __fsym_reboot
 FSymTab        0x0000000000007d38        0xc CMakeFiles/CH32V307VCT6_CMake_RT_Thread_2024_11_27.elf.dir/rtthread/components/finsh/msh.c.obj
                0x0000000000007d38                __fsym___cmd_help
 FSymTab        0x0000000000007d44       0x18 CMakeFiles/CH32V307VCT6_CMake_RT_Thread_2024_11_27.elf.dir/rtthread/components/finsh/msh_cmd.c.obj
                0x0000000000007d44                __fsym___cmd_free
                0x0000000000007d50                __fsym___cmd_ps
 FSymTab        0x0000000000007d5c        0xc CMakeFiles/CH32V307VCT6_CMake_RT_Thread_2024_11_27.elf.dir/rtthread/src/mem.c.obj
                0x0000000000007d5c                __fsym_list_mem
                0x0000000000007d68                __fsymtab_end = .
                0x0000000000007d68                . = ALIGN (0x4)
                0x0000000000007d68                __vsymtab_start = .
 *(VSymTab)
                0x0000000000007d68                __vsymtab_end = .
                0x0000000000007d68                . = ALIGN (0x4)
                0x0000000000007d68                . = ALIGN (0x4)
                0x0000000000007d68                __rt_init_start = .
 *(SORT_BY_NAME(.rti_fn*))
 .rti_fn.0      0x0000000000007d68        0x4 CMakeFiles/CH32V307VCT6_CMake_RT_Thread_2024_11_27.elf.dir/rtthread/src/components.c.obj
                0x0000000000007d68                __rt_init_rti_start
 .rti_fn.0.end  0x0000000000007d6c        0x4 CMakeFiles/CH32V307VCT6_CMake_RT_Thread_2024_11_27.elf.dir/rtthread/src/components.c.obj
                0x0000000000007d6c                __rt_init_rti_board_start
 .rti_fn.1      0x0000000000007d70        0x4 CMakeFiles/CH32V307VCT6_CMake_RT_Thread_2024_11_27.elf.dir/drivers/drv_gpio.c.obj
                0x0000000000007d70                __rt_init_rt_hw_pin_init
 .rti_fn.1      0x0000000000007d74        0x4 CMakeFiles/CH32V307VCT6_CMake_RT_Thread_2024_11_27.elf.dir/drivers/drv_usart.c.obj
                0x0000000000007d74                __rt_init_rt_hw_usart_init
 .rti_fn.1.end  0x0000000000007d78        0x4 CMakeFiles/CH32V307VCT6_CMake_RT_Thread_2024_11_27.elf.dir/rtthread/src/components.c.obj
                0x0000000000007d78                __rt_init_rti_board_end